imxdpuv1.c:153:12:is_chan	0	static
imxdpuv1.c:192:12:is_fetch_eco_chan	0	static
imxdpuv1.c:210:12:is_fetch_decode_chan	0	static
imxdpuv1.c:306:12:imxdpuv1_get_channel_subindex	0	static
imxdpuv1.c:1186:12:imxdpuv1_disp_start_shadow_loads	0	static
imxdpuv1.c:286:12:is_fetch_layer_sub_chan1	0	static
imxdpuv1.c:100:6:_imxdpuv1_write_block.constprop	0	static
imxdpuv1.c:100:6:_imxdpuv1_write_block	0	static
imxdpuv1.c:338:17:imxdpuv1_get_eco	0	static
imxdpuv1.c:360:10:id2blockoffset	0	static
imxdpuv1.c:530:10:id2dynamicoffset	0	static
imxdpuv1.c:639:17:shadowindex2channel	0	static
imxdpuv1.c:719:22:imxdpuv1_get_soc	0	static
imxdpuv1.c:790:5:imxdpuv1_disable_irq	0	static
imxdpuv1.c:835:5:imxdpuv1_clear_all_irqs	0	static
imxdpuv1.c:881:5:imxdpuv1_disable_all_irqs	0	static
imxdpuv1.c:924:5:imxdpuv1_clear_irq	0	static
imxdpuv1.c:738:5:imxdpuv1_enable_irq	16	static
imxdpuv1.c:1304:13:imxdpuv1_handle_registered_irq	48	static
imxdpuv1.c:967:5:imxdpuv1_init_irqs	16	static
imxdpuv1.c:1039:5:imxdpuv1_disp_check_shadow_loads	0	static
imxdpuv1.c:1754:5:imxdpuv1_request_irq	16	static
imxdpuv1.c:1802:5:imxdpuv1_free_irq	16	static
imxdpuv1.c:1829:5:imxdpuv1_uninit_interrupts	16	static
imxdpuv1.c:1882:5:imxdpuv1_init	16	static
imxdpuv1.c:2779:5:imxdpuv1_init_sync_panel	0	static
imxdpuv1.c:2788:5:imxdpuv1_uninit_sync_panel	0	static
imxdpuv1.c:2795:5:imxdpuv1_reset_disp_panel	0	static
imxdpuv1.c:2811:5:imxdpuv1_disp_init	0	static
imxdpuv1.c:2952:5:imxdpuv1_disp_setup_tcon_bypass_mode	0	static
imxdpuv1.c:3060:5:imxdpuv1_disp_setup_frame_gen	16	static
imxdpuv1.c:3237:5:imxdpuv1_disp_update_fgen_status	0	static
imxdpuv1.c:1340:5:imxdpuv1_handle_irq	48	static
imxdpuv1.c:3347:5:imxdpuv1_cap_setup_frame	0	static
imxdpuv1.c:3558:5:imxdpuv1_cap_setup_crop	0	static
imxdpuv1.c:3634:5:imxdpuv1_cap_enable	0	static
imxdpuv1.c:3681:5:imxdpuv1_cap_request_shadow_load	0	static
imxdpuv1.c:3731:5:imxdpuv1_disp_request_shadow_load	0	static
imxdpuv1.c:3773:5:imxdpuv1_disp_force_shadow_load	0	static
imxdpuv1.c:3871:5:imxdpuv1_disp_show_fgen_status	0	static
imxdpuv1.c:3929:5:imxdpuv1_disp_enable_frame_gen	32	static
imxdpuv1.c:3973:5:imxdpuv1_disp_setup_constframe	16	static
imxdpuv1.c:4038:5:imxdpuv1_disp_setup_layer	80	static
imxdpuv1.c:4128:5:imxdpuv1_disp_set_layer_global_alpha	16	static
imxdpuv1.c:4186:5:imxdpuv1_disp_set_layer_position	16	static
imxdpuv1.c:4227:5:imxdpuv1_disp_set_chan_position	64	static
imxdpuv1.c:4315:5:imxdpuv1_disp_set_chan_crop	96	static
imxdpuv1.c:4575:6:imxdpuv1_disp_dump_mode	32	static
imxdpuv1.c:4628:5:imxdpuv1_bytes_per_pixel	0	static
imxdpuv1.c:4670:10:imxdpuv1_get_colorcomponentbits	0	static
imxdpuv1.c:4731:10:imxdpuv1_get_planes	0	static
imxdpuv1.c:4768:10:imxdpuv1_get_colorcomponentshift	0	static
imxdpuv1.c:4846:10:imxdpuv1_has_localalpha	0	static
imxdpuv1.c:4867:5:imxdpuv1_bits_per_pixel	0	static
imxdpuv1.c:4956:6:imxdpuv1_is_rgb	0	static
imxdpuv1.c:5005:5:imxdpuv1_init_channel_buffer	112	static
imxdpuv1.c:5457:9:imxdpuv1_update_channel_buffer	48	static
imxdpuv1.c:5561:5:imxdpuv1_init_channel	160	static
imxdpuv1.c:4457:5:imxdpuv1_disp_setup_channel	128	static
imxdpuv1.c:5852:6:imxdpuv1_dump_fetch_layer	80	static
imxdpuv1.c:5885:6:imxdpuv1_dump_store_layer	0	static
imxdpuv1.c:5911:6:imxdpuv1_dump_layerblend	32	static
imxdpuv1.c:5969:6:imxdpuv1_dump_pixencfg_status	32	static
imxdpuv1.c:6036:5:imxdpuv1_dump_channel	160	static
imxdpuv1.c:6177:6:imxdpuv1_dump_int_stat	64	static
