
Discarded input sections

 .data          0x0000000000000000        0x0 arch/arm/cpu/armv8/start.o
 .bss           0x0000000000000000        0x0 arch/arm/cpu/armv8/start.o
 .text.sdelay   0x0000000000000000        0xc arch/arm/cpu/armv8/built-in.o
 .text.timer_read_counter
                0x0000000000000000        0xc arch/arm/cpu/armv8/built-in.o
 .text.usec2ticks
                0x0000000000000000       0x44 arch/arm/cpu/armv8/built-in.o
 .text.timer_get_boot_us
                0x0000000000000000       0x28 arch/arm/cpu/armv8/built-in.o
 .text.count_required_pts
                0x0000000000000000       0xf8 arch/arm/cpu/armv8/built-in.o
 .text.set_one_region
                0x0000000000000000       0xd8 arch/arm/cpu/armv8/built-in.o
 .text.get_page_table_size
                0x0000000000000000       0x48 arch/arm/cpu/armv8/built-in.o
 .text.arch_get_page_table
                0x0000000000000000       0x20 arch/arm/cpu/armv8/built-in.o
 .text.mmu_set_region_dcache_behaviour
                0x0000000000000000       0xa8 arch/arm/cpu/armv8/built-in.o
 .text.mmu_change_region_attr
                0x0000000000000000       0xe8 arch/arm/cpu/armv8/built-in.o
 .text.enable_caches
                0x0000000000000000       0x14 arch/arm/cpu/armv8/built-in.o
 .text.entry_non_secure
                0x0000000000000000       0x28 arch/arm/cpu/armv8/built-in.o
 .text.switch_to_non_secure_mode
                0x0000000000000000       0x54 arch/arm/cpu/armv8/built-in.o
 .text.__asm_switch_ttbr
                0x0000000000000000       0xe0 arch/arm/cpu/armv8/built-in.o
 .text.armv8_switch_to_el1
                0x0000000000000000       0xd0 arch/arm/cpu/armv8/built-in.o
 .text.psci_system_reset
                0x0000000000000000       0x20 arch/arm/cpu/armv8/built-in.o
 .text.psci_system_off
                0x0000000000000000       0x20 arch/arm/cpu/armv8/built-in.o
 .rodata.arch_get_page_table.str1.1
                0x0000000000000000       0x1e arch/arm/cpu/armv8/built-in.o
 .rodata.mmu_set_region_dcache_behaviour.str1.1
                0x0000000000000000       0x20 arch/arm/cpu/armv8/built-in.o
 .rodata.set_one_region.str1.1
                0x0000000000000000       0x2e arch/arm/cpu/armv8/built-in.o
 .eh_frame      0x0000000000000000      0x53c arch/arm/cpu/armv8/built-in.o
 .data          0x0000000000000000        0x0 arch/arm/cpu/armv8/built-in.o
 .bss           0x0000000000000000        0x0 arch/arm/cpu/armv8/built-in.o
 .text.setjmp   0x0000000000000000       0x28 arch/arm/lib/built-in.o
 .text.longjmp  0x0000000000000000       0x2c arch/arm/lib/built-in.o
 .text.board_quiesce_devices
                0x0000000000000000        0x4 arch/arm/lib/built-in.o
 .text.armv7_boot_nonsec_default
                0x0000000000000000        0x8 arch/arm/lib/built-in.o
 .text.reset_misc
                0x0000000000000000        0x4 arch/arm/lib/built-in.o
 .text.enable_caches
                0x0000000000000000        0xc arch/arm/lib/built-in.o
 .text.invalidate_dcache_range
                0x0000000000000000        0x4 arch/arm/lib/built-in.o
 .text.flush_dcache_range
                0x0000000000000000        0x4 arch/arm/lib/built-in.o
 .text.flush_dcache_all
                0x0000000000000000        0xc arch/arm/lib/built-in.o
 .text.check_cache_range
                0x0000000000000000       0x10 arch/arm/lib/built-in.o
 .text.fdt_psci
                0x0000000000000000        0x8 arch/arm/lib/built-in.o
 .rodata.enable_caches.str1.1
                0x0000000000000000       0x1d arch/arm/lib/built-in.o
 .eh_frame      0x0000000000000000      0x430 arch/arm/lib/built-in.o
 .data          0x0000000000000000        0x0 arch/arm/lib/built-in.o
 .__efi_runtime_rel_start
                0x0000000000000000        0x0 arch/arm/lib/built-in.o
 .__efi_runtime_rel_stop
                0x0000000000000000        0x0 arch/arm/lib/built-in.o
 .__efi_runtime_start
                0x0000000000000000        0x0 arch/arm/lib/built-in.o
 .__efi_runtime_stop
                0x0000000000000000        0x0 arch/arm/lib/built-in.o
 .__end         0x0000000000000000        0x0 arch/arm/lib/built-in.o
 .__secure_end  0x0000000000000000        0x0 arch/arm/lib/built-in.o
 .__secure_stack_end
                0x0000000000000000        0x0 arch/arm/lib/built-in.o
 .__secure_stack_start
                0x0000000000000000        0x0 arch/arm/lib/built-in.o
 .__secure_start
                0x0000000000000000        0x0 arch/arm/lib/built-in.o
 .bss           0x0000000000000000        0x0 arch/arm/lib/built-in.o
 .text.mxs_wait_mask_set
                0x0000000000000000       0x58 arch/arm/mach-imx/built-in.o
 .text.mxs_wait_mask_clr
                0x0000000000000000       0x58 arch/arm/mach-imx/built-in.o
 .text.mxs_reset_block
                0x0000000000000000       0xbc arch/arm/mach-imx/built-in.o
 .text.imx_sec_init
                0x0000000000000000        0x4 arch/arm/mach-imx/built-in.o
 .text.get_imx8_rev
[...]
Memory Configuration

Name             Origin             Length             Attributes
*default*        0x0000000000000000 0xffffffffffffffff

Linker script and memory map

Address of section .text set to 0x80020000
                0x0000000000000000                . = 0x0
                0x0000000000000000                . = ALIGN (0x8)

.text           0x0000000080020000      0x128
 *(.__image_copy_start)
 .__image_copy_start
                0x0000000080020000        0x0 arch/arm/lib/built-in.o
                0x0000000080020000                __image_copy_start
 arch/arm/cpu/armv8/start.o(.text*)
 .text          0x0000000080020000      0x128 arch/arm/cpu/armv8/start.o
                0x0000000080020000                _start
                0x0000000080020008                _TEXT_BASE
                0x0000000080020010                _end_ofs
                0x0000000080020018                _bss_start_ofs
                0x0000000080020020                _bss_end_ofs
                0x000000008002002c                save_boot_params_ret
                0x0000000080020094                apply_core_errata
                0x00000000800200dc                smp_kick_all_cpus
                0x00000000800200e0                c_runtime_cpu_setup

.efi_runtime    0x0000000080020128        0x0
                0x0000000080020128                __efi_runtime_start = .
 *(.text.efi_runtime*)
 *(.rodata.efi_runtime*)
 *(.data.efi_runtime*)
                0x0000000080020128                __efi_runtime_stop = .

.text_rest      0x0000000080020800    0x6c1b8
 *(.text*)
 .text          0x0000000080020800      0x3e8 arch/arm/cpu/armv8/built-in.o
                0x0000000080020800                vectors
                0x0000000080020b90                __arm_smccc_smc
                0x0000000080020bbc                __arm_smccc_hvc
 .text.cleanup_before_linux
                0x0000000080020be8       0x28 arch/arm/cpu/armv8/built-in.o
                0x0000000080020be8                cleanup_before_linux
 .text.get_tbclk
                0x0000000080020c10        0x8 arch/arm/cpu/armv8/built-in.o
                0x0000000080020c10                get_tbclk
 .text.get_ticks
                0x0000000080020c18       0x10 arch/arm/cpu/armv8/built-in.o
                0x0000000080020c18                get_ticks
 .text.create_table
                0x0000000080020c28       0x70 arch/arm/cpu/armv8/built-in.o
 .text.split_block
                0x0000000080020c98       0x90 arch/arm/cpu/armv8/built-in.o
 .text.get_tcr  0x0000000080020d28       0xe4 arch/arm/cpu/armv8/built-in.o
                0x0000000080020d28                get_tcr
 .text.find_pte
                0x0000000080020e0c       0x8c arch/arm/cpu/armv8/built-in.o
 .text.setup_pgtables
                0x0000000080020e98      0x16c arch/arm/cpu/armv8/built-in.o
                0x0000000080020e98                setup_pgtables
 .text.mmu_setup
                0x0000000080021004      0x13c arch/arm/cpu/armv8/built-in.o
                0x0000000080021004                mmu_setup
 .text.invalidate_dcache_all
                0x0000000080021140       0x14 arch/arm/cpu/armv8/built-in.o
                0x0000000080021140                invalidate_dcache_all
 .text.flush_dcache_all
                0x0000000080021154       0x14 arch/arm/cpu/armv8/built-in.o
                0x0000000080021154                flush_dcache_all
 .text.invalidate_dcache_range
                0x0000000080021168        0x4 arch/arm/cpu/armv8/built-in.o
                0x0000000080021168                invalidate_dcache_range
 .text.flush_dcache_range
                0x000000008002116c        0x4 arch/arm/cpu/armv8/built-in.o
                0x000000008002116c                flush_dcache_range
 .text.dcache_enable
                0x0000000080021170      0x110 arch/arm/cpu/armv8/built-in.o
                0x0000000080021170                dcache_enable
 .text.dcache_disable
                0x0000000080021280       0x84 arch/arm/cpu/armv8/built-in.o
                0x0000000080021280                dcache_disable
 .text.dcache_status
                0x0000000080021304       0x34 arch/arm/cpu/armv8/built-in.o
                0x0000000080021304                dcache_status
 .text.icache_disable
                0x0000000080021338       0x64 arch/arm/cpu/armv8/built-in.o
                0x0000000080021338                icache_disable
 .text.icache_status
                0x000000008002139c       0x34 arch/arm/cpu/armv8/built-in.o
                0x000000008002139c                icache_status
 .text.invalidate_icache_all
                0x00000000800213d0       0x14 arch/arm/cpu/armv8/built-in.o
                0x00000000800213d0                invalidate_icache_all
 .text.icache_enable
                0x00000000800213e4       0x74 arch/arm/cpu/armv8/built-in.o
                0x00000000800213e4                icache_enable
 .text.__asm_dcache_level
                0x0000000080021458       0x64 arch/arm/cpu/armv8/built-in.o
                0x0000000080021458                __asm_dcache_level
 .text.__asm_dcache_all
                0x00000000800214bc       0x60 arch/arm/cpu/armv8/built-in.o
                0x00000000800214bc                __asm_dcache_all
 .text.__asm_flush_dcache_all
                0x000000008002151c        0x8 arch/arm/cpu/armv8/built-in.o
                0x000000008002151c                __asm_flush_dcache_all
 .text.__asm_invalidate_dcache_all
                0x0000000080021524        0x8 arch/arm/cpu/armv8/built-in.o
                0x0000000080021524                __asm_invalidate_dcache_all
 .text.__asm_flush_dcache_range
                0x000000008002152c       0x34 arch/arm/cpu/armv8/built-in.o
                0x000000008002152c                __asm_flush_dcache_range
 .text.__asm_invalidate_dcache_range
                0x0000000080021560       0x30 arch/arm/cpu/armv8/built-in.o
                0x0000000080021560                __asm_invalidate_dcache_range
 .text.__asm_invalidate_icache_all
                0x0000000080021590        0xc arch/arm/cpu/armv8/built-in.o
                0x0000000080021590                __asm_invalidate_icache_all
 .text.__asm_invalidate_l3_dcache
                0x000000008002159c        0x8 arch/arm/cpu/armv8/built-in.o
                0x000000008002159c                __asm_invalidate_l3_dcache
 .text.__asm_flush_l3_dcache
                0x00000000800215a4        0x8 arch/arm/cpu/armv8/built-in.o
                0x00000000800215a4                __asm_flush_l3_dcache
 .text.__asm_invalidate_l3_icache
                0x00000000800215ac        0x8 arch/arm/cpu/armv8/built-in.o
                0x00000000800215ac                __asm_invalidate_l3_icache
 .text.__asm_invalidate_tlb_all
                0x00000000800215b4       0x4c arch/arm/cpu/armv8/built-in.o
                0x00000000800215b4                __asm_invalidate_tlb_all
 .text.armv8_switch_to_el2
                0x0000000080021600       0xb8 arch/arm/cpu/armv8/built-in.o
                0x0000000080021600                armv8_switch_to_el2
 .text.armv8_el2_to_aarch32
                0x00000000800216b8        0x4 arch/arm/cpu/armv8/built-in.o
                0x00000000800216b8                armv8_el2_to_aarch32
 .text.smc_call
                0x00000000800216bc       0x44 arch/arm/cpu/armv8/built-in.o
                0x00000000800216bc                smc_call
 .text          0x0000000080021700      0x144 arch/arm/lib/built-in.o
                0x0000000080021700                _main
                0x0000000080021780                relocate_code
 .text.arch_fixup_fdt
                0x0000000080021844       0x4c arch/arm/lib/built-in.o
                0x0000000080021844                arch_fixup_fdt
 .text.arch_lmb_reserve
                0x0000000080021890       0x84 arch/arm/lib/built-in.o
                0x0000000080021890                arch_lmb_reserve
 .text.setup_board_tags
                0x0000000080021914        0x4 arch/arm/lib/built-in.o
                0x0000000080021914                setup_board_tags
 .text.boot_prep_linux
                0x0000000080021918       0xf8 arch/arm/lib/built-in.o
 .text.update_os_arch_secondary_cores
                0x0000000080021a10        0x4 arch/arm/lib/built-in.o
                0x0000000080021a10                update_os_arch_secondary_cores
 .text.boot_jump_linux
                0x0000000080021a14       0xb8 arch/arm/lib/built-in.o
 .text.do_bootm_linux
                0x0000000080021acc       0x7c arch/arm/lib/built-in.o
                0x0000000080021acc                do_bootm_linux
 .text.boot_prep_vxworks
                0x0000000080021b48       0x54 arch/arm/lib/built-in.o
                0x0000000080021b48                boot_prep_vxworks
 .text.boot_jump_vxworks
                0x0000000080021b9c        0xc arch/arm/lib/built-in.o
                0x0000000080021b9c                boot_jump_vxworks
 .text.booti_setup
                0x0000000080021ba8       0xb8 arch/arm/lib/built-in.o
                0x0000000080021ba8                booti_setup
 .text.arch_reserve_stacks
                0x0000000080021c60       0x10 arch/arm/lib/built-in.o
                0x0000000080021c60                arch_reserve_stacks
 .text.interrupt_init
                0x0000000080021c70        0x8 arch/arm/lib/built-in.o
                0x0000000080021c70                interrupt_init
 .text.enable_interrupts
                0x0000000080021c78        0x4 arch/arm/lib/built-in.o
                0x0000000080021c78                enable_interrupts
 .text.disable_interrupts
                0x0000000080021c7c        0x8 arch/arm/lib/built-in.o
                0x0000000080021c7c                disable_interrupts
 .text.show_regs
                0x0000000080021c84       0x9c arch/arm/lib/built-in.o
                0x0000000080021c84                show_regs
 .text.do_bad_sync
                0x0000000080021d20       0x30 arch/arm/lib/built-in.o
                0x0000000080021d20                do_bad_sync
 .text.do_bad_irq
                0x0000000080021d50       0x30 arch/arm/lib/built-in.o
                0x0000000080021d50                do_bad_irq
 .text.do_bad_fiq
                0x0000000080021d80       0x30 arch/arm/lib/built-in.o
                0x0000000080021d80                do_bad_fiq
 .text.do_bad_error
                0x0000000080021db0       0x30 arch/arm/lib/built-in.o
                0x0000000080021db0                do_bad_error
 .text.do_sync  0x0000000080021de0       0x30 arch/arm/lib/built-in.o
                0x0000000080021de0                do_sync
 .text.do_irq   0x0000000080021e10       0x30 arch/arm/lib/built-in.o
                0x0000000080021e10                do_irq
 .text.do_fiq   0x0000000080021e40       0x30 arch/arm/lib/built-in.o
                0x0000000080021e40                do_fiq
 .text.do_error
                0x0000000080021e70       0x30 arch/arm/lib/built-in.o
                0x0000000080021e70                do_error
 .text.do_reset
                0x0000000080021ea0       0x38 arch/arm/lib/built-in.o
                0x0000000080021ea0                do_reset
 .text.flush_cache
                0x0000000080021ed8        0x8 arch/arm/lib/built-in.o
                0x0000000080021ed8                flush_cache
 *fill*         0x0000000080021ee0       0x20 
 .text          0x0000000080021f00      0x150 arch/arm/mach-imx/built-in.o
                0x0000000080021f00                lowlevel_init
                0x0000000080022000                rom_pointer
                0x0000000080022020                save_boot_params
                0x0000000080022034                restore_boot_params
 .text.board_lmb_reserve
                0x0000000080022050       0x6c arch/arm/mach-imx/built-in.o
                0x0000000080022050                board_lmb_reserve
 .text.do_bootaux
                0x00000000800220bc       0xa8 arch/arm/mach-imx/built-in.o
 .text.board_imx_vservice_get_buffer
                0x0000000080022164       0x80 arch/arm/mach-imx/built-in.o
                0x0000000080022174                board_imx_vservice_get_buffer
 .text.imx_vservice_get_buffer
                0x00000000800221e4        0x4 arch/arm/mach-imx/built-in.o
                0x00000000800221e4                imx_vservice_get_buffer
 .text.imx_vservice_blocking_request
                0x00000000800221e8       0xd4 arch/arm/mach-imx/built-in.o
                0x00000000800221e8                imx_vservice_blocking_request
 .text.board_imx_vservice_find_mu
                0x00000000800222bc      0x1e0 arch/arm/mach-imx/built-in.o
                0x000000008002232c                board_imx_vservice_find_mu
 .text.imx_vservice_setup
                0x000000008002249c      0x188 arch/arm/mach-imx/built-in.o
                0x000000008002249c                imx_vservice_setup
 .text.call_imx_sip
                0x0000000080022624       0x28 arch/arm/mach-imx/built-in.o
                0x0000000080022624                call_imx_sip
 .text.call_imx_sip_ret2
                0x000000008002264c       0x40 arch/arm/mach-imx/built-in.o
                0x000000008002264c                call_imx_sip_ret2
 .text.fdt_edma_update_int_array
                0x000000008002268c       0x84 arch/arm/mach-imx/built-in.o
 .text.dram_bank_sort
                0x0000000080022710       0xb4 arch/arm/mach-imx/built-in.o
 .text.fdt_edma_swap_int_array
                0x00000000800227c4       0x24 arch/arm/mach-imx/built-in.o
 .text.check_owned_resource
                0x00000000800227e8       0x24 arch/arm/mach-imx/built-in.o
 .text.disable_fdt_node
                0x000000008002280c       0x74 arch/arm/mach-imx/built-in.o
 .text.get_owned_memreg
                0x0000000080022880       0xa8 arch/arm/mach-imx/built-in.o
 .text.cpu_imx_is_current
                0x0000000080022928       0x24 arch/arm/mach-imx/built-in.o
 .text.cpu_imx_get_info
                0x000000008002294c       0x3c arch/arm/mach-imx/built-in.o
 .text.cpu_imx_get_vendor
                0x0000000080022988       0x28 arch/arm/mach-imx/built-in.o
 .text.cpu_imx_get_desc
                0x00000000800229b0      0x108 arch/arm/mach-imx/built-in.o
                0x00000000800229b0                cpu_imx_get_desc
 .text.get_pass_over_info
                0x0000000080022ab8       0x20 arch/arm/mach-imx/built-in.o
                0x0000000080022ab8                get_pass_over_info
 .text.arch_cpu_init
                0x0000000080022ad8        0x8 arch/arm/mach-imx/built-in.o
                0x0000000080022ad8                arch_cpu_init
 .text.arch_auxiliary_core_up
                0x0000000080022ae0      0x288 arch/arm/mach-imx/built-in.o
                0x0000000080022ae0                arch_auxiliary_core_up
 .text.arch_auxiliary_core_check_up
                0x0000000080022d68       0x50 arch/arm/mach-imx/built-in.o
                0x0000000080022d68                arch_auxiliary_core_check_up
 .text.arch_preboot_os
                0x0000000080022db8        0x4 arch/arm/mach-imx/built-in.o
                0x0000000080022db8                arch_preboot_os
 .text.arch_misc_init
                0x0000000080022dbc      0x140 arch/arm/mach-imx/built-in.o
                0x0000000080022dbc                arch_misc_init
 .text.get_boot_device
                0x0000000080022efc       0xb4 arch/arm/mach-imx/built-in.o
                0x0000000080022efc                get_boot_device
 .text.print_bootinfo
                0x0000000080022fb0       0xe0 arch/arm/mach-imx/built-in.o
                0x0000000080022fb0                print_bootinfo
 .text.is_usb_boot
                0x0000000080023090       0x1c arch/arm/mach-imx/built-in.o
                0x0000000080023090                is_usb_boot
 .text.get_board_serial
                0x00000000800230ac       0x8c arch/arm/mach-imx/built-in.o
                0x00000000800230ac                get_board_serial
 .text.board_mmc_get_env_dev
                0x0000000080023138        0x4 arch/arm/mach-imx/built-in.o
                0x0000000080023138                board_mmc_get_env_dev
 .text.mmc_get_env_dev
                0x000000008002313c       0x5c arch/arm/mach-imx/built-in.o
                0x000000008002313c                mmc_get_env_dev
 .text.get_effective_memsize
                0x0000000080023198       0xa0 arch/arm/mach-imx/built-in.o
                0x0000000080023198                get_effective_memsize
 .text.dram_init
                0x0000000080023238      0x100 arch/arm/mach-imx/built-in.o
                0x0000000080023238                dram_init
 .text.dram_init_banksize
                0x0000000080023338      0x174 arch/arm/mach-imx/built-in.o
                0x0000000080023338                dram_init_banksize
 .text.enable_caches
                0x00000000800234ac      0x174 arch/arm/mach-imx/built-in.o
                0x00000000800234ac                enable_caches
 .text.get_page_table_size
                0x0000000080023620        0xc arch/arm/mach-imx/built-in.o
                0x0000000080023620                get_page_table_size
 .text.imx_get_mac_from_fuse
                0x000000008002362c       0xc0 arch/arm/mach-imx/built-in.o
                0x000000008002362c                imx_get_mac_from_fuse
 .text.get_cpu_rev
                0x00000000800236ec       0x48 arch/arm/mach-imx/built-in.o
                0x00000000800236ec                get_cpu_rev
 .text.arch_cpu_init_dm
                0x0000000080023734       0x84 arch/arm/mach-imx/built-in.o
                0x0000000080023734                arch_cpu_init_dm
 .text.update_fdt_edma_nodes
                0x00000000800237b8      0x3fc arch/arm/mach-imx/built-in.o
 .text.ft_system_setup
                0x0000000080023bb4      0x494 arch/arm/mach-imx/built-in.o
                0x0000000080023bb4                ft_system_setup
 .text.cpu_imx_get_count
                0x0000000080024048       0x28 arch/arm/mach-imx/built-in.o
 .text.disconnect_from_pc
                0x0000000080024070       0x7c arch/arm/mach-imx/built-in.o
                0x0000000080024070                disconnect_from_pc
 .text.get_imx8_type
                0x00000000800240ec       0x44 arch/arm/mach-imx/built-in.o
                0x00000000800240ec                get_imx8_type
 .text.get_core_name
                0x0000000080024130       0x94 arch/arm/mach-imx/built-in.o
                0x0000000080024130                get_core_name
 .text.imx8_cpu_probe
                0x00000000800241c4       0xe4 arch/arm/mach-imx/built-in.o
 .text.power_off_pd_devices
                0x00000000800242a8       0x84 arch/arm/mach-imx/built-in.o
                0x00000000800242a8                power_off_pd_devices
 .text.check_owned_udevice
                0x000000008002432c       0x98 arch/arm/mach-imx/built-in.o
                0x000000008002432c                check_owned_udevice
 .text.check_m4_parts_boot
                0x00000000800243c4       0xa8 arch/arm/mach-imx/built-in.o
                0x00000000800243c4                check_m4_parts_boot
 .text.board_imx_virt_i2c_bind
                0x000000008002446c       0x20 arch/arm/mach-imx/built-in.o
                0x000000008002446c                board_imx_virt_i2c_bind
 .text.board_imx_lpi2c_bind
                0x000000008002448c       0x20 arch/arm/mach-imx/built-in.o
                0x000000008002448c                board_imx_lpi2c_bind
 .text.board_usb_gadget_port_auto
                0x00000000800244ac       0xe0 arch/arm/mach-imx/built-in.o
                0x00000000800244ac                board_usb_gadget_port_auto
 .text.imx8_iomux_setup_pad
                0x000000008002458c       0x54 arch/arm/mach-imx/built-in.o
                0x000000008002458c                imx8_iomux_setup_pad
 .text.imx8_iomux_setup_multiple_pads
                0x00000000800245e0       0x44 arch/arm/mach-imx/built-in.o
                0x00000000800245e0                imx8_iomux_setup_multiple_pads
 .text.fuse_sense
                0x0000000080024624       0x5c arch/arm/mach-imx/built-in.o
                0x0000000080024624                fuse_sense
 .text.fuse_read
                0x0000000080024680        0x4 arch/arm/mach-imx/built-in.o
                0x0000000080024680                fuse_read
 .text.fuse_prog
                0x0000000080024684       0xac arch/arm/mach-imx/built-in.o
                0x0000000080024684                fuse_prog
 .text.fuse_override
                0x0000000080024730       0x20 arch/arm/mach-imx/built-in.o
                0x0000000080024730                fuse_override
 .text.lpcg_clock_off
                0x0000000080024750       0x54 arch/arm/mach-imx/built-in.o
                0x0000000080024750                lpcg_clock_off
 .text.lpcg_clock_on
                0x00000000800247a4       0x60 arch/arm/mach-imx/built-in.o
                0x00000000800247a4                lpcg_clock_on
 .text.lpcg_is_clock_on
                0x0000000080024804       0x28 arch/arm/mach-imx/built-in.o
                0x0000000080024804                lpcg_is_clock_on
 .text.lpcg_all_clock_on
                0x000000008002482c       0x50 arch/arm/mach-imx/built-in.o
                0x000000008002482c                lpcg_all_clock_on
 .text.enable_usboh3_clk
                0x000000008002487c        0x8 arch/arm/mach-imx/built-in.o
                0x000000008002487c                enable_usboh3_clk
 .text.init_clk_usb3
                0x0000000080024884       0xb0 arch/arm/mach-imx/built-in.o
                0x0000000080024884                init_clk_usb3
 .text.partition_alloc
                0x0000000080024934      0x144 arch/arm/mach-imx/built-in.o
 .text.do_scu_rm
                0x0000000080024a78      0x6ac arch/arm/mach-imx/built-in.o
 .text.mmc_map_to_kernel_blk
                0x0000000080025124        0x4 board/freescale/common/built-in.o
                0x0000000080025124                mmc_map_to_kernel_blk
 .text.board_late_mmc_env_init
                0x0000000080025128       0x9c board/freescale/common/built-in.o
                0x0000000080025128                board_late_mmc_env_init
 .text.tcpc_log
                0x00000000800251c4       0x80 board/freescale/common/built-in.o
 .text.tcpc_set_cc_to_source
                0x0000000080025244       0x6c board/freescale/common/built-in.o
                0x0000000080025244                tcpc_set_cc_to_source
 .text.tcpc_set_cc_to_sink
                0x00000000800252b0       0x6c board/freescale/common/built-in.o
                0x00000000800252b0                tcpc_set_cc_to_sink
 .text.tcpc_set_plug_orientation
                0x000000008002531c       0xac board/freescale/common/built-in.o
                0x000000008002531c                tcpc_set_plug_orientation
 .text.tcpc_get_cc_status
                0x00000000800253c8      0x238 board/freescale/common/built-in.o
                0x00000000800253c8                tcpc_get_cc_status
 .text.tcpc_clear_alert
                0x0000000080025600       0x64 board/freescale/common/built-in.o
                0x0000000080025600                tcpc_clear_alert
 .text.tcpc_send_command
                0x0000000080025664       0x64 board/freescale/common/built-in.o
                0x0000000080025664                tcpc_send_command
 .text.tcpc_polling_reg
                0x00000000800256c8       0xb0 board/freescale/common/built-in.o
                0x00000000800256c8                tcpc_polling_reg
 .text.tcpc_print_log
                0x0000000080025778       0x48 board/freescale/common/built-in.o
                0x0000000080025778                tcpc_print_log
 .text.tcpc_disable_src_vbus
                0x00000000800257c0       0x40 board/freescale/common/built-in.o
                0x00000000800257c0                tcpc_disable_src_vbus
 .text.tcpc_disable_sink_vbus
                0x0000000080025800       0x40 board/freescale/common/built-in.o
                0x0000000080025800                tcpc_disable_sink_vbus
 .text.tcpc_pd_sink_check_charging
                0x0000000080025840       0x7c board/freescale/common/built-in.o
                0x0000000080025840                tcpc_pd_sink_check_charging
 .text.tcpc_setup_dfp_mode
                0x00000000800258bc      0x144 board/freescale/common/built-in.o
                0x00000000800258bc                tcpc_setup_dfp_mode
 .text.tcpc_setup_ufp_mode
                0x0000000080025a00      0x128 board/freescale/common/built-in.o
                0x0000000080025a00                tcpc_setup_ufp_mode
 .text.tcpc_init
                0x0000000080025b28      0xa40 board/freescale/common/built-in.o
                0x0000000080025b28                tcpc_init
 .text.ss_mux_select
                0x0000000080026568       0x18 board/freescale/imx8qxp_mek/built-in.o
                0x0000000080026568                ss_mux_select
 .text.board_early_init_f
                0x0000000080026580       0x94 board/freescale/imx8qxp_mek/built-in.o
                0x0000000080026580                board_early_init_f
 .text.board_phy_config
                0x0000000080026614       0xdc board/freescale/imx8qxp_mek/built-in.o
                0x0000000080026614                board_phy_config
 .text.checkboard
                0x00000000800266f0       0x24 board/freescale/imx8qxp_mek/built-in.o
                0x00000000800266f0                checkboard
 .text.board_usb_init
                0x0000000080026714       0x64 board/freescale/imx8qxp_mek/built-in.o
                0x0000000080026714                board_usb_init
 .text.board_usb_cleanup
                0x0000000080026778       0x20 board/freescale/imx8qxp_mek/built-in.o
                0x0000000080026778                board_usb_cleanup
 .text.board_init
                0x0000000080026798      0x11c board/freescale/imx8qxp_mek/built-in.o
                0x0000000080026798                board_init
 .text.board_quiesce_devices
                0x00000000800268b4       0x40 board/freescale/imx8qxp_mek/built-in.o
                0x00000000800268b4                board_quiesce_devices
 .text.reset_cpu
                0x00000000800268f4        0x4 board/freescale/imx8qxp_mek/built-in.o
                0x00000000800268f4                reset_cpu
 .text.ft_board_setup
                0x00000000800268f8        0x8 board/freescale/imx8qxp_mek/built-in.o
                0x00000000800268f8                ft_board_setup
 .text.board_late_init
                0x0000000080026900       0xb8 board/freescale/imx8qxp_mek/built-in.o
                0x0000000080026900                board_late_init
 .text.do_go_exec
                0x00000000800269b8       0x10 cmd/built-in.o
                0x00000000800269b8                do_go_exec
 .text.do_go    0x00000000800269c8       0x88 cmd/built-in.o
 .text.do_bootm
                0x0000000080026a50      0x104 cmd/built-in.o
                0x0000000080026a50                do_bootm
 .text.do_bootd
                0x0000000080026b54       0x2c cmd/built-in.o
                0x0000000080026b54                do_bootd
 .text.image_info
                0x0000000080026b80      0x148 cmd/built-in.o
 .text.do_iminfo
                0x0000000080026cc8       0x7c cmd/built-in.o
 .text.bootm_maybe_autostart
                0x0000000080026d44       0x74 cmd/built-in.o
                0x0000000080026d44                bootm_maybe_autostart
 .text.do_help  0x0000000080026db8       0x44 cmd/built-in.o
 .text.do_version
                0x0000000080026dfc       0x40 cmd/built-in.o
 .text.blk_common_cmd
                0x0000000080026e3c      0x32c cmd/built-in.o
                0x0000000080026e3c                blk_common_cmd
 .text.source   0x0000000080027168      0x204 cmd/built-in.o
                0x0000000080027168                source
 .text.do_source
                0x000000008002736c       0x78 cmd/built-in.o
 .text.print_num
                0x00000000800273e4       0x18 cmd/built-in.o
 .text.do_bdinfo
                0x00000000800273fc      0x134 cmd/built-in.o
 .text.do_blkcache
                0x0000000080027530       0x80 cmd/built-in.o
 .text.blkc_configure
                0x00000000800275b0       0x78 cmd/built-in.o
 .text.blkc_show
                0x0000000080027628       0x34 cmd/built-in.o
 .text.do_booti
                0x000000008002765c      0x110 cmd/built-in.o
                0x000000008002765c                do_booti
 .text.parse_argv
                0x000000008002776c       0x68 cmd/built-in.o
 .text.do_icache
                0x00000000800277d4       0x98 cmd/built-in.o
 .text.do_dcache
                0x000000008002786c       0x98 cmd/built-in.o
 .text.do_clk   0x0000000080027904       0x80 cmd/built-in.o
 .text.do_clk_dump
                0x0000000080027984       0x2c cmd/built-in.o
 .text.do_coninfo
                0x00000000800279b0       0xdc cmd/built-in.o
 .text.do_cpu   0x0000000080027a8c       0x74 cmd/built-in.o
 .text.print_cpu_list
                0x0000000080027b00      0x1a0 cmd/built-in.o
 .text.do_cpu_detail
                0x0000000080027ca0       0x20 cmd/built-in.o
 .text.do_cpu_list
                0x0000000080027cc0       0x20 cmd/built-in.o
 .text.do_dm_dump_devres
                0x0000000080027ce0        0x8 cmd/built-in.o
 .text.do_dm    0x0000000080027ce8       0x94 cmd/built-in.o
 .text.do_dm_dump_uclass
                0x0000000080027d7c       0x18 cmd/built-in.o
 .text.do_dm_dump_all
                0x0000000080027d94       0x18 cmd/built-in.o
 .text.do_echo  0x0000000080027dac       0xd4 cmd/built-in.o
 .text.load_elf_image_phdr
                0x0000000080027e80      0x130 cmd/built-in.o
 .text.valid_elf_image
                0x0000000080027fb0       0x58 cmd/built-in.o
                0x0000000080027fb0                valid_elf_image
 .text.do_bootelf
                0x0000000080028008      0x290 cmd/built-in.o
                0x0000000080028008                do_bootelf
 .text.do_bootvx
                0x0000000080028298      0x334 cmd/built-in.o
                0x0000000080028298                do_bootvx
 .text.do_exit  0x00000000800285cc       0x40 cmd/built-in.o
 .text.do_fat_size
                0x000000008002860c        0x8 cmd/built-in.o
                0x000000008002860c                do_fat_size
 .text.do_fat_fsload
                0x0000000080028614        0x8 cmd/built-in.o
                0x0000000080028614                do_fat_fsload
 .text.do_fat_ls
                0x000000008002861c        0x8 cmd/built-in.o
 .text.do_fat_fsinfo
                0x0000000080028624       0x94 cmd/built-in.o
 .text.do_fat_fswrite
                0x00000000800286b8      0x148 cmd/built-in.o
 .text.do_fat_rm
                0x0000000080028800        0x8 cmd/built-in.o
 .text.do_fat_mkdir
                0x0000000080028808        0x8 cmd/built-in.o
 .text.fdt_valid
                0x0000000080028810       0xcc cmd/built-in.o
 .text.is_printable_string
                0x00000000800288dc       0x80 cmd/built-in.o
 .text.print_data
                0x000000008002895c      0x1bc cmd/built-in.o
 .text.set_working_fdt_addr
                0x0000000080028b18       0x18 cmd/built-in.o
                0x0000000080028b18                set_working_fdt_addr
 .text.do_fdt   0x0000000080028b30      0xff8 cmd/built-in.o
 .text.do_flinfo
                0x0000000080029b28        0x8 cmd/built-in.o
 .text.do_protect
                0x0000000080029b30        0xc cmd/built-in.o
 .text.do_flerase
                0x0000000080029b3c        0x8 cmd/built-in.o
 .text.strtou32
                0x0000000080029b44       0x54 cmd/built-in.o
 .text.do_fuse  0x0000000080029b98      0x364 cmd/built-in.o
 .text.gpio_get_description
                0x0000000080029efc       0xd8 cmd/built-in.o
 .text.do_gpio  0x0000000080029fd4      0x358 cmd/built-in.o
 .text.do_i2c   0x000000008002a32c       0x80 cmd/built-in.o
 .text.i2c_get_cur_bus
                0x000000008002a3ac       0x38 cmd/built-in.o
 .text.do_i2c_bus_speed
                0x000000008002a3e4       0xb0 cmd/built-in.o
 .text.do_i2c_reset
                0x000000008002a494       0x38 cmd/built-in.o
 .text.i2c_get_cur_bus_chip
                0x000000008002a4cc       0x40 cmd/built-in.o
 .text.do_i2c_probe
                0x000000008002a50c       0xcc cmd/built-in.o
 .text.do_i2c_bus_num
                0x000000008002a5d8       0xb4 cmd/built-in.o
 .text.show_bus
                0x000000008002a68c       0x98 cmd/built-in.o
 .text.do_i2c_olen
                0x000000008002a724       0xb8 cmd/built-in.o
 .text.do_i2c_flags
                0x000000008002a7dc       0xcc cmd/built-in.o
 .text.do_i2c_show_bus
                0x000000008002a8a8       0xc0 cmd/built-in.o
 .text.get_alen.constprop.11
                0x000000008002a968       0x38 cmd/built-in.o
 .text.do_i2c_crc
                0x000000008002a9a0      0x17c cmd/built-in.o
 .text.mod_i2c_mem.isra.6.part.7
                0x000000008002ab1c      0x23c cmd/built-in.o
 .text.do_i2c_nm
                0x000000008002ad58       0x1c cmd/built-in.o
 .text.do_i2c_md
                0x000000008002ad74      0x234 cmd/built-in.o
 .text.do_i2c_read
                0x000000008002afa8      0x104 cmd/built-in.o
 .text.do_i2c_mw
                0x000000008002b0ac      0x144 cmd/built-in.o
 .text.do_i2c_write
                0x000000008002b1f0      0x1cc cmd/built-in.o
 .text.do_i2c_loop
                0x000000008002b3bc      0x14c cmd/built-in.o
 .text.do_i2c_mm
                0x000000008002b508       0x1c cmd/built-in.o
 .text.evalexp  0x000000008002b524       0x94 cmd/built-in.o
 .text.evalstr  0x000000008002b5b8       0x5c cmd/built-in.o
 .text.binary_test
                0x000000008002b614      0x198 cmd/built-in.o
 .text.do_itest
                0x000000008002b7ac       0x90 cmd/built-in.o
 .text.bin_data_init
                0x000000008002b83c       0x1c cmd/built-in.o
 .text.k_data_save
                0x000000008002b858       0x34 cmd/built-in.o
 .text.k_data_restore
                0x000000008002b88c       0x34 cmd/built-in.o
 .text.getcxmodem
                0x000000008002b8c0       0x24 cmd/built-in.o
 .text.load_serial_ymodem
                0x000000008002b8e4       0xf0 cmd/built-in.o
 .text.bin_data_char
                0x000000008002b9d4       0x28 cmd/built-in.o
 .text.chk1.constprop.1
                0x000000008002b9fc       0x34 cmd/built-in.o
 .text.s1_sendpacket.constprop.2
                0x000000008002ba30       0x5c cmd/built-in.o
 .text.load_serial
                0x000000008002ba8c      0x1dc cmd/built-in.o
 .text.do_load_serial
                0x000000008002bc68       0xe0 cmd/built-in.o
 .text.do_load_serial_bin
                0x000000008002bd48      0x79c cmd/built-in.o
 .text.do_mem_md
                0x000000008002c4e4       0xf8 cmd/built-in.o
 .text.do_mem_base
                0x000000008002c5dc       0x4c cmd/built-in.o
 .text.do_mem_mtest
                0x000000008002c628      0x230 cmd/built-in.o
 .text.do_mem_loop
                0x000000008002c858      0x128 cmd/built-in.o
 .text.do_mem_cmp
                0x000000008002c980      0x1a8 cmd/built-in.o
 .text.mod_mem.isra.2.part.3
                0x000000008002cb28      0x1b8 cmd/built-in.o
 .text.do_mem_mm
                0x000000008002cce0       0x1c cmd/built-in.o
 .text.do_mem_mw
                0x000000008002ccfc      0x108 cmd/built-in.o
 .text.do_mem_cp
                0x000000008002ce04       0xc0 cmd/built-in.o
 .text.do_mem_nm
                0x000000008002cec4       0x1c cmd/built-in.o
 .text.extract_range
                0x000000008002cee0       0xf8 cmd/built-in.o
 .text.do_mii   0x000000008002cfd8      0x8f4 cmd/built-in.o
 .text.do_mdio  0x000000008002d8cc      0x4a0 cmd/built-in.o
 .text.do_sleep
                0x000000008002dd6c       0xe8 cmd/built-in.o
 .text.do_mmcops
                0x000000008002de54       0xe4 cmd/built-in.o
 .text.init_mmc_device
                0x000000008002df38       0x84 cmd/built-in.o
 .text.do_mmc_rst_func
                0x000000008002dfbc       0xa8 cmd/built-in.o
 .text.do_mmc_rescan
                0x000000008002e064       0x28 cmd/built-in.o
 .text.do_mmc_partconf
                0x000000008002e08c      0x110 cmd/built-in.o
 .text.do_mmc_bootbus
                0x000000008002e19c       0xc8 cmd/built-in.o
 .text.do_mmc_hwpartition
                0x000000008002e264      0x4ec cmd/built-in.o
 .text.do_mmc_list
                0x000000008002e750       0x1c cmd/built-in.o
 .text.do_mmc_dev
                0x000000008002e76c      0x14c cmd/built-in.o
 .text.do_mmcinfo
                0x000000008002e8b8      0x3b4 cmd/built-in.o
 .text.do_mmc_setdsr
                0x000000008002ec6c       0xbc cmd/built-in.o
 .text.do_mmc_boot_resize
                0x000000008002ed28       0xe0 cmd/built-in.o
 .text.do_mmc_part
                0x000000008002ee08       0x64 cmd/built-in.o
 .text.do_mmc_erase
                0x000000008002ee6c      0x104 cmd/built-in.o
 .text.do_mmc_write
                0x000000008002ef70      0x124 cmd/built-in.o
 .text.do_mmc_read
                0x000000008002f094       0xfc cmd/built-in.o
 .text.netboot_common
                0x000000008002f190      0x2bc cmd/built-in.o
 .text.do_bootp
                0x000000008002f44c        0xc cmd/built-in.o
 .text.do_dhcp  0x000000008002f458        0xc cmd/built-in.o
 .text.do_nfs   0x000000008002f464        0xc cmd/built-in.o
 .text.do_tftpb
                0x000000008002f470       0x58 cmd/built-in.o
                0x000000008002f470                do_tftpb
 .text.do_ping  0x000000008002f4c8       0x7c cmd/built-in.o
 .text.pci_cfg_modify.isra.0
                0x000000008002f544      0x134 cmd/built-in.o
 .text.pci_show_regs
                0x000000008002f678       0xb0 cmd/built-in.o
 .text.pci_bar_show
                0x000000008002f728      0x1dc cmd/built-in.o
                0x000000008002f728                pci_bar_show
 .text.pci_header_show
                0x000000008002f904       0xd4 cmd/built-in.o
                0x000000008002f904                pci_header_show
 .text.pciinfo_header
                0x000000008002f9d8       0x50 cmd/built-in.o
                0x000000008002f9d8                pciinfo_header
 .text.do_pci   0x000000008002fa28      0x5f0 cmd/built-in.o
 .text.do_pinmux
                0x0000000080030018       0x7c cmd/built-in.o
 .text.do_list  0x0000000080030094       0xa0 cmd/built-in.o
 .text.show_pinmux
                0x0000000080030134       0xec cmd/built-in.o
 .text.do_status
                0x0000000080030220       0xfc cmd/built-in.o
 .text.do_dev   0x000000008003031c       0x90 cmd/built-in.o
 .text.do_raw_read
                0x00000000800303ac      0x18c cmd/built-in.o
                0x00000000800303ac                do_raw_read
 .text.bytes_per_second
                0x0000000080030538       0x4c cmd/built-in.o
 .text.do_spi_flash
                0x0000000080030584      0x7c8 cmd/built-in.o
 .text.substitute
                0x0000000080030d4c      0x118 cmd/built-in.o
 .text.get_arg  0x0000000080030e64       0x68 cmd/built-in.o
 .text.regex_sub.part.1
                0x0000000080030ecc      0x2c4 cmd/built-in.o
 .text.do_setexpr
                0x0000000080031190      0x1a8 cmd/built-in.o
 .text.do_false
                0x0000000080031338        0x8 cmd/built-in.o
 .text.do_true  0x0000000080031340        0x8 cmd/built-in.o
 .text.do_test  0x0000000080031348      0x35c cmd/built-in.o
 .text.do_unzip
                0x00000000800316a4       0xbc cmd/built-in.o
 .text.do_gzwrite
                0x0000000080031760      0x118 cmd/built-in.o
 .text.do_lzmadec
                0x0000000080031878       0xbc cmd/built-in.o
 .text.usb_get_class_desc
                0x0000000080031934       0xc0 cmd/built-in.o
 .text.usb_display_class_sub
                0x00000000800319f4      0x18c cmd/built-in.o
 .text.usb_display_desc
                0x0000000080031b80      0x144 cmd/built-in.o
 .text.usb_show_tree_graph
                0x0000000080031cc4      0x234 cmd/built-in.o
 .text.usb_show_subtree
                0x0000000080031ef8       0x38 cmd/built-in.o
 .text.usb_for_each_root_dev
                0x0000000080031f30       0x68 cmd/built-in.o
 .text.usb_display_string
                0x0000000080031f98       0x4c cmd/built-in.o
 .text.usb_display_config
                0x0000000080031fe4      0x254 cmd/built-in.o
 .text.usb_show_info
                0x0000000080032238       0x78 cmd/built-in.o
 .text.usb_find_device
                0x00000000800322b0       0xb0 cmd/built-in.o
 .text.do_usbboot
                0x0000000080032360        0xc cmd/built-in.o
 .text.do_usb_start
                0x000000008003236c       0x30 cmd/built-in.o
 .text.usb_show_tree
                0x000000008003239c        0xc cmd/built-in.o
                0x000000008003239c                usb_show_tree
 .text.do_usb   0x00000000800323a8      0x404 cmd/built-in.o
 .text.common_diskboot
                0x00000000800327ac      0x2a4 cmd/built-in.o
                0x00000000800327ac                common_diskboot
 .text.do_fastboot
                0x0000000080032a50      0x204 cmd/built-in.o
 .text.ums_fini
                0x0000000080032c54       0x70 cmd/built-in.o
 .text.ums_write_sector
                0x0000000080032cc4       0x20 cmd/built-in.o
 .text.ums_read_sector
                0x0000000080032ce4       0x20 cmd/built-in.o
 .text.do_usb_mass_storage
                0x0000000080032d04      0x338 cmd/built-in.o
 .text.do_imgextract
                0x000000008003303c      0x3bc cmd/built-in.o
 .text.del_gpt_info
                0x00000000800333f8       0x48 cmd/built-in.o
 .text.extract_val
                0x0000000080033440       0xa0 cmd/built-in.o
 .text.calc_parts_list_len
                0x00000000800334e0       0xa4 cmd/built-in.o
 .text.extract_env
                0x0000000080033584       0xf8 cmd/built-in.o
 .text.get_gpt_info
                0x000000008003367c      0x12c cmd/built-in.o
 .text.create_gpt_partitions_list.isra.1
                0x00000000800337a8      0x148 cmd/built-in.o
 .text.set_gpt_info.isra.0
                0x00000000800338f0      0x3fc cmd/built-in.o
 .text.print_gpt_info
                0x0000000080033cec       0xec cmd/built-in.o
 .text.do_gpt   0x0000000080033dd8      0x6a4 cmd/built-in.o
 .text.do_env_delete
                0x000000008003447c       0xc0 cmd/built-in.o
 .text.do_env_save
                0x000000008003453c       0x1c cmd/built-in.o
 .text.do_env   0x0000000080034558       0x80 cmd/built-in.o
 .text.env_print
                0x00000000800345d8       0xc4 cmd/built-in.o
 .text.do_env_print
                0x000000008003469c       0xe0 cmd/built-in.o
 .text.do_env_default
                0x000000008003477c       0x98 cmd/built-in.o
 .text.do_env_exists
                0x0000000080034814       0x60 cmd/built-in.o
 .text._do_env_set.isra.1
                0x0000000080034874      0x1b8 cmd/built-in.o
 .text.do_env_set
                0x0000000080034a2c       0x20 cmd/built-in.o
 .text.get_env_id
                0x0000000080034a4c        0xc cmd/built-in.o
                0x0000000080034a4c                get_env_id
 .text.env_set  0x0000000080034a58       0x58 cmd/built-in.o
                0x0000000080034a58                env_set
 .text.env_set_ulong
                0x0000000080034ab0       0x2c cmd/built-in.o
                0x0000000080034ab0                env_set_ulong
 .text.env_set_hex
                0x0000000080034adc       0x3c cmd/built-in.o
                0x0000000080034adc                env_set_hex
 .text.eth_parse_enetaddr
                0x0000000080034b18       0x70 cmd/built-in.o
                0x0000000080034b18                eth_parse_enetaddr
 .text.envmatch
                0x0000000080034b88       0x7c cmd/built-in.o
                0x0000000080034b88                envmatch
 .text.env_get_f
                0x0000000080034c04      0x100 cmd/built-in.o
                0x0000000080034c04                env_get_f
 .text.env_get  0x0000000080034d04       0x70 cmd/built-in.o
                0x0000000080034d04                env_get
 .text.env_get_hex
                0x0000000080034d74       0x44 cmd/built-in.o
                0x0000000080034d74                env_get_hex
 .text.eth_env_get_enetaddr
                0x0000000080034db8       0x68 cmd/built-in.o
                0x0000000080034db8                eth_env_get_enetaddr
 .text.eth_env_set_enetaddr
                0x0000000080034e20       0x54 cmd/built-in.o
                0x0000000080034e20                eth_env_set_enetaddr
 .text.env_get_ulong
                0x0000000080034e74       0x40 cmd/built-in.o
                0x0000000080034e74                env_get_ulong
 .text.do_env_edit.part.4
                0x0000000080034eb4       0xb4 cmd/built-in.o
 .text.do_env_edit
                0x0000000080034f68       0x28 cmd/built-in.o
 .text.board_init_f_alloc_reserve
                0x0000000080034f90       0x10 common/built-in.o
                0x0000000080034f90                board_init_f_alloc_reserve
 .text.board_init_f_init_reserve
                0x0000000080034fa0       0x30 common/built-in.o
                0x0000000080034fa0                board_init_f_init_reserve
 .text.show_boot_progress
                0x0000000080034fd0        0x8 common/built-in.o
                0x0000000080034fd0                show_boot_progress
 .text.main_loop
                0x0000000080034fd8       0x4c common/built-in.o
                0x0000000080034fd8                main_loop
 .text.mdelay   0x0000000080035024        0xc common/built-in.o
 .text.dummy    0x0000000080035030        0x4 common/built-in.o
 .text.get_version
                0x0000000080035034        0x8 common/built-in.o
                0x0000000080035034                get_version
 .text.jumptable_init
                0x000000008003503c      0x1e8 common/built-in.o
                0x000000008003503c                jumptable_init
 .text.b_reset  0x0000000080035224       0x18 common/built-in.o
 .text.static_get
                0x000000008003523c       0x1c common/built-in.o
 .text.static_peek
                0x0000000080035258        0xc common/built-in.o
 .text.mapset   0x0000000080035264       0x20 common/built-in.o
 .text.syntax_err
                0x0000000080035284        0xc common/built-in.o
 .text.free_pipe_list
                0x0000000080035290       0xf0 common/built-in.o
 .text.xmalloc  0x0000000080035380       0x28 common/built-in.o
 .text.new_pipe
                0x00000000800353a8       0x24 common/built-in.o
 .text.xrealloc
                0x00000000800353cc       0x28 common/built-in.o
 .text.done_command
                0x00000000800353f4       0x94 common/built-in.o
 .text.done_pipe
                0x0000000080035488       0x58 common/built-in.o
 .text.done_word
                0x00000000800354e0      0x2a0 common/built-in.o
 .text.is_assignment
                0x0000000080035780       0x4c common/built-in.o
 .text.file_get
                0x00000000800357cc      0x1f4 common/built-in.o
 .text.do_showvar
                0x00000000800359c0      0x10c common/built-in.o
 .text.b_addchr
                0x0000000080035acc       0x94 common/built-in.o
 .text.b_addqchr
                0x0000000080035b60       0x58 common/built-in.o
 .text.file_peek
                0x0000000080035bb8        0xc common/built-in.o
 .text.get_local_var
                0x0000000080035bc4       0x9c common/built-in.o
                0x0000000080035bc4                get_local_var
 .text.set_local_var
                0x0000000080035c60      0x1a4 common/built-in.o
                0x0000000080035c60                set_local_var
 .text.insert_var_value_sub
                0x0000000080035e04      0x2c0 common/built-in.o
 .text.parse_string_outer
                0x00000000800360c4       0xe4 common/built-in.o
                0x00000000800360c4                parse_string_outer
 .text.run_list_real
                0x00000000800361a8      0x720 common/built-in.o
 .text.parse_stream_outer
                0x00000000800368c8      0x660 common/built-in.o
 .text.parse_file_outer
                0x0000000080036f28       0x40 common/built-in.o
                0x0000000080036f28                parse_file_outer
 .text.u_boot_hush_start
                0x0000000080036f68       0x58 common/built-in.o
                0x0000000080036f68                u_boot_hush_start
 .text.bootdelay_process
                0x0000000080036fc0      0x19c common/built-in.o
                0x0000000080036fc0                bootdelay_process
 .text.autoboot_command
                0x000000008003715c      0x114 common/built-in.o
                0x000000008003715c                autoboot_command
 .text.display_text_info
                0x0000000080037270        0x8 common/built-in.o
 .text.setup_mon_len
                0x0000000080037278       0x20 common/built-in.o
 .text.reserve_round_4k
                0x0000000080037298       0x14 common/built-in.o
 .text.reserve_uboot
                0x00000000800372ac       0x38 common/built-in.o
 .text.reserve_malloc
                0x00000000800372e4       0x1c common/built-in.o
 .text.reserve_global_data
                0x0000000080037300       0x1c common/built-in.o
 .text.reserve_fdt
                0x000000008003731c       0x48 common/built-in.o
 .text.reserve_mmu
                0x0000000080037364       0x4c common/built-in.o
                0x0000000080037364                reserve_mmu
 .text.setup_reloc
                0x00000000800373b0       0x48 common/built-in.o
 .text.reloc_fdt
                0x00000000800373f8       0x44 common/built-in.o
 .text.reserve_board
                0x000000008003743c       0x48 common/built-in.o
 .text.reserve_video
                0x0000000080037484       0x2c common/built-in.o
 .text.announce_dram_init
                0x00000000800374b0       0x20 common/built-in.o
 .text.print_cpuinfo
                0x00000000800374d0       0x58 common/built-in.o
 .text.init_baud_rate
                0x0000000080037528       0x30 common/built-in.o
 .text.initf_dm
                0x0000000080037558        0x8 common/built-in.o
 .text.initf_bootstage
                0x0000000080037560       0x1c common/built-in.o
 .text.setup_spl_handoff
                0x000000008003757c        0x8 common/built-in.o
 .text.mach_cpu_init
                0x0000000080037584        0x8 common/built-in.o
                0x0000000080037584                mach_cpu_init
 .text.reserve_trace
                0x000000008003758c        0x8 common/built-in.o
 .text.setup_machine
                0x0000000080037594        0x8 common/built-in.o
 .text.reserve_bootstage
                0x000000008003759c        0x8 common/built-in.o
 .text.reserve_bloblist
                0x00000000800375a4        0x8 common/built-in.o
 .text.display_new_sp
                0x00000000800375ac        0x8 common/built-in.o
 .text.reloc_bootstage
                0x00000000800375b4        0x8 common/built-in.o
 .text.reloc_bloblist
                0x00000000800375bc        0x8 common/built-in.o
 .text.initf_console_record
                0x00000000800375c4        0x8 common/built-in.o
 .text.reserve_arch
                0x00000000800375cc        0x8 common/built-in.o
                0x00000000800375cc                reserve_arch
 .text.board_add_ram_info
                0x00000000800375d4        0x4 common/built-in.o
                0x00000000800375d4                board_add_ram_info
 .text.show_dram_config
                0x00000000800375d8       0x58 common/built-in.o
 .text.board_get_usable_ram_top
                0x0000000080037630       0x20 common/built-in.o
                0x0000000080037630                board_get_usable_ram_top
 .text.setup_dest_addr
                0x0000000080037650       0x4c common/built-in.o
 .text.reserve_stacks
                0x000000008003769c       0x1c common/built-in.o
 .text.board_init_f
                0x00000000800376b8       0x84 common/built-in.o
                0x00000000800376b8                board_init_f
 .text.bootstage_relocate
                0x000000008003773c        0x8 common/built-in.o
 .text.initr_trace
                0x0000000080037744        0x8 common/built-in.o
 .text.initr_reloc
                0x000000008003774c       0x18 common/built-in.o
 .text.initr_reloc_global_data
                0x0000000080037764       0x34 common/built-in.o
 .text.run_main_loop
                0x0000000080037798       0x10 common/built-in.o
 .text.initr_check_fastboot
                0x00000000800377a8       0x18 common/built-in.o
 .text.initr_net
                0x00000000800377c0       0x24 common/built-in.o
 .text.initr_fastboot_setup
                0x00000000800377e4       0x18 common/built-in.o
 .text.initr_ethaddr
                0x00000000800377fc       0x28 common/built-in.o
 .text.initr_enable_interrupts
                0x0000000080037824       0x18 common/built-in.o
 .text.initr_jumptable
                0x000000008003783c       0x18 common/built-in.o
 .text.initr_env
                0x0000000080037854       0x74 common/built-in.o
 .text.initr_mmc
                0x00000000800378c8       0x28 common/built-in.o
 .text.initr_serial
                0x00000000800378f0       0x18 common/built-in.o
 .text.initr_dm
                0x0000000080037908       0x14 common/built-in.o
 .text.initr_bootstage
                0x000000008003791c       0x1c common/built-in.o
 .text.initr_malloc
                0x0000000080037938       0x28 common/built-in.o
 .text.initr_caches
                0x0000000080037960       0x18 common/built-in.o
 .text.initr_announce
                0x0000000080037978        0x8 common/built-in.o
 .text.initr_pci
                0x0000000080037980        0x8 common/built-in.o
 .text.initr_barrier
                0x0000000080037988        0x8 common/built-in.o
 .text.initr_console_record
                0x0000000080037990        0x8 common/built-in.o
 .text.power_init_board
                0x0000000080037998        0x8 common/built-in.o
                0x0000000080037998                power_init_board
 .text.cpu_secondary_init_r
                0x00000000800379a0        0x4 common/built-in.o
                0x00000000800379a0                cpu_secondary_init_r
 .text.initr_secondary_cpu
                0x00000000800379a4       0x18 common/built-in.o
 .text.board_init_r
                0x00000000800379bc       0x78 common/built-in.o
                0x00000000800379bc                board_init_r
 .text.show_board_info
                0x0000000080037a34       0x3c common/built-in.o
                0x0000000080037a34                show_board_info
 .text.bootm_find_images
                0x0000000080037a70       0xcc common/built-in.o
                0x0000000080037a70                bootm_find_images
 .text.bootm_decomp_image
                0x0000000080037b3c      0x1a8 common/built-in.o
                0x0000000080037b3c                bootm_decomp_image
 .text.bootm_disable_interrupts
                0x0000000080037ce4       0x28 common/built-in.o
                0x0000000080037ce4                bootm_disable_interrupts
 .text.do_bootm_states
                0x0000000080037d0c      0x8e8 common/built-in.o
                0x0000000080037d0c                do_bootm_states
 .text.do_bootm_rtems
                0x00000000800385f4       0x60 common/built-in.o
 .text.do_bootm_vxworks
                0x0000000080038654      0x138 common/built-in.o
                0x0000000080038654                do_bootm_vxworks
 .text.do_bootm_standalone
                0x000000008003878c       0x74 common/built-in.o
 .text.do_bootm_qnxelf
                0x0000000080038800       0x8c common/built-in.o
 .text.do_bootm_plan9
                0x000000008003888c       0xf4 common/built-in.o
 .text.board_preboot_os
                0x0000000080038980        0x4 common/built-in.o
                0x0000000080038980                board_preboot_os
 .text.boot_selected_os
                0x0000000080038984       0x7c common/built-in.o
                0x0000000080038984                boot_selected_os
 .text.bootm_os_get_boot_func
                0x0000000080038a00       0x10 common/built-in.o
                0x0000000080038a00                bootm_os_get_boot_func
 .text.of_bus_default_map
                0x0000000080038a10       0xa8 common/built-in.o
 .text.of_bus_default_translate
                0x0000000080038ab8       0xb8 common/built-in.o
 .text.fdt_support_default_count_cells
                0x0000000080038b70       0x70 common/built-in.o
                0x0000000080038b70                fdt_support_default_count_cells
 .text.fdt_find_and_setprop
                0x0000000080038be0       0x94 common/built-in.o
                0x0000000080038be0                fdt_find_and_setprop
 .text.fdt_find_or_add_subnode
                0x0000000080038c74       0x74 common/built-in.o
                0x0000000080038c74                fdt_find_or_add_subnode
 .text.fdt_root
                0x0000000080038ce8       0x98 common/built-in.o
                0x0000000080038ce8                fdt_root
 .text.fdt_initrd
                0x0000000080038d80      0x1b4 common/built-in.o
                0x0000000080038d80                fdt_initrd
 .text.fdt_chosen
                0x0000000080038f34       0xbc common/built-in.o
                0x0000000080038f34                fdt_chosen
 .text.do_fixup_by_path
                0x0000000080038ff0       0x4c common/built-in.o
                0x0000000080038ff0                do_fixup_by_path
 .text.fdt_fixup_memory_banks
                0x000000008003903c      0x234 common/built-in.o
                0x000000008003903c                fdt_fixup_memory_banks
 .text.fdt_fixup_memory
                0x0000000080039270       0x24 common/built-in.o
                0x0000000080039270                fdt_fixup_memory
 .text.fdt_fixup_ethernet
                0x0000000080039294      0x1ac common/built-in.o
                0x0000000080039294                fdt_fixup_ethernet
 .text.fdt_shrink_to_minimum
                0x0000000080039440       0xc8 common/built-in.o
                0x0000000080039440                fdt_shrink_to_minimum
 .text.fdt_increase_size
                0x0000000080039508       0x14 common/built-in.o
                0x0000000080039508                fdt_increase_size
 .text.fdt_translate_address
                0x000000008003951c      0x268 common/built-in.o
                0x000000008003951c                fdt_translate_address
 .text.miiphy_get_dev_by_name
                0x0000000080039784       0x68 common/built-in.o
                0x0000000080039784                miiphy_get_dev_by_name
 .text.miiphy_init
                0x00000000800397ec       0x1c common/built-in.o
                0x00000000800397ec                miiphy_init
 .text.mdio_alloc
                0x0000000080039808       0x3c common/built-in.o
                0x0000000080039808                mdio_alloc
 .text.mdio_free
                0x0000000080039844        0x4 common/built-in.o
                0x0000000080039844                mdio_free
 .text.mdio_register
                0x0000000080039848       0x8c common/built-in.o
                0x0000000080039848                mdio_register
 .text.mdio_unregister
                0x00000000800398d4       0x30 common/built-in.o
                0x00000000800398d4                mdio_unregister
 .text.mdio_list_devices
                0x0000000080039904       0xc8 common/built-in.o
                0x0000000080039904                mdio_list_devices
 .text.miiphy_set_current_dev
                0x00000000800399cc       0x48 common/built-in.o
                0x00000000800399cc                miiphy_set_current_dev
 .text.miiphy_get_active_dev
                0x0000000080039a14       0x60 common/built-in.o
 .text.mdio_get_current_dev
                0x0000000080039a74        0xc common/built-in.o
                0x0000000080039a74                mdio_get_current_dev
 .text.mdio_phydev_for_ethname
                0x0000000080039a80       0xa0 common/built-in.o
                0x0000000080039a80                mdio_phydev_for_ethname
 .text.miiphy_get_current_dev
                0x0000000080039b20       0x14 common/built-in.o
                0x0000000080039b20                miiphy_get_current_dev
 .text.miiphy_read
                0x0000000080039b34       0x5c common/built-in.o
                0x0000000080039b34                miiphy_read
 .text.miiphy_write
                0x0000000080039b90       0x5c common/built-in.o
                0x0000000080039b90                miiphy_write
 .text.miiphy_listdev
                0x0000000080039bec       0x90 common/built-in.o
                0x0000000080039bec                miiphy_listdev
 .text.miiphy_info
                0x0000000080039c7c       0xa0 common/built-in.o
                0x0000000080039c7c                miiphy_info
 .text.miiphy_is_1000base_x
                0x0000000080039d1c       0x40 common/built-in.o
                0x0000000080039d1c                miiphy_is_1000base_x
 .text.miiphy_speed
                0x0000000080039d5c      0x11c common/built-in.o
                0x0000000080039d5c                miiphy_speed
 .text.miiphy_duplex
                0x0000000080039e78      0x140 common/built-in.o
                0x0000000080039e78                miiphy_duplex
 .text.usb_set_maxpacket_ep
                0x0000000080039fb8       0x84 common/built-in.o
 .text.usb_control_msg
                0x000000008003a03c       0xa0 common/built-in.o
                0x000000008003a03c                usb_control_msg
 .text.usb_get_descriptor
                0x000000008003a0dc       0x5c common/built-in.o
 .text.get_descriptor_len
                0x000000008003a138       0xa4 common/built-in.o
 .text.usb_setup_descriptor
                0x000000008003a1dc       0xec common/built-in.o
 .text.usb_get_string
                0x000000008003a2c8       0xa4 common/built-in.o
 .text.usb_string_sub
                0x000000008003a36c      0x118 common/built-in.o
 .text.usb_bulk_msg
                0x000000008003a484       0x80 common/built-in.o
                0x000000008003a484                usb_bulk_msg
 .text.usb_maxpacket
                0x000000008003a504       0x1c common/built-in.o
                0x000000008003a504                usb_maxpacket
 .text.usb_clear_halt
                0x000000008003a520       0xa0 common/built-in.o
                0x000000008003a520                usb_clear_halt
 .text.usb_get_configuration_len
                0x000000008003a5c0       0x78 common/built-in.o
                0x000000008003a5c0                usb_get_configuration_len
 .text.usb_get_configuration_no
                0x000000008003a638       0x40 common/built-in.o
                0x000000008003a638                usb_get_configuration_no
 .text.usb_set_interface
                0x000000008003a678       0xc0 common/built-in.o
                0x000000008003a678                usb_set_interface
 .text.usb_string
                0x000000008003a738      0x110 common/built-in.o
                0x000000008003a738                usb_string
 .text.usb_select_config
                0x000000008003a848      0x4ac common/built-in.o
                0x000000008003a848                usb_select_config
 .text.usb_setup_device
                0x000000008003acf4      0x114 common/built-in.o
                0x000000008003acf4                usb_setup_device
 .text.usb_device_has_child_on_port
                0x000000008003ae08        0x8 common/built-in.o
                0x000000008003ae08                usb_device_has_child_on_port
 .text.usb_find_usb2_hub_address_port
                0x000000008003ae10       0x90 common/built-in.o
                0x000000008003ae10                usb_find_usb2_hub_address_port
 .text.usb_set_port_feature
                0x000000008003aea0       0x4c common/built-in.o
 .text.usb_clear_port_feature
                0x000000008003aeec       0x4c common/built-in.o
 .text.usb_get_hub_descriptor
                0x000000008003af38       0x64 common/built-in.o
 .text.usb_hub_reset_devices
                0x000000008003af9c        0x4 common/built-in.o
                0x000000008003af9c                usb_hub_reset_devices
 .text.usb_hub_is_root_hub
                0x000000008003afa0       0x20 common/built-in.o
                0x000000008003afa0                usb_hub_is_root_hub
 .text.usb_get_port_status
                0x000000008003afc0       0xc8 common/built-in.o
                0x000000008003afc0                usb_get_port_status
 .text.usb_hub_port_connect_change
                0x000000008003b088      0x180 common/built-in.o
                0x000000008003b088                usb_hub_port_connect_change
 .text.usb_hub_configure
                0x000000008003b208      0x5a0 common/built-in.o
 .text.usb_hub_scan
                0x000000008003b7a8       0x14 common/built-in.o
                0x000000008003b7a8                usb_hub_scan
 .text.usb_hub_post_probe
                0x000000008003b7bc        0x4 common/built-in.o
 .text.usb_stor_irq
                0x000000008003b7c0       0x18 common/built-in.o
 .text.usb_stor_BBB_reset
                0x000000008003b7d8       0xec common/built-in.o
 .text.usb_stor_CB_reset
                0x000000008003b8c4       0xd4 common/built-in.o
 .text.usb_stor_BBB_clear_endpt_stall.isra.0
                0x000000008003b998       0x4c common/built-in.o
 .text.usb_stor_BBB_transport
                0x000000008003b9e4      0x244 common/built-in.o
 .text.usb_stor_CB_comdat
                0x000000008003bc28      0x1ec common/built-in.o
 .text.usb_stor_CBI_get_status.isra.2
                0x000000008003be14       0xd0 common/built-in.o
 .text.usb_stor_CB_transport
                0x000000008003bee4      0x1f4 common/built-in.o
 .text.usb_request_sense.constprop.11
                0x000000008003c0d8       0x8c common/built-in.o
 .text.usb_stor_read
                0x000000008003c164      0x170 common/built-in.o
 .text.usb_stor_write
                0x000000008003c2d4      0x170 common/built-in.o
 .text.usb_stor_info
                0x000000008003c444       0x88 common/built-in.o
                0x000000008003c444                usb_stor_info
 .text.usb_stor_reset
                0x000000008003c4cc        0xc common/built-in.o
                0x000000008003c4cc                usb_stor_reset
 .text.usb_stor_scan
                0x000000008003c4d8       0x4c common/built-in.o
                0x000000008003c4d8                usb_stor_scan
 .text.usb_storage_probe
                0x000000008003c524      0x268 common/built-in.o
                0x000000008003c524                usb_storage_probe
 .text.usb_stor_get_info
                0x000000008003c78c      0x2e8 common/built-in.o
                0x000000008003c78c                usb_stor_get_info
 .text.usb_mass_storage_probe
                0x000000008003ca74      0x18c common/built-in.o
 .text.iomux_doenv
                0x000000008003cc00      0x1d0 common/built-in.o
                0x000000008003cc00                iomux_doenv
 .text.delete_char.part.0
                0x000000008003cdd0       0xfc common/built-in.o
 .text.cread_add_char
                0x000000008003cecc      0x100 common/built-in.o
 .text.cli_readline_into_buffer
                0x000000008003cfcc      0x924 common/built-in.o
                0x000000008003cfcc                cli_readline_into_buffer
 .text.cli_readline
                0x000000008003d8f0       0x14 common/built-in.o
                0x000000008003d8f0                cli_readline
 .text.console_tstc
                0x000000008003d904       0xa8 common/built-in.o
 .text.console_putc
                0x000000008003d9ac       0x70 common/built-in.o
 .text.console_puts
                0x000000008003da1c       0x70 common/built-in.o
 .text.on_console
                0x000000008003da8c       0xc4 common/built-in.o
 .text.serial_printf
                0x000000008003db50       0x8c common/built-in.o
                0x000000008003db50                serial_printf
 .text.puts     0x000000008003dbdc       0x28 common/built-in.o
                0x000000008003dbdc                puts
 .text.putc     0x000000008003dc04       0x2c common/built-in.o
                0x000000008003dc04                putc
 .text.console_getc.isra.0
                0x000000008003dc30       0x30 common/built-in.o
 .text.tstc     0x000000008003dc60       0x24 common/built-in.o
                0x000000008003dc60                tstc
 .text.getc     0x000000008003dc84       0x4c common/built-in.o
                0x000000008003dc84                getc
 .text.ctrlc    0x000000008003dcd0       0x54 common/built-in.o
                0x000000008003dcd0                ctrlc
 .text.confirm_yesno
                0x000000008003dd24       0xd8 common/built-in.o
                0x000000008003dd24                confirm_yesno
 .text.disable_ctrlc
                0x000000008003ddfc       0x14 common/built-in.o
                0x000000008003ddfc                disable_ctrlc
 .text.had_ctrlc
                0x000000008003de10        0xc common/built-in.o
                0x000000008003de10                had_ctrlc
 .text.clear_ctrlc
                0x000000008003de1c        0xc common/built-in.o
                0x000000008003de1c                clear_ctrlc
 .text.search_device
                0x000000008003de28       0x34 common/built-in.o
                0x000000008003de28                search_device
 .text.console_assign
                0x000000008003de5c       0xdc common/built-in.o
                0x000000008003de5c                console_assign
 .text.console_init_f
                0x000000008003df38       0x10 common/built-in.o
                0x000000008003df38                console_init_f
 .text.stdio_print_current_devices
                0x000000008003df48       0xbc common/built-in.o
                0x000000008003df48                stdio_print_current_devices
 .text.console_init_r
                0x000000008003e004      0x1a0 common/built-in.o
                0x000000008003e004                console_init_r
 .text.sbrk     0x000000008003e1a4       0x74 common/built-in.o
                0x000000008003e1a4                sbrk
 .text.mem_malloc_init
                0x000000008003e218       0x28 common/built-in.o
                0x000000008003e218                mem_malloc_init
 .text.malloc_trim
                0x000000008003e240       0xd8 common/built-in.o
                0x000000008003e240                malloc_trim
 .text.free     0x000000008003e318      0x21c common/built-in.o
                0x000000008003e318                free
 .text.malloc   0x000000008003e534      0x628 common/built-in.o
                0x000000008003e534                malloc
 .text.calloc   0x000000008003eb5c      0x10c common/built-in.o
                0x000000008003eb5c                calloc
 .text.realloc  0x000000008003ec68      0x460 common/built-in.o
                0x000000008003ec68                realloc
 .text.memalign
                0x000000008003f0c8      0x1c0 common/built-in.o
                0x000000008003f0c8                memalign
 .text.initf_malloc
                0x000000008003f288       0x18 common/built-in.o
                0x000000008003f288                initf_malloc
 .text.alloc_simple
                0x000000008003f2a0       0x88 common/built-in.o
 .text.malloc_simple
                0x000000008003f328        0x8 common/built-in.o
                0x000000008003f328                malloc_simple
 .text.on_loadaddr
                0x000000008003f330       0x40 common/built-in.o
 .text.image_check_hcrc
                0x000000008003f370       0x50 common/built-in.o
                0x000000008003f370                image_check_hcrc
 .text.image_check_dcrc
                0x000000008003f3c0       0x44 common/built-in.o
                0x000000008003f3c0                image_check_dcrc
 .text.image_multi_count
                0x000000008003f404       0x1c common/built-in.o
                0x000000008003f404                image_multi_count
 .text.image_multi_getimg
                0x000000008003f420       0x84 common/built-in.o
                0x000000008003f420                image_multi_getimg
 .text.env_get_bootm_low
                0x000000008003f4a4       0x34 common/built-in.o
                0x000000008003f4a4                env_get_bootm_low
 .text.env_get_bootm_size
                0x000000008003f4d8       0x78 common/built-in.o
                0x000000008003f4d8                env_get_bootm_size
 .text.env_get_bootm_mapsize
                0x000000008003f550       0x30 common/built-in.o
                0x000000008003f550                env_get_bootm_mapsize
 .text.memmove_wd
                0x000000008003f580       0x10 common/built-in.o
                0x000000008003f580                memmove_wd
 .text.genimg_print_size
                0x000000008003f590       0x38 common/built-in.o
                0x000000008003f590                genimg_print_size
 .text.get_table_entry
                0x000000008003f5c8       0x20 common/built-in.o
                0x000000008003f5c8                get_table_entry
 .text.get_table_entry_name
                0x000000008003f5e8       0x28 common/built-in.o
                0x000000008003f5e8                get_table_entry_name
 .text.genimg_get_os_name
                0x000000008003f610       0x18 common/built-in.o
                0x000000008003f610                genimg_get_os_name
 .text.genimg_get_arch_name
                0x000000008003f628       0x18 common/built-in.o
                0x000000008003f628                genimg_get_arch_name
 .text.genimg_get_type_name
                0x000000008003f640       0x18 common/built-in.o
                0x000000008003f640                genimg_get_type_name
 .text.genimg_get_comp_name
                0x000000008003f658       0x18 common/built-in.o
                0x000000008003f658                genimg_get_comp_name
 .text.image_print_contents
                0x000000008003f670      0x1c4 common/built-in.o
                0x000000008003f670                image_print_contents
 .text.get_table_entry_id
                0x000000008003f834       0x50 common/built-in.o
                0x000000008003f834                get_table_entry_id
 .text.genimg_get_os_id
                0x000000008003f884       0x18 common/built-in.o
                0x000000008003f884                genimg_get_os_id
 .text.genimg_get_arch_id
                0x000000008003f89c       0x18 common/built-in.o
                0x000000008003f89c                genimg_get_arch_id
 .text.genimg_get_type_id
                0x000000008003f8b4       0x18 common/built-in.o
                0x000000008003f8b4                genimg_get_type_id
 .text.genimg_get_comp_id
                0x000000008003f8cc       0x18 common/built-in.o
                0x000000008003f8cc                genimg_get_comp_id
 .text.genimg_get_kernel_addr_fit
                0x000000008003f8e4       0x7c common/built-in.o
                0x000000008003f8e4                genimg_get_kernel_addr_fit
 .text.genimg_get_format
                0x000000008003f960       0x5c common/built-in.o
                0x000000008003f960                genimg_get_format
 .text.genimg_has_config
                0x000000008003f9bc       0x10 common/built-in.o
                0x000000008003f9bc                genimg_has_config
 .text.boot_get_ramdisk
                0x000000008003f9cc      0x370 common/built-in.o
                0x000000008003f9cc                boot_get_ramdisk
 .text.boot_ramdisk_high
                0x000000008003fd3c      0x138 common/built-in.o
                0x000000008003fd3c                boot_ramdisk_high
 .text.boot_get_setup
                0x000000008003fe74        0x4 common/built-in.o
                0x000000008003fe74                boot_get_setup
 .text.boot_get_loadable
                0x000000008003fe78      0x19c common/built-in.o
                0x000000008003fe78                boot_get_loadable
 .text.image_setup_linux
                0x0000000080040014       0x60 common/built-in.o
                0x0000000080040014                image_setup_linux
 .text.android_image_get_kernel
                0x0000000080040074      0x50c common/built-in.o
                0x0000000080040074                android_image_get_kernel
 .text.android_image_check_header
                0x0000000080040580       0x14 common/built-in.o
                0x0000000080040580                android_image_check_header
 .text.android_image_get_end
                0x0000000080040594       0xac common/built-in.o
                0x0000000080040594                android_image_get_end
 .text.android_image_get_kload
                0x0000000080040640       0x58 common/built-in.o
                0x0000000080040640                android_image_get_kload
 .text.android_image_get_ramdisk
                0x0000000080040698      0x128 common/built-in.o
                0x0000000080040698                android_image_get_ramdisk
 .text.android_image_get_second
                0x00000000800407c0      0x14c common/built-in.o
                0x00000000800407c0                android_image_get_second
 .text.android_print_contents
                0x000000008004090c      0x210 common/built-in.o
                0x000000008004090c                android_print_contents
 .text.fdt_error
                0x0000000080040b1c       0x38 common/built-in.o
 .text.boot_fdt_reserve_region
                0x0000000080040b54       0x50 common/built-in.o
 .text.boot_fdt_add_mem_rsv_regions
                0x0000000080040ba4       0xf4 common/built-in.o
                0x0000000080040ba4                boot_fdt_add_mem_rsv_regions
 .text.boot_relocate_fdt
                0x0000000080040c98      0x1b4 common/built-in.o
                0x0000000080040c98                boot_relocate_fdt
 .text.boot_get_fdt
                0x0000000080040e4c      0x3fc common/built-in.o
                0x0000000080040e4c                boot_get_fdt
 .text.ft_verify_fdt
                0x0000000080041248        0x8 common/built-in.o
                0x0000000080041248                ft_verify_fdt
 .text.image_setup_libfdt
                0x0000000080041250      0x16c common/built-in.o
                0x0000000080041250                image_setup_libfdt
 .text.fit_image_get_address
                0x00000000800413bc       0x84 common/built-in.o
 .text.fit_parse_conf
                0x0000000080041440       0x78 common/built-in.o
                0x0000000080041440                fit_parse_conf
 .text.fit_parse_subimage
                0x00000000800414b8       0x78 common/built-in.o
                0x00000000800414b8                fit_parse_subimage
 .text.fit_get_desc
                0x0000000080041530       0x38 common/built-in.o
                0x0000000080041530                fit_get_desc
 .text.fit_image_get_node
                0x0000000080041568       0x48 common/built-in.o
                0x0000000080041568                fit_image_get_node
 .text.fit_image_get_os
                0x00000000800415b0       0x4c common/built-in.o
                0x00000000800415b0                fit_image_get_os
 .text.fit_image_get_arch
                0x00000000800415fc       0x4c common/built-in.o
                0x00000000800415fc                fit_image_get_arch
 .text.fit_image_get_type
                0x0000000080041648       0x4c common/built-in.o
                0x0000000080041648                fit_image_get_type
 .text.fit_image_get_comp
                0x0000000080041694       0x4c common/built-in.o
                0x0000000080041694                fit_image_get_comp
 .text.fit_image_get_load
                0x00000000800416e0       0x10 common/built-in.o
                0x00000000800416e0                fit_image_get_load
 .text.fit_image_get_entry
                0x00000000800416f0       0x10 common/built-in.o
                0x00000000800416f0                fit_image_get_entry
 .text.fit_image_get_data
                0x0000000080041700       0x50 common/built-in.o
                0x0000000080041700                fit_image_get_data
 .text.fit_image_get_data_offset
                0x0000000080041750       0x48 common/built-in.o
                0x0000000080041750                fit_image_get_data_offset
 .text.fit_image_get_data_position
                0x0000000080041798       0x48 common/built-in.o
                0x0000000080041798                fit_image_get_data_position
 .text.fit_image_get_data_size
                0x00000000800417e0       0x48 common/built-in.o
                0x00000000800417e0                fit_image_get_data_size
 .text.fit_image_get_data_and_size
                0x0000000080041828       0xa8 common/built-in.o
                0x0000000080041828                fit_image_get_data_and_size
 .text.fit_image_hash_get_algo
                0x00000000800418d0       0x38 common/built-in.o
                0x00000000800418d0                fit_image_hash_get_algo
 .text.fit_image_hash_get_value
                0x0000000080041908       0x50 common/built-in.o
                0x0000000080041908                fit_image_hash_get_value
 .text.fit_image_print_data
                0x0000000080041958      0x190 common/built-in.o
 .text.fit_image_print_verification_data
                0x0000000080041ae8       0xbc common/built-in.o
 .text.fit_image_print
                0x0000000080041ba4      0x2fc common/built-in.o
                0x0000000080041ba4                fit_image_print
 .text.fit_print_contents
                0x0000000080041ea0      0x454 common/built-in.o
                0x0000000080041ea0                fit_print_contents
 .text.fit_get_end
                0x00000000800422f4       0x10 common/built-in.o
                0x00000000800422f4                fit_get_end
 .text.calculate_hash
                0x0000000080042304      0x11c common/built-in.o
                0x0000000080042304                calculate_hash
 .text.fit_image_verify_with_data
                0x0000000080042420      0x1f4 common/built-in.o
                0x0000000080042420                fit_image_verify_with_data
 .text.fit_image_verify
                0x0000000080042614       0x90 common/built-in.o
                0x0000000080042614                fit_image_verify
 .text.fit_all_image_verify
                0x00000000800426a4      0x110 common/built-in.o
                0x00000000800426a4                fit_all_image_verify
 .text.fit_image_check_os
                0x00000000800427b4       0x3c common/built-in.o
                0x00000000800427b4                fit_image_check_os
 .text.fit_image_check_arch
                0x00000000800427f0       0x64 common/built-in.o
                0x00000000800427f0                fit_image_check_arch
 .text.fit_image_check_type
                0x0000000080042854       0x3c common/built-in.o
                0x0000000080042854                fit_image_check_type
 .text.fit_image_check_comp
                0x0000000080042890       0x3c common/built-in.o
                0x0000000080042890                fit_image_check_comp
 .text.fit_check_format
                0x00000000800428cc       0x54 common/built-in.o
                0x00000000800428cc                fit_check_format
 .text.fit_conf_get_node
                0x0000000080042920       0xdc common/built-in.o
                0x0000000080042920                fit_conf_get_node
 .text.fit_conf_get_prop_node_index
                0x00000000800429fc       0x3c common/built-in.o
                0x00000000800429fc                fit_conf_get_prop_node_index
 .text.fit_conf_get_prop_node
                0x0000000080042a38        0x8 common/built-in.o
                0x0000000080042a38                fit_conf_get_prop_node
 .text.fit_get_node_from_config
                0x0000000080042a40       0x54 common/built-in.o
                0x0000000080042a40                fit_get_node_from_config
 .text.fit_image_load
                0x0000000080042a94      0x56c common/built-in.o
                0x0000000080042a94                fit_image_load
 .text.boot_get_setup_fit
                0x0000000080043000       0x78 common/built-in.o
                0x0000000080043000                boot_get_setup_fit
 .text.boot_get_fdt_fit
                0x0000000080043078      0x188 common/built-in.o
                0x0000000080043078                boot_get_fdt_fit
 .text.stdio_serial_tstc
                0x0000000080043200        0x4 common/built-in.o
 .text.stdio_serial_getc
                0x0000000080043204        0x4 common/built-in.o
 .text.stdio_serial_puts
                0x0000000080043208        0x8 common/built-in.o
 .text.stdio_serial_putc
                0x0000000080043210        0x8 common/built-in.o
 .text.stdio_get_list
                0x0000000080043218       0x10 common/built-in.o
                0x0000000080043218                stdio_get_list
 .text.stdio_get_by_name
                0x0000000080043228      0x104 common/built-in.o
                0x0000000080043228                stdio_get_by_name
 .text.stdio_clone
                0x000000008004332c       0x4c common/built-in.o
                0x000000008004332c                stdio_clone
 .text.stdio_register_dev
                0x0000000080043378       0x58 common/built-in.o
                0x0000000080043378                stdio_register_dev
 .text.stdio_register
                0x00000000800433d0        0x8 common/built-in.o
                0x00000000800433d0                stdio_register
 .text.stdio_init_tables
                0x00000000800433d8       0x18 common/built-in.o
                0x00000000800433d8                stdio_init_tables
 .text.stdio_add_devices
                0x00000000800433f0       0x78 common/built-in.o
                0x00000000800433f0                stdio_add_devices
 .text.run_command
                0x0000000080043468       0x14 common/built-in.o
                0x0000000080043468                run_command
 .text.run_command_list
                0x000000008004347c       0x90 common/built-in.o
                0x000000008004347c                run_command_list
 .text.do_run   0x000000008004350c       0x88 common/built-in.o
                0x000000008004350c                do_run
 .text.cli_process_fdt
                0x0000000080043594       0x50 common/built-in.o
                0x0000000080043594                cli_process_fdt
 .text.cli_secure_boot_cmd
                0x00000000800435e4       0x74 common/built-in.o
                0x00000000800435e4                cli_secure_boot_cmd
 .text.cli_loop
                0x0000000080043658       0x10 common/built-in.o
                0x0000000080043658                cli_loop
 .text.cli_init
                0x0000000080043668        0x4 common/built-in.o
                0x0000000080043668                cli_init
 .text.find_cmd_tbl
                0x000000008004366c       0xc0 common/built-in.o
                0x000000008004366c                find_cmd_tbl
 .text.find_cmd
                0x000000008004372c       0x30 common/built-in.o
                0x000000008004372c                find_cmd
 .text.cmd_usage
                0x000000008004375c       0x68 common/built-in.o
                0x000000008004375c                cmd_usage
 .text._do_help
                0x00000000800437c4      0x188 common/built-in.o
                0x00000000800437c4                _do_help
 .text.var_complete
                0x000000008004394c       0x80 common/built-in.o
                0x000000008004394c                var_complete
 .text.complete_subcmdv
                0x00000000800439cc      0x1b4 common/built-in.o
                0x00000000800439cc                complete_subcmdv
 .text.cmd_auto_complete
                0x0000000080043b80      0x3f4 common/built-in.o
                0x0000000080043b80                cmd_auto_complete
 .text.cmd_get_data_size
                0x0000000080043f74       0x90 common/built-in.o
                0x0000000080043f74                cmd_get_data_size
 .text.cmd_always_repeatable
                0x0000000080044004       0x10 common/built-in.o
                0x0000000080044004                cmd_always_repeatable
 .text.cmd_never_repeatable
                0x0000000080044014        0xc common/built-in.o
                0x0000000080044014                cmd_never_repeatable
 .text.cmd_process
                0x0000000080044020      0x108 common/built-in.o
                0x0000000080044020                cmd_process
 .text.cmd_process_error
                0x0000000080044128       0x40 common/built-in.o
                0x0000000080044128                cmd_process_error
 .text.log_get_cat_name
                0x0000000080044168       0x50 common/built-in.o
                0x0000000080044168                log_get_cat_name
 .text.log_get_level_name
                0x00000000800441b8       0x24 common/built-in.o
                0x00000000800441b8                log_get_level_name
 .text._log     0x00000000800441dc      0x1e4 common/built-in.o
                0x00000000800441dc                _log
 .text.log_init
                0x00000000800443c0       0xbc common/built-in.o
                0x00000000800443c0                log_init
 .text.log_console_emit
                0x000000008004447c       0xc4 common/built-in.o
 .text.hex1_bin
                0x0000000080044540       0x44 common/built-in.o
 .text.hex2_bin
                0x0000000080044584       0x40 common/built-in.o
 .text.srec_decode
                0x00000000800445c4      0x228 common/built-in.o
                0x00000000800445c4                srec_decode
 .text.CYGACC_COMM_IF_GETC_TIMEOUT.isra.0
                0x00000000800447ec       0x54 common/built-in.o
 .text.xyzModem_flush
                0x0000000080044840       0x1c common/built-in.o
 .text.xyzModem_get_hdr
                0x000000008004485c      0x200 common/built-in.o
 .text.xyzModem_stream_open
                0x0000000080044a5c      0x23c common/built-in.o
                0x0000000080044a5c                xyzModem_stream_open
 .text.xyzModem_stream_read
                0x0000000080044c98      0x254 common/built-in.o
                0x0000000080044c98                xyzModem_stream_read
 .text.xyzModem_stream_close
                0x0000000080044eec       0x3c common/built-in.o
                0x0000000080044eec                xyzModem_stream_close
 .text.xyzModem_stream_terminate
                0x0000000080044f28       0xa4 common/built-in.o
                0x0000000080044f28                xyzModem_stream_terminate
 .text.xyzModem_error
                0x0000000080044fcc       0x28 common/built-in.o
                0x0000000080044fcc                xyzModem_error
 .text.part_driver_lookup_type
                0x0000000080044ff4       0xa8 disk/built-in.o
 .text.blk_get_dev
                0x000000008004509c       0x38 disk/built-in.o
                0x000000008004509c                blk_get_dev
 .text.dev_print
                0x00000000800450d4      0x1f0 disk/built-in.o
                0x00000000800450d4                dev_print
 .text.part_init
                0x00000000800452c4       0x88 disk/built-in.o
                0x00000000800452c4                part_init
 .text.part_print
                0x000000008004534c      0x138 disk/built-in.o
                0x000000008004534c                part_print
 .text.part_get_info
                0x0000000080045484       0x68 disk/built-in.o
                0x0000000080045484                part_get_info
 .text.part_get_info_whole_disk
                0x00000000800454ec       0x5c disk/built-in.o
                0x00000000800454ec                part_get_info_whole_disk
 .text.blk_get_device_by_str
                0x0000000080045548      0x144 disk/built-in.o
                0x0000000080045548                blk_get_device_by_str
 .text.blk_get_device_part_str
                0x000000008004568c      0x35c disk/built-in.o
                0x000000008004568c                blk_get_device_part_str
 .text.part_set_generic_name
                0x00000000800459e8       0x48 disk/built-in.o
                0x00000000800459e8                part_set_generic_name
 .text.test_block_type
                0x0000000080045a30       0x90 disk/built-in.o
 .text.print_partition_extended
                0x0000000080045ac0      0x25c disk/built-in.o
 .text.part_print_dos
                0x0000000080045d1c       0x3c disk/built-in.o
                0x0000000080045d1c                part_print_dos
 .text.part_test_dos
                0x0000000080045d58       0x78 disk/built-in.o
 .text.part_get_info_extended
                0x0000000080045dd0      0x2b4 disk/built-in.o
 .text.part_get_info_dos
                0x0000000080046084       0x1c disk/built-in.o
                0x0000000080046084                part_get_info_dos
 .text.print_efiname
                0x00000000800460a0       0x54 disk/built-in.o
 .text.part_test_efi
                0x00000000800460f4       0xb8 disk/built-in.o
 .text.validate_gpt_header
                0x00000000800461ac      0x230 disk/built-in.o
 .text.is_gpt_valid
                0x00000000800463dc      0x2d4 disk/built-in.o
 .text.is_pte_valid
                0x00000000800466b0       0x64 disk/built-in.o
 .text.part_print_efi
                0x0000000080046714      0x274 disk/built-in.o
                0x0000000080046714                part_print_efi
 .text.part_get_info_efi
                0x0000000080046988      0x218 disk/built-in.o
                0x0000000080046988                part_get_info_efi
 .text.get_disk_guid
                0x0000000080046ba0       0xe0 disk/built-in.o
                0x0000000080046ba0                get_disk_guid
 .text.write_gpt_table
                0x0000000080046c80      0x4fc disk/built-in.o
                0x0000000080046c80                write_gpt_table
 .text.gpt_fill_pte
                0x000000008004717c      0x398 disk/built-in.o
                0x000000008004717c                gpt_fill_pte
 .text.gpt_fill_header
                0x0000000080047514      0x250 disk/built-in.o
                0x0000000080047514                gpt_fill_header
 .text.gpt_restore
                0x0000000080047764      0x150 disk/built-in.o
                0x0000000080047764                gpt_restore
 .text.gpt_verify_headers
                0x00000000800478b4       0x98 disk/built-in.o
                0x00000000800478b4                gpt_verify_headers
 .text.gpt_verify_partitions
                0x000000008004794c      0x1f4 disk/built-in.o
                0x000000008004794c                gpt_verify_partitions
 .text.is_valid_gpt_buf
                0x0000000080047b40       0xf0 disk/built-in.o
                0x0000000080047b40                is_valid_gpt_buf
 .text.write_backup_gpt_partitions
                0x0000000080047c30      0x39c disk/built-in.o