f_mass_storage.c:457:13:raise_exception	0	static
f_mass_storage.c:471:12:ep0_queue	32	static
f_mass_storage.c:490:13:bulk_in_complete	32	static
f_mass_storage.c:507:13:bulk_out_complete	32	static
f_mass_storage.c:2262:12:fsg_set_alt	16	static
f_mass_storage.c:2270:13:fsg_disable	0	static
f_mass_storage.c:530:12:fsg_setup	16	static
f_mass_storage.c:2634:13:fsg_unbind	32	static
storage_common.c:597:13:store_cdrom_address	0	static
f_mass_storage.c:584:13:start_transfer.isra.7	32	static
f_mass_storage.c:433:12:fsg_set_halt.isra.14	0	static
f_mass_storage.c:1379:12:halt_bulk_in_endpoint.isra.15	32	static
f_mass_storage.c:648:12:sleep_thread.isra.17	64	static
f_mass_storage.c:684:12:do_read	96	static
f_mass_storage.c:811:12:do_write	112	static
f_mass_storage.c:1598:12:send_status	48	static
f_mass_storage.c:1658:12:check_command.isra.19	80	static
f_mass_storage.c:1230:12:do_mode_sense.isra.21	96	static
f_mass_storage.c:2743:5:fsg_add	80	static
f_mass_storage.c:2171:12:do_set_interface	96	static
f_mass_storage.c:2387:5:fsg_main_thread	96	static
f_mass_storage.c:2598:1:usb_copy_descriptors	48	static
f_mass_storage.c:2649:12:fsg_bind	48	static
f_mass_storage.c:2761:5:fsg_init	0	static
