gadget.c:191:13:cdns_ep_stall_flush	0	static
gadget.c:391:12:cdns_get_setup_ret	32	static
gadget.c:1281:12:usb_ss_gadget_ep0_enable	0	static
gadget.c:1292:12:usb_ss_gadget_ep0_disable	0	static
gadget.c:1304:12:usb_ss_gadget_ep0_set_halt	0	static
gadget.c:1845:12:usb_ss_gadget_get_frame	0	static
gadget.c:1853:12:usb_ss_gadget_wakeup	0	static
gadget.c:1641:13:usb_ss_gadget_ep_free_request	0	static
gadget.c:148:13:select_ep	0	static
gadget.c:1387:13:cdns_ep_config	48	static
gadget.c:1755:12:usb_ss_gadget_ep_set_halt	48	static
gadget.c:1806:12:usb_ss_gadget_ep_set_wedge	32	static
gadget.c:300:13:cdns_ep0_run_transfer	48	static
gadget.c:404:13:cdns_prepare_setup_packet	0	static
gadget.c:213:13:cdns_ep0_config	32	static
gadget.c:2225:13:__cdns3_gadget_start	32	static
gadget.c:2271:12:cdns3_gadget_start	32	static
gadget.c:1708:12:usb_ss_gadget_ep_dequeue	48	static
gadget.c:1624:28:usb_ss_gadget_ep_alloc_request	0	static
gadget.c:1520:12:usb_ss_gadget_match_ep	32	static
gadget.c:1470:12:usb_ss_gadget_ep_enable	48	static
gadget.c:1871:12:usb_ss_gadget_pullup	0	static
gadget.c:2312:13:cdns3_gadget_stop	32	static
gadget.c:1931:12:usb_ss_gadget_udc_stop	64	static
gadget.c:1897:12:usb_ss_gadget_udc_start	16	static
gadget.c:1861:12:usb_ss_gadget_set_selfpowered	0	static
gadget.c:1565:12:usb_ss_gadget_ep_disable	80	static
gadget.c:333:12:cdns_ep_run_transfer	48	static
gadget.c:518:12:cdns_req_ep0_handle_feature	48	static
gadget.c:1318:12:usb_ss_gadget_ep0_queue	48	static
gadget.c:1655:12:usb_ss_gadget_ep_queue	48	static
gadget.c:980:13:cdns_check_ep0_interrupt_proceed	96	static
gadget.c:1206:12:cdns_irq_handler_thread	112	static
gadget.c:106:13:usb_speed_string	0	static
gadget.c:2210:6:cdns3_gadget_remove	32	static
gadget.c:2325:5:cdns3_gadget_init	112	static
