ext4_common.c:50:26:ext4fs_get_group_descriptor	0	static
ext4_common.c:110:10:ext4fs_sb_get_free_blocks	12	static
ext4_common.c:117:6:ext4fs_sb_set_free_blocks	0	static
ext4_common.c:123:10:ext4fs_bg_get_free_blocks	0	static
ext4_common.c:154:10:ext4fs_bg_get_block_id	12	static
ext4_common.c:164:10:ext4fs_bg_get_inode_id	12	static
ext4_common.c:175:10:ext4fs_bg_get_inode_table_id	12	static
ext4_common.c:186:10:ext4fs_div_roundup	16	static
ext4_common.c:195:6:put_ext4	72	dynamic
ext4_common.c:306:5:ext4fs_set_block_bmap	4	static
ext4_common.c:342:6:ext4fs_reset_block_bmap	4	static
ext4_common.c:372:5:ext4fs_set_inode_bmap	0	static
ext4_common.c:397:6:ext4fs_reset_inode_bmap	0	static
ext4_common.c:418:10:ext4fs_checksum_update	24	static
ext4_common.c:959:10:ext4fs_get_new_blk_no	48	static
ext4_common.c:1088:5:ext4fs_get_new_inode_no	56	static
ext4_common.c:1494:6:ext4fs_allocate_blocks	64	static
ext4_common.c:1587:5:ext4fs_read_inode	120	static
ext4_common.c:737:5:ext4fs_iget	8	static
ext4_common.c:1618:10:read_allocated_block	48	static
ext4_common.c:474:5:ext4fs_update_parent_dentry	64	static
ext4_common.c:629:12:search_dir	40	static
ext4_common.c:753:5:ext4fs_get_parent_inode_num	176	static
ext4_common.c:936:5:ext4fs_filename_unlink	48	static
ext4_common.c:1973:6:ext4fs_reinit_global	8	static
ext4_common.c:1994:6:ext4fs_close	16	static
ext4_common.c:2008:5:ext4fs_iterate_dir	80	dynamic
ext4_common.c:2175:12:ext4fs_find_file1	80	dynamic
ext4_common.c:2275:5:ext4fs_find_file	16	static
ext4_common.c:2299:5:ext4fs_open	24	static
ext4_common.c:2329:5:ext4fs_mount	16	static
