mmc-uclass.c:389:12:mmc_blk_remove	16	static
mmc-uclass.c:370:12:mmc_blk_probe	16	static
mmc-uclass.c:36:5:dm_mmc_set_ios	0	static
mmc-uclass.c:45:5:mmc_set_ios	0	static
mmc-uclass.c:50:6:dm_mmc_send_init_stream	0	static
mmc-uclass.c:58:6:mmc_send_init_stream	0	static
mmc-uclass.c:64:5:dm_mmc_wait_dat0	0	static
mmc-uclass.c:73:5:mmc_wait_dat0	0	static
mmc-uclass.c:79:5:dm_mmc_get_wp	0	static
mmc-uclass.c:88:5:mmc_getwp	0	static
mmc-uclass.c:93:5:dm_mmc_get_cd	0	static
mmc-uclass.c:102:5:mmc_getcd	0	static
mmc-uclass.c:108:5:dm_mmc_execute_tuning	0	static
mmc-uclass.c:117:5:mmc_execute_tuning	0	static
mmc-uclass.c:138:5:mmc_of_parse	32	static
mmc-uclass.c:192:13:mmc_get_mmc_dev	16	static
mmc-uclass.c:14:5:dm_mmc_send_cmd	48	static
mmc-uclass.c:31:5:mmc_send_cmd	0	static
mmc-uclass.c:355:12:mmc_select_hwpart	48	static
mmc-uclass.c:203:13:find_mmc_device	48	static
mmc-uclass.c:224:5:get_mmc_num	16	static
mmc-uclass.c:229:5:mmc_get_next_devnum	0	static
mmc-uclass.c:234:18:mmc_get_blk_desc	32	static
mmc-uclass.c:247:6:mmc_do_preinit	48	static
mmc-uclass.c:270:6:print_mmc_devices	80	static
mmc-uclass.c:303:5:mmc_bind	80	static
mmc-uclass.c:342:5:mmc_unbind	32	static
