cpu.c:721:12:fdt_edma_update_int_array	0	static
cpu.c:1368:13:dram_bank_sort	0	static
cpu.c:713:13:fdt_edma_swap_int_array	0	static
cpu.c:354:13:check_owned_resource	16	static
cpu.c:664:12:disable_fdt_node	48	static
cpu.c:1274:12:get_owned_memreg	64	static
cpu.c:48:26:get_pass_over_info	0	static
cpu.c:81:5:arch_cpu_init	32	static
cpu.c:234:5:arch_auxiliary_core_up	80	static
cpu.c:325:5:arch_auxiliary_core_check_up	32	static
cpu.c:393:6:arch_preboot_os	0	static
cpu.c:466:5:arch_misc_init	80	static
cpu.c:518:18:get_boot_device	32	static
cpu.c:474:5:print_bootinfo	32	static
cpu.c:557:6:is_usb_boot	16	static
cpu.c:565:6:get_board_serial	48	static
cpu.c:590:12:board_mmc_get_env_dev	0	static
cpu.c:595:5:mmc_get_env_dev	32	static
cpu.c:1298:13:get_effective_memsize	64	static
cpu.c:1330:5:dram_init	64	static
cpu.c:1391:5:dram_init_banksize	80	static
cpu.c:1487:6:enable_caches	80	static
cpu.c:1581:6:imx_get_mac_from_fuse	64	static
cpu.c:1614:5:get_cpu_rev	32	static
cpu.c:90:5:arch_cpu_init_dm	48	static
cpu.c:786:13:update_fdt_edma_nodes	2352	static
cpu.c:1226:5:ft_system_setup	192	static
cpu.c:1629:6:disconnect_from_pc	32	static
cpu.c:1844:6:power_off_pd_devices	80	static
cpu.c:1862:6:check_owned_udevice	112	static
cpu.c:1888:6:check_m4_parts_boot	32	static
cpu.c:1917:18:board_imx_vservice_find_mu	144	static
cpu.c:1986:8:board_imx_vservice_get_buffer	32	static
cpu.c:2011:5:board_imx_virt_i2c_bind	16	static
cpu.c:2019:5:board_imx_lpi2c_bind	16	static
cpu.c:2027:6:board_boot_order	32	static
cpu.c:2039:5:board_usb_gadget_port_auto	64	static
