clock.c:385:12:get_ipg_clk	8	static
clock.c:566:12:enable_pll_video.constprop	16	static
clock.c:412:12:get_uart_clk	16	static
clock.c:294:12:mxc_get_pll_pfd	16	static
clock.c:1067:12:get_usdhc_clk	16	static
clock.c:29:6:enable_ocotp_clk	0	static
clock.c:96:6:enable_usboh3_clk	0	static
clock.c:110:6:enable_enet_clk	16	static
clock.c:133:6:enable_uart_clk	8	static
clock.c:150:5:enable_usdhc_clk	0	static
clock.c:169:5:enable_i2c_clk	16	static
clock.c:209:5:enable_spi_clk	0	static
clock.c:335:5:get_periph_clk	8	static
clock.c:447:12:get_axi_clk	8	static
clock.c:784:5:enable_lcdif_clock	16	static
clock.c:632:6:mxs_set_lcdclk	32	static
clock.c:868:5:enable_lvds_bridge	16	static
clock.c:930:6:enable_qspi_clk	0	static
clock.c:991:5:enable_fec_anatop_clock	16	static
clock.c:1120:5:imx_get_uartclk	0	static
clock.c:1320:6:enable_thermal_clk	0	static
clock.c:1339:14:mxc_get_clock	24	static
clock.c:1125:5:imx_get_fecclk	0	static
clock.c:1385:5:do_mx6_showclocks	16	static
clock.c:1442:6:enable_ipu_clock	8	static
