soc.c:68:5:get_nr_cpus	0	static
soc.c:74:5:get_cpu_rev	0	static
soc.c:140:5:get_cpu_speed_grade_hz	8	static
soc.c:199:5:get_cpu_temp_grade	0	static
soc.c:230:12:get_board_rev	8	static
soc.c:530:6:is_usb_boot	0	static
soc.c:682:12:mmc_get_boot_dev	8	static
soc.c:538:5:arch_cpu_init	8	static
soc.c:677:12:board_mmc_get_env_dev	0	static
soc.c:707:5:mmc_get_env_dev	8	static
soc.c:719:12:board_mmc_get_env_part	0	static
soc.c:724:6:mmc_get_env_part	8	static
soc.c:736:5:board_postclk_init	16	static
soc.c:748:6:get_board_serial	0	static
soc.c:789:18:get_boot_device	0	static
soc.c:832:6:set_wdog_reset	0	static
soc.c:854:6:reset_misc	0	static
soc.c:861:6:s_init	8	static
soc.c:1080:6:gpr_init	16	static
