cache-cp15.c:219:13:cache_disable	16	static
cache-cp15.c:17:13:arm_init_before_mmu	0	static
cache-cp15.c:21:13:arm_init_domains	0	static
cache-cp15.c:25:6:set_section_dcache	0	static
cache-cp15.c:46:13:mmu_page_table_flush	0	static
cache-cp15.c:51:6:mmu_set_region_dcache_behaviour	24	static
cache-cp15.c:87:13:dram_bank_mmu_setup	16	static
cache-cp15.c:259:6:icache_enable	0	static
cache-cp15.c:264:6:icache_disable	0	static
cache-cp15.c:269:5:icache_status	0	static
cache-cp15.c:291:6:dcache_enable	8	static
cache-cp15.c:296:6:dcache_disable	0	static
cache-cp15.c:301:5:dcache_status	0	static
