
Discarded input sections

 .data          0x0000000000000000        0x0 arch/arm/cpu/armv8/start.o
 .bss           0x0000000000000000        0x0 arch/arm/cpu/armv8/start.o
 .text          0x0000000000000000       0x58 arch/arm/cpu/armv8/built-in.o
 .text.sdelay   0x0000000000000000        0xc arch/arm/cpu/armv8/built-in.o
 .text.cleanup_before_linux
                0x0000000000000000       0x28 arch/arm/cpu/armv8/built-in.o
 .text.timer_read_counter
                0x0000000000000000        0xc arch/arm/cpu/armv8/built-in.o
 .text.usec2ticks
                0x0000000000000000       0x44 arch/arm/cpu/armv8/built-in.o
 .text.timer_get_boot_us
                0x0000000000000000       0x28 arch/arm/cpu/armv8/built-in.o
 .text.invalidate_dcache_all
                0x0000000000000000        0x4 arch/arm/cpu/armv8/built-in.o
 .text.flush_dcache_all
                0x0000000000000000        0x4 arch/arm/cpu/armv8/built-in.o
 .text.dcache_enable
                0x0000000000000000        0x4 arch/arm/cpu/armv8/built-in.o
 .text.dcache_disable
                0x0000000000000000        0x4 arch/arm/cpu/armv8/built-in.o
 .text.dcache_status
                0x0000000000000000        0x8 arch/arm/cpu/armv8/built-in.o
 .text.mmu_set_region_dcache_behaviour
                0x0000000000000000        0x4 arch/arm/cpu/armv8/built-in.o
 .text.icache_enable
                0x0000000000000000        0x4 arch/arm/cpu/armv8/built-in.o
 .text.icache_disable
                0x0000000000000000        0x4 arch/arm/cpu/armv8/built-in.o
 .text.icache_status
                0x0000000000000000        0x8 arch/arm/cpu/armv8/built-in.o
 .text.invalidate_icache_all
                0x0000000000000000        0x4 arch/arm/cpu/armv8/built-in.o
 .text.enable_caches
                0x0000000000000000        0x4 arch/arm/cpu/armv8/built-in.o
 .text.__asm_dcache_level
                0x0000000000000000       0x64 arch/arm/cpu/armv8/built-in.o
 .text.__asm_dcache_all
                0x0000000000000000       0x60 arch/arm/cpu/armv8/built-in.o
 .text.__asm_flush_dcache_all
                0x0000000000000000        0x8 arch/arm/cpu/armv8/built-in.o
 .text.__asm_invalidate_dcache_all
                0x0000000000000000        0x8 arch/arm/cpu/armv8/built-in.o
 .text.__asm_flush_dcache_range
                0x0000000000000000       0x34 arch/arm/cpu/armv8/built-in.o
 .text.__asm_invalidate_dcache_range
                0x0000000000000000       0x30 arch/arm/cpu/armv8/built-in.o
 .text.__asm_invalidate_icache_all
                0x0000000000000000        0xc arch/arm/cpu/armv8/built-in.o
 .text.__asm_invalidate_l3_dcache
                0x0000000000000000        0x8 arch/arm/cpu/armv8/built-in.o
 .text.__asm_flush_l3_dcache
                0x0000000000000000        0x8 arch/arm/cpu/armv8/built-in.o
 .text.__asm_invalidate_l3_icache
                0x0000000000000000        0x8 arch/arm/cpu/armv8/built-in.o
 .text.__asm_switch_ttbr
                0x0000000000000000       0xe0 arch/arm/cpu/armv8/built-in.o
 .text.__asm_invalidate_tlb_all
                0x0000000000000000       0x4c arch/arm/cpu/armv8/built-in.o
 .text.armv8_switch_to_el2
                0x0000000000000000       0xb8 arch/arm/cpu/armv8/built-in.o
 .text.armv8_switch_to_el1
                0x0000000000000000       0xd0 arch/arm/cpu/armv8/built-in.o
 .text.armv8_el2_to_aarch32
                0x0000000000000000        0x4 arch/arm/cpu/armv8/built-in.o
 .text.smc_call
                0x0000000000000000       0x44 arch/arm/cpu/armv8/built-in.o
 .text.psci_system_reset
                0x0000000000000000       0x20 arch/arm/cpu/armv8/built-in.o
 .text.psci_system_off
                0x0000000000000000       0x20 arch/arm/cpu/armv8/built-in.o
 .eh_frame      0x0000000000000000      0x26c arch/arm/cpu/armv8/built-in.o
 .data          0x0000000000000000        0x0 arch/arm/cpu/armv8/built-in.o
 .bss           0x0000000000000000        0x0 arch/arm/cpu/armv8/built-in.o
 .text.setjmp   0x0000000000000000       0x28 arch/arm/lib/built-in.o
 .text.longjmp  0x0000000000000000       0x2c arch/arm/lib/built-in.o
 .text.board_init_f
                0x0000000000000000        0x4 arch/arm/lib/built-in.o
 .text.bootz_setup
                0x0000000000000000       0x7c arch/arm/lib/built-in.o
 .text.arch_fixup_fdt
                0x0000000000000000       0x4c arch/arm/lib/built-in.o
 .text.arch_reserve_stacks
                0x0000000000000000       0x1c arch/arm/lib/built-in.o
 .text.interrupt_init
                0x0000000000000000        0x8 arch/arm/lib/built-in.o
 .text.enable_interrupts
                0x0000000000000000        0x4 arch/arm/lib/built-in.o
 .text.disable_interrupts
                0x0000000000000000        0x8 arch/arm/lib/built-in.o
 .text.show_regs
                0x0000000000000000       0x9c arch/arm/lib/built-in.o
 .text.do_bad_sync
                0x0000000000000000       0x30 arch/arm/lib/built-in.o
 .text.do_bad_irq
[...]
Memory Configuration

Name             Origin             Length             Attributes
.sram            0x0000000000100000 0x0000000000030000
.sdram           0x0000000000130000 0x0000000000001000
*default*        0x0000000000000000 0xffffffffffffffff

Linker script and memory map


.text           0x0000000000100000    0x1c180
                0x0000000000100000                . = ALIGN (0x8)
 *(.__image_copy_start)
 arch/arm/cpu/armv8/start.o(.text*)
 .text          0x0000000000100000       0xe0 arch/arm/cpu/armv8/start.o
                0x0000000000100000                _start
                0x0000000000100008                _TEXT_BASE
                0x0000000000100010                _end_ofs
                0x0000000000100018                _bss_start_ofs
                0x0000000000100020                _bss_end_ofs
                0x000000000010002c                save_boot_params_ret
                0x0000000000100084                apply_core_errata
                0x00000000001000cc                smp_kick_all_cpus
                0x00000000001000d0                c_runtime_cpu_setup
 *(.text*)
 .text.get_tbclk
                0x00000000001000e0        0x8 arch/arm/cpu/armv8/built-in.o
                0x00000000001000e0                get_tbclk
 .text.get_ticks
                0x00000000001000e8       0x10 arch/arm/cpu/armv8/built-in.o
                0x00000000001000e8                get_ticks
 .text          0x00000000001000f8       0x78 arch/arm/lib/built-in.o
                0x00000000001000f8                _main
 .text.invalidate_dcache_range
                0x0000000000100170        0x4 arch/arm/lib/built-in.o
                0x0000000000100170                invalidate_dcache_range
 .text.flush_dcache_range
                0x0000000000100174        0x4 arch/arm/lib/built-in.o
                0x0000000000100174                flush_dcache_range
 *fill*         0x0000000000100178       0x88 
 .text          0x0000000000100200      0x150 arch/arm/mach-imx/built-in.o
                0x0000000000100200                lowlevel_init
                0x0000000000100300                rom_pointer
                0x0000000000100320                save_boot_params
                0x0000000000100334                restore_boot_params
 .text.spl_boot_device
                0x0000000000100350       0x34 arch/arm/mach-imx/built-in.o
                0x0000000000100350                spl_boot_device
 .text.g_dnl_bind_fixup
                0x0000000000100384       0x18 arch/arm/mach-imx/built-in.o
                0x0000000000100384                g_dnl_bind_fixup
 .text.g_dnl_get_board_bcd_device_number
                0x000000000010039c        0x8 arch/arm/mach-imx/built-in.o
                0x000000000010039c                g_dnl_get_board_bcd_device_number
 .text.spl_boot_mode
                0x00000000001003a4       0x54 arch/arm/mach-imx/built-in.o
                0x00000000001003a4                spl_boot_mode
 .text.check_owned_resource
                0x00000000001003f8       0x24 arch/arm/mach-imx/built-in.o
 .text.arch_cpu_init
                0x000000000010041c       0x64 arch/arm/mach-imx/built-in.o
                0x000000000010041c                arch_cpu_init
 .text.get_boot_device
                0x0000000000100480       0xb4 arch/arm/mach-imx/built-in.o
                0x0000000000100480                get_boot_device
 .text.get_cpu_rev
                0x0000000000100534       0x48 arch/arm/mach-imx/built-in.o
                0x0000000000100534                get_cpu_rev
 .text.power_off_pd_devices
                0x000000000010057c       0x84 arch/arm/mach-imx/built-in.o
                0x000000000010057c                power_off_pd_devices
 .text.board_boot_order
                0x0000000000100600       0x44 arch/arm/mach-imx/built-in.o
                0x0000000000100600                board_boot_order
 .text.board_usb_gadget_port_auto
                0x0000000000100644       0xe0 arch/arm/mach-imx/built-in.o
                0x0000000000100644                board_usb_gadget_port_auto
 .text.imx8_iomux_setup_pad
                0x0000000000100724       0x54 arch/arm/mach-imx/built-in.o
                0x0000000000100724                imx8_iomux_setup_pad
 .text.imx8_iomux_setup_multiple_pads
                0x0000000000100778       0x44 arch/arm/mach-imx/built-in.o
                0x0000000000100778                imx8_iomux_setup_multiple_pads
 .text.lpcg_clock_off
                0x00000000001007bc       0x54 arch/arm/mach-imx/built-in.o
                0x00000000001007bc                lpcg_clock_off
 .text.lpcg_clock_on
                0x0000000000100810       0x60 arch/arm/mach-imx/built-in.o
                0x0000000000100810                lpcg_clock_on
 .text.lpcg_is_clock_on
                0x0000000000100870       0x28 arch/arm/mach-imx/built-in.o
                0x0000000000100870                lpcg_is_clock_on
 .text.lpcg_all_clock_on
                0x0000000000100898       0x50 arch/arm/mach-imx/built-in.o
                0x0000000000100898                lpcg_all_clock_on
 .text.enable_usboh3_clk
                0x00000000001008e8        0x8 arch/arm/mach-imx/built-in.o
                0x00000000001008e8                enable_usboh3_clk
 .text.init_clk_usb3
                0x00000000001008f0       0xb0 arch/arm/mach-imx/built-in.o
                0x00000000001008f0                init_clk_usb3
 .text.get_container_size.constprop.2
                0x00000000001009a0      0x154 arch/arm/mach-imx/built-in.o
 .text.spl_mmc_get_uboot_raw_sector
                0x0000000000100af4       0xe0 arch/arm/mach-imx/built-in.o
                0x0000000000100af4                spl_mmc_get_uboot_raw_sector
 .text.read     0x0000000000100bd4       0xb4 arch/arm/mach-imx/built-in.o
 .text.read_auth_container
                0x0000000000100c88      0x25c arch/arm/mach-imx/built-in.o
 .text.mmc_load_image_parse_container
                0x0000000000100ee4       0x24 arch/arm/mach-imx/built-in.o
                0x0000000000100ee4                mmc_load_image_parse_container
 .text.sdp_load_image_parse_container
                0x0000000000100f08       0x20 arch/arm/mach-imx/built-in.o
                0x0000000000100f08                sdp_load_image_parse_container
 .text.board_early_init_f
                0x0000000000100f28       0x94 board/freescale/imx8qxp_mek/built-in.o
                0x0000000000100f28                board_early_init_f
 .text.board_usb_init
                0x0000000000100fbc       0x3c board/freescale/imx8qxp_mek/built-in.o
                0x0000000000100fbc                board_usb_init
 .text.board_usb_cleanup
                0x0000000000100ff8        0x8 board/freescale/imx8qxp_mek/built-in.o
                0x0000000000100ff8                board_usb_cleanup
 .text.board_quiesce_devices
                0x0000000000101000       0x40 board/freescale/imx8qxp_mek/built-in.o
                0x0000000000101000                board_quiesce_devices
 .text.spl_board_init
                0x0000000000101040       0x4c board/freescale/imx8qxp_mek/built-in.o
                0x0000000000101040                spl_board_init
 .text.spl_board_prepare_for_boot
                0x000000000010108c        0x4 board/freescale/imx8qxp_mek/built-in.o
                0x000000000010108c                spl_board_prepare_for_boot
 .text.board_init_f
                0x0000000000101090       0x34 board/freescale/imx8qxp_mek/built-in.o
                0x0000000000101090                board_init_f
 .text.show_boot_progress
                0x00000000001010c4        0x4 common/spl/built-in.o
                0x00000000001010c4                show_boot_progress
 .text.spl_common_init.constprop.3
                0x00000000001010c8       0x44 common/spl/built-in.o
 .text.spl_perform_fixups
                0x000000000010110c        0x4 common/spl/built-in.o
                0x000000000010110c                spl_perform_fixups
 .text.jump_to_image_no_args
                0x0000000000101110       0x10 common/spl/built-in.o
                0x0000000000101110                jump_to_image_no_args
 .text.spl_set_bd
                0x0000000000101120       0x18 common/spl/built-in.o
                0x0000000000101120                spl_set_bd
 .text.spl_init
                0x0000000000101138       0x44 common/spl/built-in.o
                0x0000000000101138                spl_init
 .text.board_init_r
                0x000000000010117c      0x164 common/spl/built-in.o
                0x000000000010117c                board_init_r
 .text.preloader_console_init
                0x00000000001012e0       0x30 common/spl/built-in.o
                0x00000000001012e0                preloader_console_init
 .text.spl_relocate_stack_gd
                0x0000000000101310        0x8 common/spl/built-in.o
                0x0000000000101310                spl_relocate_stack_gd
 .text.spl_mmc_load_image
                0x0000000000101318      0x17c common/spl/built-in.o
                0x0000000000101318                spl_mmc_load_image
 .text.spl_sdp_load_image
                0x0000000000101494       0x78 common/spl/built-in.o
 .text.board_sdp_cleanup
                0x000000000010150c        0x8 common/spl/built-in.o
                0x000000000010150c                board_sdp_cleanup
 .text.board_init_f_alloc_reserve
                0x0000000000101514       0x10 common/init/built-in.o
                0x0000000000101514                board_init_f_alloc_reserve
 .text.board_init_f_init_reserve
                0x0000000000101524       0x30 common/init/built-in.o
                0x0000000000101524                board_init_f_init_reserve
 .text.usb_set_maxpacket_ep
                0x0000000000101554       0x84 common/built-in.o
 .text.usb_control_msg
                0x00000000001015d8       0xa0 common/built-in.o
                0x00000000001015d8                usb_control_msg
 .text.usb_get_descriptor
                0x0000000000101678       0x5c common/built-in.o
 .text.get_descriptor_len
                0x00000000001016d4       0xa4 common/built-in.o
 .text.usb_setup_descriptor
                0x0000000000101778       0xec common/built-in.o
 .text.usb_get_string
                0x0000000000101864       0xa4 common/built-in.o
 .text.usb_string_sub
                0x0000000000101908      0x118 common/built-in.o
 .text.usb_maxpacket
                0x0000000000101a20       0x1c common/built-in.o
                0x0000000000101a20                usb_maxpacket
 .text.usb_get_configuration_len
                0x0000000000101a3c       0x78 common/built-in.o
                0x0000000000101a3c                usb_get_configuration_len
 .text.usb_get_configuration_no
                0x0000000000101ab4       0x40 common/built-in.o
                0x0000000000101ab4                usb_get_configuration_no
 .text.usb_set_interface
                0x0000000000101af4       0xc0 common/built-in.o
                0x0000000000101af4                usb_set_interface
 .text.usb_string
                0x0000000000101bb4      0x110 common/built-in.o
                0x0000000000101bb4                usb_string
 .text.usb_select_config
                0x0000000000101cc4      0x4ac common/built-in.o
                0x0000000000101cc4                usb_select_config
 .text.usb_setup_device
                0x0000000000102170      0x114 common/built-in.o
                0x0000000000102170                usb_setup_device
 .text.usb_device_has_child_on_port
                0x0000000000102284        0x8 common/built-in.o
                0x0000000000102284                usb_device_has_child_on_port
 .text.usb_find_usb2_hub_address_port
                0x000000000010228c       0x90 common/built-in.o
                0x000000000010228c                usb_find_usb2_hub_address_port
 .text.usb_set_port_feature
                0x000000000010231c       0x4c common/built-in.o
 .text.usb_clear_port_feature
                0x0000000000102368       0x4c common/built-in.o
 .text.usb_get_hub_descriptor
                0x00000000001023b4       0x64 common/built-in.o
 .text.usb_hub_reset_devices
                0x0000000000102418        0x4 common/built-in.o
                0x0000000000102418                usb_hub_reset_devices
 .text.usb_hub_is_root_hub
                0x000000000010241c       0x20 common/built-in.o
                0x000000000010241c                usb_hub_is_root_hub
 .text.usb_get_port_status
                0x000000000010243c       0xc8 common/built-in.o
                0x000000000010243c                usb_get_port_status
 .text.usb_hub_port_connect_change
                0x0000000000102504      0x180 common/built-in.o
                0x0000000000102504                usb_hub_port_connect_change
 .text.usb_hub_configure
                0x0000000000102684      0x5a0 common/built-in.o
 .text.usb_hub_scan
                0x0000000000102c24       0x14 common/built-in.o
                0x0000000000102c24                usb_hub_scan
 .text.usb_hub_post_probe
                0x0000000000102c38        0x4 common/built-in.o
 .text.fgetc.part.0
                0x0000000000102c3c       0x3c common/built-in.o
 .text.getc     0x0000000000102c78       0x24 common/built-in.o
                0x0000000000102c78                getc
 .text.putc     0x0000000000102c9c       0x34 common/built-in.o
                0x0000000000102c9c                putc
 .text.puts     0x0000000000102cd0       0x30 common/built-in.o
                0x0000000000102cd0                puts
 .text.ftstc    0x0000000000102d00       0x24 common/built-in.o
                0x0000000000102d00                ftstc
 .text.tstc     0x0000000000102d24       0x24 common/built-in.o
                0x0000000000102d24                tstc
 .text.ctrlc    0x0000000000102d48       0x54 common/built-in.o
                0x0000000000102d48                ctrlc
 .text.sbrk     0x0000000000102d9c       0x74 common/built-in.o
                0x0000000000102d9c                sbrk
 .text.mem_malloc_init
                0x0000000000102e10       0x28 common/built-in.o
                0x0000000000102e10                mem_malloc_init
 .text.malloc_trim
                0x0000000000102e38       0xd8 common/built-in.o
                0x0000000000102e38                malloc_trim
 .text.free     0x0000000000102f10      0x21c common/built-in.o
                0x0000000000102f10                free
 .text.malloc   0x000000000010312c      0x628 common/built-in.o
                0x000000000010312c                malloc
 .text.calloc   0x0000000000103754      0x10c common/built-in.o
                0x0000000000103754                calloc
 .text.memalign
                0x0000000000103860      0x1c0 common/built-in.o
                0x0000000000103860                memalign
 .text.alloc_simple
                0x0000000000103a20       0x54 common/built-in.o
 .text.malloc_simple
                0x0000000000103a74        0x8 common/built-in.o
                0x0000000000103a74                malloc_simple
 .text.envmatch
                0x0000000000103a7c       0x7c cmd/built-in.o
                0x0000000000103a7c                envmatch
 .text.env_get_f
                0x0000000000103af8      0x100 cmd/built-in.o
                0x0000000000103af8                env_get_f
 .text.env_get  0x0000000000103bf8       0x70 cmd/built-in.o
                0x0000000000103bf8                env_get
 .text.env_get_default
                0x0000000000103c68       0x3c env/built-in.o
                0x0000000000103c68                env_get_default
 .text.env_get_char_spec
                0x0000000000103ca4        0xc env/built-in.o
                0x0000000000103ca4                env_get_char_spec
 .text.env_get_char
                0x0000000000103cb0       0x20 env/built-in.o
                0x0000000000103cb0                env_get_char
 .text.regex_callback
                0x0000000000103cd0      0x144 env/built-in.o
 .text.env_attr_walk
                0x0000000000103e14      0x130 env/built-in.o
                0x0000000000103e14                env_attr_walk
 .text.env_attr_lookup
                0x0000000000103f44       0x7c env/built-in.o
                0x0000000000103f44                env_attr_lookup
 .text.skip_num
                0x0000000000103fc0       0x68 env/built-in.o
 .text.env_flags_parse_vartype
                0x0000000000104028       0x58 env/built-in.o
                0x0000000000104028                env_flags_parse_vartype
 .text.env_flags_parse_varaccess
                0x0000000000104080       0x5c env/built-in.o
                0x0000000000104080                env_flags_parse_varaccess
 .text.eth_validate_ethaddr_str
                0x00000000001040dc       0x98 env/built-in.o
                0x00000000001040dc                eth_validate_ethaddr_str
 .text.env_flags_init
                0x0000000000104174       0xbc env/built-in.o
                0x0000000000104174                env_flags_init
 .text.env_flags_validate
                0x0000000000104230      0x278 env/built-in.o
                0x0000000000104230                env_flags_validate
 .text.env_callback_init
                0x00000000001044a8       0xec env/built-in.o
                0x00000000001044a8                env_callback_init
 .text.env_nowhere_init
                0x0000000000104594       0x18 env/built-in.o
 .text.fdt_check_header
                0x00000000001045ac       0x74 lib/built-in.o
                0x00000000001045ac                fdt_check_header
 .text.fdt_offset_ptr
                0x0000000000104620       0x74 lib/built-in.o
                0x0000000000104620                fdt_offset_ptr
 .text.fdt_next_tag
                0x0000000000104694      0x104 lib/built-in.o
                0x0000000000104694                fdt_next_tag
 .text.fdt_check_node_offset_
                0x0000000000104798       0x40 lib/built-in.o
                0x0000000000104798                fdt_check_node_offset_
 .text.fdt_check_prop_offset_
                0x00000000001047d8       0x40 lib/built-in.o
                0x00000000001047d8                fdt_check_prop_offset_
 .text.fdt_next_node
                0x0000000000104818       0xb0 lib/built-in.o
                0x0000000000104818                fdt_next_node
 .text.fdt_first_subnode
                0x00000000001048c8       0x34 lib/built-in.o
                0x00000000001048c8                fdt_first_subnode
 .text.fdt_next_subnode
                0x00000000001048fc       0x58 lib/built-in.o
                0x00000000001048fc                fdt_next_subnode
 .text.fdt_address_cells
                0x0000000000104954       0x58 lib/built-in.o
                0x0000000000104954                fdt_address_cells
 .text.fdt_size_cells
                0x00000000001049ac       0x54 lib/built-in.o
                0x00000000001049ac                fdt_size_cells
 .text.fdt_path_next_separator
                0x0000000000104a00       0x68 lib/built-in.o
 .text._nextprop.part.0
                0x0000000000104a68       0x64 lib/built-in.o
 .text.fdt_string
                0x0000000000104acc       0x14 lib/built-in.o
                0x0000000000104acc                fdt_string
 .text.fdt_subnode_offset_namelen
                0x0000000000104ae0       0xe0 lib/built-in.o
                0x0000000000104ae0                fdt_subnode_offset_namelen
 .text.fdt_get_name
                0x0000000000104bc0       0x84 lib/built-in.o
                0x0000000000104bc0                fdt_get_name
 .text.fdt_first_property_offset
                0x0000000000104c44       0x38 lib/built-in.o
                0x0000000000104c44                fdt_first_property_offset
 .text.fdt_next_property_offset
                0x0000000000104c7c       0x38 lib/built-in.o
                0x0000000000104c7c                fdt_next_property_offset
 .text.fdt_get_property_by_offset
                0x0000000000104cb4       0x64 lib/built-in.o
                0x0000000000104cb4                fdt_get_property_by_offset
 .text.fdt_get_property_namelen
                0x0000000000104d18       0xd4 lib/built-in.o
                0x0000000000104d18                fdt_get_property_namelen
 .text.fdt_get_property
                0x0000000000104dec       0x4c lib/built-in.o
                0x0000000000104dec                fdt_get_property
 .text.fdt_getprop_namelen
                0x0000000000104e38       0x1c lib/built-in.o
                0x0000000000104e38                fdt_getprop_namelen
 .text.fdt_getprop_by_offset
                0x0000000000104e54       0x50 lib/built-in.o
                0x0000000000104e54                fdt_getprop_by_offset
 .text.fdt_getprop
                0x0000000000104ea4       0x4c lib/built-in.o
                0x0000000000104ea4                fdt_getprop
 .text.fdt_get_phandle
                0x0000000000104ef0       0x78 lib/built-in.o
                0x0000000000104ef0                fdt_get_phandle
 .text.fdt_get_alias_namelen
                0x0000000000104f68       0x64 lib/built-in.o
                0x0000000000104f68                fdt_get_alias_namelen
 .text.fdt_path_offset_namelen
                0x0000000000104fcc       0xfc lib/built-in.o
                0x0000000000104fcc                fdt_path_offset_namelen
 .text.fdt_path_offset
                0x00000000001050c8       0x34 lib/built-in.o
                0x00000000001050c8                fdt_path_offset
 .text.fdt_node_offset_by_phandle
                0x00000000001050fc       0x84 lib/built-in.o
                0x00000000001050fc                fdt_node_offset_by_phandle
 .text.fdt_stringlist_contains
                0x0000000000105180       0x98 lib/built-in.o
                0x0000000000105180                fdt_stringlist_contains
 .text.fdt_stringlist_search
                0x0000000000105218       0xc4 lib/built-in.o
                0x0000000000105218                fdt_stringlist_search
 .text.fdt_node_check_compatible
                0x00000000001052dc       0x4c lib/built-in.o
                0x00000000001052dc                fdt_node_check_compatible
 .text.fdtdec_get_int
                0x0000000000105328       0x40 lib/built-in.o
                0x0000000000105328                fdtdec_get_int
 .text.get_prop_check_min_len
                0x0000000000105368       0x48 lib/built-in.o
 .text.fdtdec_get_is_enabled
                0x00000000001053b0       0x40 lib/built-in.o
                0x00000000001053b0                fdtdec_get_is_enabled
 .text.fdtdec_get_alias_seq
                0x00000000001053f0      0x128 lib/built-in.o
                0x00000000001053f0                fdtdec_get_alias_seq
 .text.fdtdec_get_chosen_prop
                0x0000000000105518       0x44 lib/built-in.o
                0x0000000000105518                fdtdec_get_chosen_prop
 .text.fdtdec_get_chosen_node
                0x000000000010555c       0x3c lib/built-in.o
                0x000000000010555c                fdtdec_get_chosen_node
 .text.fdtdec_prepare_fdt
                0x0000000000105598       0x44 lib/built-in.o
                0x0000000000105598                fdtdec_prepare_fdt
 .text.fdtdec_lookup_phandle
                0x00000000001055dc       0x44 lib/built-in.o
                0x00000000001055dc                fdtdec_lookup_phandle
 .text.fdtdec_get_int_array
                0x0000000000105620       0x60 lib/built-in.o
                0x0000000000105620                fdtdec_get_int_array
 .text.fdtdec_get_bool
                0x0000000000105680       0x20 lib/built-in.o
                0x0000000000105680                fdtdec_get_bool
 .text.fdtdec_parse_phandle_with_args
                0x00000000001056a0      0x150 lib/built-in.o
                0x00000000001056a0                fdtdec_parse_phandle_with_args
 .text.fdtdec_get_number
                0x00000000001057f0       0x30 lib/built-in.o
                0x00000000001057f0                fdtdec_get_number
 .text.fdtdec_get_addr_size_fixed
                0x0000000000105820       0x94 lib/built-in.o
                0x0000000000105820                fdtdec_get_addr_size_fixed
 .text.fdtdec_get_addr_size_auto_parent
                0x00000000001058b4       0xa8 lib/built-in.o
                0x00000000001058b4                fdtdec_get_addr_size_auto_parent
 .text.fdtdec_get_addr_size
                0x000000000010595c       0x20 lib/built-in.o
                0x000000000010595c                fdtdec_get_addr_size
 .text.fdtdec_get_addr
                0x000000000010597c        0x8 lib/built-in.o
                0x000000000010597c                fdtdec_get_addr
 .text.fdtdec_setup
                0x0000000000105984       0x10 lib/built-in.o
                0x0000000000105984                fdtdec_setup
 .text._hdelete.isra.0
                0x0000000000105994       0x64 lib/built-in.o
 .text.hsearch_r
                0x00000000001059f8      0x438 lib/built-in.o
                0x00000000001059f8                hsearch_r
 .text.hang     0x0000000000105e30       0x20 lib/built-in.o
                0x0000000000105e30                hang
 .text.kmalloc  0x0000000000105e50       0x50 lib/built-in.o
                0x0000000000105e50                kmalloc
 .text.skip_spaces
                0x0000000000105ea0       0x20 lib/built-in.o
                0x0000000000105ea0                skip_spaces
 .text.strim    0x0000000000105ec0       0x5c lib/built-in.o
                0x0000000000105ec0                strim
 .text.emit     0x0000000000105f1c       0x2c lib/built-in.o
 .text.store_char_in_data
                0x0000000000105f48       0x30 lib/built-in.o
 .text.get_escape_char
                0x0000000000105f78       0x88 lib/built-in.o
 .text.relocate
                0x0000000000106000       0x58 lib/built-in.o
 .text.match    0x0000000000106058      0x3f0 lib/built-in.o
 .text.loop_greedy
                0x0000000000106448       0xb4 lib/built-in.o
 .text.loop_non_greedy
                0x00000000001064fc       0xa0 lib/built-in.o
 .text.quantifier
                0x000000000010659c       0xbc lib/built-in.o
 .text.fixup_branch
                0x0000000000106658       0x54 lib/built-in.o
 .text.compile  0x00000000001066ac      0x378 lib/built-in.o
 .text.slre_compile
                0x0000000000106a24       0xd4 lib/built-in.o
                0x0000000000106a24                slre_compile
 .text.slre_match
                0x0000000000106af8       0xa4 lib/built-in.o
                0x0000000000106af8                slre_match
 .text.strcpy   0x0000000000106b9c       0x18 lib/built-in.o
                0x0000000000106b9c                strcpy
 .text.strncpy  0x0000000000106bb4       0x20 lib/built-in.o
                0x0000000000106bb4                strncpy
 .text.strcmp   0x0000000000106bd4       0x28 lib/built-in.o
                0x0000000000106bd4                strcmp
 .text.strncmp  0x0000000000106bfc       0x38 lib/built-in.o
                0x0000000000106bfc                strncmp
 .text.strchr   0x0000000000106c34       0x28 lib/built-in.o
                0x0000000000106c34                strchr
 .text.strlen   0x0000000000106c5c       0x1c lib/built-in.o
                0x0000000000106c5c                strlen
 .text.strrchr  0x0000000000106c78       0x40 lib/built-in.o
                0x0000000000106c78                strrchr
 .text.strnlen  0x0000000000106cb8       0x28 lib/built-in.o
                0x0000000000106cb8                strnlen
 .text.strdup   0x0000000000106ce0       0x4c lib/built-in.o
                0x0000000000106ce0                strdup
 .text.memset   0x0000000000106d2c       0x1c lib/built-in.o
                0x0000000000106d2c                memset
 .text.memcpy   0x0000000000106d48       0x6c lib/built-in.o
                0x0000000000106d48                memcpy
 .text.memmove  0x0000000000106db4       0x58 lib/built-in.o
                0x0000000000106db4                memmove
 .text.memcmp   0x0000000000106e0c       0x30 lib/built-in.o
                0x0000000000106e0c                memcmp
 .text.memchr   0x0000000000106e3c       0x30 lib/built-in.o
                0x0000000000106e3c                memchr
 .text.timer_init
                0x0000000000106e6c        0x8 lib/built-in.o
                0x0000000000106e6c                timer_init
 .text.get_timer
                0x0000000000106e74       0x3c lib/built-in.o
                0x0000000000106e74                get_timer
 .text.timer_get_us
                0x0000000000106eb0       0x38 lib/built-in.o
                0x0000000000106eb0                timer_get_us
 .text.__udelay
                0x0000000000106ee8       0x4c lib/built-in.o
                0x0000000000106ee8                __udelay
 .text.udelay   0x0000000000106f34       0x44 lib/built-in.o
                0x0000000000106f34                udelay
 .text.panic_str
                0x0000000000106f78       0x18 lib/built-in.o
                0x0000000000106f78                panic_str
 .text.panic    0x0000000000106f90       0x58 lib/built-in.o
                0x0000000000106f90                panic
 .text.putc_outstr
                0x0000000000106fe8       0x14 lib/built-in.o
 .text.putc_normal
                0x0000000000106ffc        0x8 lib/built-in.o
 .text.div_out  0x0000000000107004       0x60 lib/built-in.o
 .text._vprintf
                0x0000000000107064      0x4ac lib/built-in.o
 .text.vprintf  0x0000000000107510       0x44 lib/built-in.o
                0x0000000000107510                vprintf
 .text.printf   0x0000000000107554       0x68 lib/built-in.o
                0x0000000000107554                printf
 .text.sprintf  0x00000000001075bc       0x6c lib/built-in.o
                0x00000000001075bc                sprintf
 .text.snprintf
                0x0000000000107628       0x70 lib/built-in.o
                0x0000000000107628                snprintf
 .text._parse_integer_fixup_radix
                0x0000000000107698       0xac lib/built-in.o
 .text.simple_strtoul
                0x0000000000107744       0x98 lib/built-in.o
                0x0000000000107744                simple_strtoul
 .text.simple_strtol
                0x00000000001077dc       0x2c lib/built-in.o
                0x00000000001077dc                simple_strtol
 .text.trailing_strtoln
                0x0000000000107808       0x78 lib/built-in.o
                0x0000000000107808                trailing_strtoln
 .text.trailing_strtol
                0x0000000000107880        0x8 lib/built-in.o
                0x0000000000107880                trailing_strtol
 .text.part_init
                0x0000000000107888       0x7c disk/built-in.o
                0x0000000000107888                part_init
 .text.clk_request
                0x0000000000107904       0x24 drivers/built-in.o
                0x0000000000107904                clk_request
 .text.clk_get_by_indexed_prop.isra.1
                0x0000000000107928       0xb4 drivers/built-in.o
 .text.clk_get_by_index
                0x00000000001079dc       0x18 drivers/built-in.o
                0x00000000001079dc                clk_get_by_index
 .text.clk_get_by_name
                0x00000000001079f4       0x54 drivers/built-in.o
                0x00000000001079f4                clk_get_by_name
 .text.clk_free
                0x0000000000107a48       0x20 drivers/built-in.o
                0x0000000000107a48                clk_free
 .text.clk_get_rate
                0x0000000000107a68       0x20 drivers/built-in.o
                0x0000000000107a68                clk_get_rate
 .text.clk_set_rate
                0x0000000000107a88       0x20 drivers/built-in.o
                0x0000000000107a88                clk_set_rate
 .text.clk_set_parent
                0x0000000000107aa8       0x20 drivers/built-in.o
                0x0000000000107aa8                clk_set_parent
 .text.clk_set_defaults
                0x0000000000107ac8      0x190 drivers/built-in.o
                0x0000000000107ac8                clk_set_defaults
 .text.clk_enable
                0x0000000000107c58       0x20 drivers/built-in.o
                0x0000000000107c58                clk_enable
 .text.clk_enable_bulk
                0x0000000000107c78       0x60 drivers/built-in.o
                0x0000000000107c78                clk_enable_bulk
 .text.clk_disable
                0x0000000000107cd8       0x20 drivers/built-in.o
                0x0000000000107cd8                clk_disable
 .text.clk_release_all
                0x0000000000107cf8       0x7c drivers/built-in.o
                0x0000000000107cf8                clk_release_all
 .text.clk_get_bulk
                0x0000000000107d74       0xcc drivers/built-in.o
                0x0000000000107d74                clk_get_bulk
 .text.clk_fixed_rate_ofdata_to_platdata
                0x0000000000107e40       0x44 drivers/built-in.o
 .text.clk_fixed_rate_get_rate
                0x0000000000107e84       0x2c drivers/built-in.o
 .text.clk_fixed_factor_get_rate
                0x0000000000107eb0       0x54 drivers/built-in.o
 .text.clk_fixed_factor_ofdata_to_platdata
                0x0000000000107f04       0x78 drivers/built-in.o
 .text.imx8_clk_probe
                0x0000000000107f7c        0x8 drivers/built-in.o
 .text.check_imx8_lpcg_clk
                0x0000000000107f84       0x70 drivers/built-in.o
 .text.check_imx8_slice_clk
                0x0000000000107ff4       0x70 drivers/built-in.o
 .text.imx8_clk_set_parent
                0x0000000000108064      0x124 drivers/built-in.o
 .text.__imx8_clk_enable
                0x0000000000108188       0xe4 drivers/built-in.o
 .text.imx8_clk_disable
                0x000000000010826c       0x10 drivers/built-in.o
 .text.imx8_clk_enable
                0x000000000010827c       0x10 drivers/built-in.o
 .text.__imx8_clk_get_rate
                0x000000000010828c      0x128 drivers/built-in.o
 .text.imx8_clk_get_rate
                0x00000000001083b4        0xc drivers/built-in.o
 .text.__imx8_clk_set_rate
                0x00000000001083c0      0x15c drivers/built-in.o
 .text.imx8_clk_set_rate
                0x000000000010851c       0x10 drivers/built-in.o
 .text.device_bind_common.isra.0
                0x000000000010852c      0x2a4 drivers/built-in.o
 .text.alloc_priv
                0x00000000001087d0       0x68 drivers/built-in.o
 .text.device_bind_with_driver_data
                0x0000000000108838       0x14 drivers/built-in.o
                0x0000000000108838                device_bind_with_driver_data
 .text.device_bind
                0x000000000010884c       0x10 drivers/built-in.o
                0x000000000010884c                device_bind
 .text.device_bind_by_name
                0x000000000010885c       0x7c drivers/built-in.o
                0x000000000010885c                device_bind_by_name
 .text.device_probe
                0x00000000001088d8      0x28c drivers/built-in.o
                0x00000000001088d8                device_probe
 .text.dev_get_platdata
                0x0000000000108b64        0xc drivers/built-in.o
                0x0000000000108b64                dev_get_platdata
 .text.dev_get_parent_platdata
                0x0000000000108b70        0xc drivers/built-in.o
                0x0000000000108b70                dev_get_parent_platdata
 .text.dev_get_uclass_platdata
                0x0000000000108b7c        0xc drivers/built-in.o
                0x0000000000108b7c                dev_get_uclass_platdata
 .text.dev_get_priv
                0x0000000000108b88        0xc drivers/built-in.o
                0x0000000000108b88                dev_get_priv
 .text.dev_get_uclass_priv
                0x0000000000108b94        0xc drivers/built-in.o
                0x0000000000108b94                dev_get_uclass_priv
 .text.dev_get_parent_priv
                0x0000000000108ba0        0xc drivers/built-in.o
                0x0000000000108ba0                dev_get_parent_priv
 .text.device_find_first_child
                0x0000000000108bac       0x20 drivers/built-in.o
                0x0000000000108bac                device_find_first_child
 .text.device_find_next_child
                0x0000000000108bcc       0x28 drivers/built-in.o
                0x0000000000108bcc                device_find_next_child
 .text.dev_get_parent
                0x0000000000108bf4        0x8 drivers/built-in.o
                0x0000000000108bf4                dev_get_parent
 .text.dev_get_driver_data
                0x0000000000108bfc        0x8 drivers/built-in.o
                0x0000000000108bfc                dev_get_driver_data
 .text.dev_get_driver_ops
                0x0000000000108c04       0x10 drivers/built-in.o
                0x0000000000108c04                dev_get_driver_ops
 .text.device_get_uclass_id
                0x0000000000108c14       0x10 drivers/built-in.o
                0x0000000000108c14                device_get_uclass_id
 .text.device_set_name_alloced
                0x0000000000108c24       0x10 drivers/built-in.o
                0x0000000000108c24                device_set_name_alloced
 .text.devfdt_get_addr_index
                0x0000000000108c34       0x7c drivers/built-in.o
                0x0000000000108c34                devfdt_get_addr_index
 .text.devfdt_get_addr
                0x0000000000108cb0        0x8 drivers/built-in.o
                0x0000000000108cb0                devfdt_get_addr
 .text.lists_driver_lookup_name
                0x0000000000108cb8       0x68 drivers/built-in.o
                0x0000000000108cb8                lists_driver_lookup_name
 .text.lists_uclass_lookup
                0x0000000000108d20       0x58 drivers/built-in.o
                0x0000000000108d20                lists_uclass_lookup
 .text.lists_bind_drivers
                0x0000000000108d78       0x90 drivers/built-in.o
                0x0000000000108d78                lists_bind_drivers
 .text.device_bind_driver_to_node
                0x0000000000108e08       0x68 drivers/built-in.o
                0x0000000000108e08                device_bind_driver_to_node
 .text.device_bind_driver
                0x0000000000108e70        0xc drivers/built-in.o
                0x0000000000108e70                device_bind_driver
 .text.lists_bind_fdt
                0x0000000000108e7c      0x158 drivers/built-in.o
                0x0000000000108e7c                lists_bind_fdt
 .text.dm_scan_fdt_node
                0x0000000000108fd4       0xf8 drivers/built-in.o
 .text.dm_scan_fdt_ofnode_path
                0x00000000001090cc       0x48 drivers/built-in.o
 .text.dm_root  0x0000000000109114       0x10 drivers/built-in.o
                0x0000000000109114                dm_root
 .text.dm_get_translation_offset
                0x0000000000109124       0x1c drivers/built-in.o
                0x0000000000109124                dm_get_translation_offset
 .text.dm_init  0x0000000000109140       0x5c drivers/built-in.o
                0x0000000000109140                dm_init
 .text.dm_scan_platdata
                0x000000000010919c       0x28 drivers/built-in.o
                0x000000000010919c                dm_scan_platdata
 .text.dm_scan_fdt_dev
                0x00000000001091c4       0x28 drivers/built-in.o
                0x00000000001091c4                dm_scan_fdt_dev
 .text.dm_scan_fdt
                0x00000000001091ec       0x18 drivers/built-in.o
                0x00000000001091ec                dm_scan_fdt
 .text.dm_extended_scan_fdt
                0x0000000000109204       0x58 drivers/built-in.o
                0x0000000000109204                dm_extended_scan_fdt
 .text.dm_scan_other
                0x000000000010925c        0x8 drivers/built-in.o
                0x000000000010925c                dm_scan_other
 .text.dm_init_and_scan
                0x0000000000109264       0x54 drivers/built-in.o
                0x0000000000109264                dm_init_and_scan
 .text.uclass_find
                0x00000000001092b8       0x48 drivers/built-in.o
                0x00000000001092b8                uclass_find
 .text.uclass_get
                0x0000000000109300      0x130 drivers/built-in.o
                0x0000000000109300                uclass_get
 .text.uclass_find_device
                0x0000000000109430       0x78 drivers/built-in.o
                0x0000000000109430                uclass_find_device
 .text.uclass_find_first_device
                0x00000000001094a8       0x50 drivers/built-in.o
                0x00000000001094a8                uclass_find_first_device
 .text.uclass_find_next_device
                0x00000000001094f8       0x2c drivers/built-in.o
                0x00000000001094f8                uclass_find_next_device
 .text.uclass_find_device_by_name
                0x0000000000109524       0x98 drivers/built-in.o
                0x0000000000109524                uclass_find_device_by_name
 .text.uclass_find_device_by_seq
                0x00000000001095bc       0x90 drivers/built-in.o
                0x00000000001095bc                uclass_find_device_by_seq
 .text.uclass_find_device_by_of_offset
                0x000000000010964c       0x78 drivers/built-in.o
                0x000000000010964c                uclass_find_device_by_of_offset
 .text.uclass_find_device_by_ofnode
                0x00000000001096c4       0x7c drivers/built-in.o
                0x00000000001096c4                uclass_find_device_by_ofnode
 .text.uclass_find_device_by_phandle
                0x0000000000109740       0xb4 drivers/built-in.o
                0x0000000000109740                uclass_find_device_by_phandle
 .text.uclass_get_device_tail
                0x00000000001097f4       0x40 drivers/built-in.o
                0x00000000001097f4                uclass_get_device_tail
 .text.uclass_get_device
                0x0000000000109834       0x38 drivers/built-in.o
                0x0000000000109834                uclass_get_device
 .text.uclass_get_device_by_seq
                0x000000000010986c       0x68 drivers/built-in.o
                0x000000000010986c                uclass_get_device_by_seq
 .text.uclass_get_device_by_of_offset
                0x00000000001098d4       0x38 drivers/built-in.o
                0x00000000001098d4                uclass_get_device_by_of_offset
 .text.uclass_get_device_by_ofnode
                0x000000000010990c       0x38 drivers/built-in.o
                0x000000000010990c                uclass_get_device_by_ofnode
 .text.uclass_get_device_by_phandle_id
                0x0000000000109944       0x90 drivers/built-in.o
                0x0000000000109944                uclass_get_device_by_phandle_id
 .text.uclass_get_device_by_phandle
                0x00000000001099d4       0x38 drivers/built-in.o
                0x00000000001099d4                uclass_get_device_by_phandle
 .text.uclass_first_device
                0x0000000000109a0c       0x44 drivers/built-in.o
                0x0000000000109a0c                uclass_first_device
 .text.uclass_bind_device
                0x0000000000109a50       0x70 drivers/built-in.o
                0x0000000000109a50                uclass_bind_device
 .text.uclass_resolve_seq
                0x0000000000109ac0       0x98 drivers/built-in.o
                0x0000000000109ac0                uclass_resolve_seq
 .text.uclass_pre_probe_device
                0x0000000000109b58       0x64 drivers/built-in.o
                0x0000000000109b58                uclass_pre_probe_device
 .text.uclass_post_probe_device
                0x0000000000109bbc       0x64 drivers/built-in.o
                0x0000000000109bbc                uclass_post_probe_device
 .text.dm_ofnode_pre_reloc
                0x0000000000109c20       0x48 drivers/built-in.o
                0x0000000000109c20                dm_ofnode_pre_reloc
 .text.simple_bus_post_bind
                0x0000000000109c68       0x60 drivers/built-in.o
 .text.simple_bus_translate
                0x0000000000109cc8       0x50 drivers/built-in.o
                0x0000000000109cc8                simple_bus_translate
 .text.ofnode_read_u32
                0x0000000000109d18       0x5c drivers/built-in.o
                0x0000000000109d18                ofnode_read_u32
 .text.ofnode_read_u32_default
                0x0000000000109d74       0x20 drivers/built-in.o
                0x0000000000109d74                ofnode_read_u32_default
 .text.ofnode_read_string
                0x0000000000109d94       0x5c drivers/built-in.o
                0x0000000000109d94                ofnode_read_string
 .text.ofnode_read_u32_array
                0x0000000000109df0       0x1c drivers/built-in.o
                0x0000000000109df0                ofnode_read_u32_array
 .text.ofnode_first_subnode
                0x0000000000109e0c       0x24 drivers/built-in.o
                0x0000000000109e0c                ofnode_first_subnode
 .text.ofnode_next_subnode
                0x0000000000109e30       0x24 drivers/built-in.o
                0x0000000000109e30                ofnode_next_subnode
 .text.ofnode_get_name
                0x0000000000109e54       0x14 drivers/built-in.o
                0x0000000000109e54                ofnode_get_name
 .text.ofnode_read_size
                0x0000000000109e68       0x38 drivers/built-in.o
                0x0000000000109e68                ofnode_read_size
 .text.ofnode_stringlist_search
                0x0000000000109ea0       0x44 drivers/built-in.o
                0x0000000000109ea0                ofnode_stringlist_search
 .text.ofnode_parse_phandle_with_args
                0x0000000000109ee4       0x6c drivers/built-in.o
                0x0000000000109ee4                ofnode_parse_phandle_with_args
 .text.ofnode_count_phandle_with_args
                0x0000000000109f50       0x24 drivers/built-in.o
                0x0000000000109f50                ofnode_count_phandle_with_args
 .text.ofnode_path
                0x0000000000109f74       0x24 drivers/built-in.o
                0x0000000000109f74                ofnode_path
 .text.ofnode_get_property
                0x0000000000109f98       0x18 drivers/built-in.o
                0x0000000000109f98                ofnode_get_property
 .text.ofnode_read_bool
                0x0000000000109fb0       0x20 drivers/built-in.o
                0x0000000000109fb0                ofnode_read_bool
 .text.ofnode_pre_reloc
                0x0000000000109fd0       0x64 drivers/built-in.o
                0x0000000000109fd0                ofnode_pre_reloc
 .text.gpio_post_bind
                0x000000000010a034        0x8 drivers/built-in.o
 .text.check_reserved
                0x000000000010a03c       0x78 drivers/built-in.o
 .text.gpio_renumber
                0x000000000010a0b4       0x90 drivers/built-in.o
 .text.gpio_pre_remove
                0x000000000010a144       0x5c drivers/built-in.o
 .text.gpio_post_probe
                0x000000000010a1a0       0x48 drivers/built-in.o
 .text.gpio_xlate_offs_flags
                0x000000000010a1e8       0x40 drivers/built-in.o
                0x000000000010a1e8                gpio_xlate_offs_flags
 .text.dm_gpio_request
                0x000000000010a228       0xb8 drivers/built-in.o
                0x000000000010a228                dm_gpio_request
 .text.dm_gpio_get_value
                0x000000000010a2e0       0x54 drivers/built-in.o
                0x000000000010a2e0                dm_gpio_get_value
 .text.dm_gpio_set_value
                0x000000000010a334       0x6c drivers/built-in.o
                0x000000000010a334                dm_gpio_set_value
 .text.dm_gpio_set_dir_flags
                0x000000000010a3a0       0xa8 drivers/built-in.o
                0x000000000010a3a0                dm_gpio_set_dir_flags
 .text.gpio_request_tail.isra.2
                0x000000000010a448       0xdc drivers/built-in.o
 .text.gpio_request_by_name
                0x000000000010a524       0x68 drivers/built-in.o
                0x000000000010a524                gpio_request_by_name
 .text.mxc_gpio_get_function
                0x000000000010a58c       0x3c drivers/built-in.o
 .text.mxc_gpio_get_value
                0x000000000010a5c8       0x34 drivers/built-in.o
 .text.mxc_gpio_direction_input
                0x000000000010a5fc       0x44 drivers/built-in.o
 .text.mxc_gpio_probe
                0x000000000010a640       0x84 drivers/built-in.o
 .text.mxc_gpio_bind
                0x000000000010a6c4       0x74 drivers/built-in.o
 .text.mxc_gpio_direction_output
                0x000000000010a738       0x6c drivers/built-in.o
 .text.mxc_gpio_set_value
                0x000000000010a7a4       0x54 drivers/built-in.o
 .text.misc_call
                0x000000000010a7f8       0x1c drivers/built-in.o
                0x000000000010a7f8                misc_call
 .text.sc_pm_set_clock_rate
                0x000000000010a814       0x9c drivers/built-in.o
                0x000000000010a814                sc_pm_set_clock_rate
 .text.sc_pm_get_clock_rate
                0x000000000010a8b0       0x98 drivers/built-in.o
                0x000000000010a8b0                sc_pm_get_clock_rate
 .text.sc_pm_clock_enable
                0x000000000010a948       0xa4 drivers/built-in.o
                0x000000000010a948                sc_pm_clock_enable
 .text.sc_pm_set_clock_parent
                0x000000000010a9ec       0x90 drivers/built-in.o
                0x000000000010a9ec                sc_pm_set_clock_parent
 .text.sc_pm_set_resource_power_mode
                0x000000000010aa7c       0x8c drivers/built-in.o
                0x000000000010aa7c                sc_pm_set_resource_power_mode
 .text.sc_pad_set
                0x000000000010ab08       0x88 drivers/built-in.o
                0x000000000010ab08                sc_pad_set
 .text.sc_misc_set_control
                0x000000000010ab90       0x8c drivers/built-in.o
                0x000000000010ab90                sc_misc_set_control
 .text.sc_misc_get_control
                0x000000000010ac1c       0x98 drivers/built-in.o
                0x000000000010ac1c                sc_misc_get_control
 .text.sc_misc_get_boot_dev
                0x000000000010acb4       0x74 drivers/built-in.o
                0x000000000010acb4                sc_misc_get_boot_dev
 .text.sc_rm_is_resource_owned
                0x000000000010ad28       0xac drivers/built-in.o
                0x000000000010ad28                sc_rm_is_resource_owned
 .text.sc_rm_is_pad_owned
                0x000000000010add4       0xac drivers/built-in.o
                0x000000000010add4                sc_rm_is_pad_owned
 .text.imx8_scu_remove
                0x000000000010ae80        0x8 drivers/built-in.o
 .text.imx8_scu_probe
                0x000000000010ae88       0x5c drivers/built-in.o
 .text.imx8_scu_bind
                0x000000000010aee4       0x60 drivers/built-in.o
 .text.mu_hal_sendmsg
                0x000000000010af44       0xa0 drivers/built-in.o
 .text.mu_hal_receivemsg
                0x000000000010afe4       0xa8 drivers/built-in.o
 .text.imx8_scu_call
                0x000000000010b08c      0x168 drivers/built-in.o
 .text.mmc_send_op_cond_iter
                0x000000000010b1f4       0x74 drivers/built-in.o
 .text.mmc_send_ext_csd
                0x000000000010b268       0x40 drivers/built-in.o
 .text.mmc_go_idle
                0x000000000010b2a8       0x50 drivers/built-in.o
 .text.mmc_set_capacity
                0x000000000010b2f8       0x84 drivers/built-in.o
 .text.mmc_read_and_compare_ext_csd
                0x000000000010b37c       0xb0 drivers/built-in.o
 .text.mmc_power_on.isra.3
                0x000000000010b42c       0x44 drivers/built-in.o
 .text.sd_get_capabilities
                0x000000000010b470      0x1b4 drivers/built-in.o
 .text.mmc_send_status
                0x000000000010b624       0xe0 drivers/built-in.o
                0x000000000010b624                mmc_send_status
 .text.__mmc_switch.isra.5.constprop.14
                0x000000000010b704       0x6c drivers/built-in.o
 .text.mmc_set_card_speed.constprop.12
                0x000000000010b770       0x9c drivers/built-in.o
 .text.mmc_startup_v4
                0x000000000010b80c      0x20c drivers/built-in.o
 .text.mmc_set_blocklen
                0x000000000010ba18       0x7c drivers/built-in.o
                0x000000000010ba18                mmc_set_blocklen
 .text.mmc_bread
                0x000000000010ba94      0x17c drivers/built-in.o
                0x000000000010ba94                mmc_bread
 .text.mmc_switch
                0x000000000010bc10        0xc drivers/built-in.o
                0x000000000010bc10                mmc_switch
 .text.mmc_switch_part
                0x000000000010bc1c       0x78 drivers/built-in.o
                0x000000000010bc1c                mmc_switch_part
 .text.mmc_set_clock
                0x000000000010bc94       0x30 drivers/built-in.o
                0x000000000010bc94                mmc_set_clock
 .text.mmc_get_op_cond
                0x000000000010bcc4      0x294 drivers/built-in.o
                0x000000000010bcc4                mmc_get_op_cond
 .text.mmc_start_init
                0x000000000010bf58       0x68 drivers/built-in.o
                0x000000000010bf58                mmc_start_init
 .text.mmc_init
                0x000000000010bfc0      0x8f4 drivers/built-in.o
                0x000000000010bfc0                mmc_init
 .text.mmc_initialize
                0x000000000010c8b4       0xd0 drivers/built-in.o
                0x000000000010c8b4                mmc_initialize
 .text.mmc_blk_probe
                0x000000000010c984       0x1c drivers/built-in.o
 .text.dm_mmc_set_ios
                0x000000000010c9a0       0x1c drivers/built-in.o
                0x000000000010c9a0                dm_mmc_set_ios
 .text.mmc_set_ios
                0x000000000010c9bc        0x8 drivers/built-in.o
                0x000000000010c9bc                mmc_set_ios
 .text.dm_mmc_send_init_stream
                0x000000000010c9c4       0x18 drivers/built-in.o
                0x000000000010c9c4                dm_mmc_send_init_stream
 .text.mmc_send_init_stream
                0x000000000010c9dc        0x8 drivers/built-in.o
                0x000000000010c9dc                mmc_send_init_stream
 .text.dm_mmc_get_cd
                0x000000000010c9e4       0x1c drivers/built-in.o
                0x000000000010c9e4                dm_mmc_get_cd
 .text.mmc_getcd
                0x000000000010ca00        0x8 drivers/built-in.o
                0x000000000010ca00                mmc_getcd
 .text.mmc_get_mmc_dev
                0x000000000010ca08       0x28 drivers/built-in.o
                0x000000000010ca08                mmc_get_mmc_dev
 .text.dm_mmc_send_cmd
                0x000000000010ca30       0x60 drivers/built-in.o
                0x000000000010ca30                dm_mmc_send_cmd
 .text.mmc_send_cmd
                0x000000000010ca90        0x8 drivers/built-in.o
                0x000000000010ca90                mmc_send_cmd
 .text.mmc_select_hwpart
                0x000000000010ca98       0x78 drivers/built-in.o
 .text.find_mmc_device
                0x000000000010cb10       0x54 drivers/built-in.o
                0x000000000010cb10                find_mmc_device
 .text.mmc_get_blk_desc
                0x000000000010cb64       0x28 drivers/built-in.o
                0x000000000010cb64                mmc_get_blk_desc
 .text.mmc_do_preinit
                0x000000000010cb8c       0x68 drivers/built-in.o
                0x000000000010cb8c                mmc_do_preinit
 .text.mmc_bind
                0x000000000010cbf4       0xa0 drivers/built-in.o
                0x000000000010cbf4                mmc_bind
 .text.fsl_esdhc_get_cd
                0x000000000010cc94       0x74 drivers/built-in.o
 .text.fsl_esdhc_probe
                0x000000000010cd08      0x4f0 drivers/built-in.o
 .text.fsl_esdhc_bind
                0x000000000010d1f8       0x2c drivers/built-in.o
 .text.fsl_esdhc_set_ios
                0x000000000010d224      0x16c drivers/built-in.o
 .text.check_and_invalidate_dcache_range.isra.2
                0x000000000010d390       0x50 drivers/built-in.o
 .text.fsl_esdhc_send_cmd
                0x000000000010d3e0      0x434 drivers/built-in.o
 .text.pinconfig_post_bind
                0x000000000010d814       0xdc drivers/built-in.o
 .text.pinctrl_post_bind
                0x000000000010d8f0       0x28 drivers/built-in.o
 .text.pinctrl_select_state
                0x000000000010d918      0x16c drivers/built-in.o
                0x000000000010d918                pinctrl_select_state
 .text.imx_pinctrl_set_state
                0x000000000010da84      0x31c drivers/built-in.o
 .text.imx_pinctrl_probe
                0x000000000010dda0      0x130 drivers/built-in.o
                0x000000000010dda0                imx_pinctrl_probe
 .text.imx_pinctrl_remove
                0x000000000010ded0       0x18 drivers/built-in.o
                0x000000000010ded0                imx_pinctrl_remove
 .text.imx_pinctrl_scu_conf_pins
                0x000000000010dee8       0xac drivers/built-in.o
                0x000000000010dee8                imx_pinctrl_scu_conf_pins
 .text.imx8_pinctrl_probe
                0x000000000010df94       0x28 drivers/built-in.o
 .text._serial_putc
                0x000000000010dfbc       0x58 drivers/built-in.o
 .text.serial_post_probe
                0x000000000010e014       0x20 drivers/built-in.o
 .text.serial_pre_remove
                0x000000000010e034        0x8 drivers/built-in.o
 .text.serial_init
                0x000000000010e03c      0x15c drivers/built-in.o
                0x000000000010e03c                serial_init
 .text.serial_putc
                0x000000000010e198       0x18 drivers/built-in.o
                0x000000000010e198                serial_putc
 .text.serial_puts
                0x000000000010e1b0       0x74 drivers/built-in.o
                0x000000000010e1b0                serial_puts
 .text.serial_getc
                0x000000000010e224       0x50 drivers/built-in.o
                0x000000000010e224                serial_getc
 .text.serial_tstc
                0x000000000010e274       0x34 drivers/built-in.o
                0x000000000010e274                serial_tstc
 .text.get_lpuart_clk_rate
                0x000000000010e2a8       0x74 drivers/built-in.o
 .text._lpuart32_serial_setbrg_7ulp
                0x000000000010e31c       0xf0 drivers/built-in.o
 .text._lpuart_serial_setbrg
                0x000000000010e40c       0x5c drivers/built-in.o
 .text.lpuart_serial_ofdata_to_platdata
                0x000000000010e468       0xe0 drivers/built-in.o
 .text.lpuart_read32
                0x000000000010e548       0x20 drivers/built-in.o
 .text.lpuart_serial_pending
                0x000000000010e568       0x84 drivers/built-in.o
 .text.lpuart_write32
                0x000000000010e5ec       0x14 drivers/built-in.o
 .text.lpuart_serial_putc
                0x000000000010e600       0x84 drivers/built-in.o
 .text.lpuart_serial_getc
                0x000000000010e684       0xb4 drivers/built-in.o
 .text._lpuart32_serial_setbrg
                0x000000000010e738       0x5c drivers/built-in.o
 .text.lpuart_serial_setbrg
                0x000000000010e794       0x64 drivers/built-in.o
 .text.lpuart_serial_probe
                0x000000000010e7f8      0x160 drivers/built-in.o
 .text.regulator_pre_probe
                0x000000000010e958      0x12c drivers/built-in.o
 .text.regulator_post_bind
                0x000000000010ea84       0xcc drivers/built-in.o
 .text.regulator_get_value
                0x000000000010eb50       0x40 drivers/built-in.o
                0x000000000010eb50                regulator_get_value
 .text.regulator_get_enable
                0x000000000010eb90       0x40 drivers/built-in.o
                0x000000000010eb90                regulator_get_enable
 .text.regulator_set_enable
                0x000000000010ebd0       0xe0 drivers/built-in.o
                0x000000000010ebd0                regulator_set_enable
 .text.device_get_supply_regulator
                0x000000000010ecb0       0x14 drivers/built-in.o
                0x000000000010ecb0                device_get_supply_regulator
 .text.fixed_regulator_set_enable
                0x000000000010ecc4       0x94 drivers/built-in.o
 .text.fixed_regulator_get_enable
                0x000000000010ed58       0x28 drivers/built-in.o
 .text.fixed_regulator_get_current
                0x000000000010ed80       0x38 drivers/built-in.o
 .text.fixed_regulator_get_value
                0x000000000010edb8       0x38 drivers/built-in.o
 .text.fixed_regulator_ofdata_to_platdata
                0x000000000010edf0       0xb8 drivers/built-in.o
 .text.power_domain_lookup_name
                0x000000000010eea8       0xac drivers/built-in.o
                0x000000000010eea8                power_domain_lookup_name
 .text.power_domain_get_by_index
                0x000000000010ef54       0xac drivers/built-in.o
                0x000000000010ef54                power_domain_get_by_index
 .text.power_domain_get
                0x000000000010f000        0x8 drivers/built-in.o
                0x000000000010f000                power_domain_get
 .text.power_domain_free
                0x000000000010f008       0x14 drivers/built-in.o
                0x000000000010f008                power_domain_free
 .text.power_domain_on
                0x000000000010f01c       0x14 drivers/built-in.o
                0x000000000010f01c                power_domain_on
 .text.power_domain_off
                0x000000000010f030       0x14 drivers/built-in.o
                0x000000000010f030                power_domain_off
 .text.imx8_power_domain_request
                0x000000000010f044        0x8 drivers/built-in.o
 .text.imx8_power_domain_of_xlate
                0x000000000010f04c        0x8 drivers/built-in.o
 .text.imx8_power_domain_probe
                0x000000000010f054       0x20 drivers/built-in.o
 .text.imx8_power_domain_on
                0x000000000010f074       0xe8 drivers/built-in.o
 .text.imx8_power_domain_ofdata_to_platdata
                0x000000000010f15c       0x54 drivers/built-in.o
 .text.imx8_power_domain_bind
                0x000000000010f1b0       0xd0 drivers/built-in.o
 .text.imx8_power_domain_off_parentnodes.isra.1
                0x000000000010f280       0xe0 drivers/built-in.o
 .text.imx8_power_domain_off
                0x000000000010f360      0x12c drivers/built-in.o
 .text.imx8_power_domain_free
                0x000000000010f48c        0x8 drivers/built-in.o
 .text.usb_ep_autoconfig
                0x000000000010f494      0x220 drivers/built-in.o
                0x000000000010f494                usb_ep_autoconfig
 .text.usb_ep_autoconfig_reset
                0x000000000010f6b4       0x30 drivers/built-in.o
                0x000000000010f6b4                usb_ep_autoconfig_reset
 .text.usb_descriptor_fillbuf
                0x000000000010f6e4       0x84 drivers/built-in.o
                0x000000000010f6e4                usb_descriptor_fillbuf
 .text.usb_gadget_get_string
                0x000000000010f768      0x194 drivers/built-in.o
                0x000000000010f768                usb_gadget_get_string
 .text.count_configs
                0x000000000010f8fc       0x84 drivers/built-in.o
 .text.collect_langs
                0x000000000010f980       0x44 drivers/built-in.o
 .text.composite_setup_complete
                0x000000000010f9c4        0x4 drivers/built-in.o
 .text.count_ext_prop
                0x000000000010f9c8       0x58 drivers/built-in.o
 .text.len_ext_prop
                0x000000000010fa20       0x60 drivers/built-in.o
 .text.composite_suspend
                0x000000000010fa80       0x80 drivers/built-in.o
 .text.composite_resume
                0x000000000010fb00       0x7c drivers/built-in.o
 .text.g_dnl_unbind
                0x000000000010fb7c       0x34 drivers/built-in.o
 .text.lookup_string
                0x000000000010fbb0       0x64 drivers/built-in.o
 .text.composite_unbind
                0x000000000010fc14      0x12c drivers/built-in.o
 .text.composite_bind
                0x000000000010fd40      0x208 drivers/built-in.o
 .text.g_dnl_do_config
                0x000000000010ff48       0x58 drivers/built-in.o
 .text.reset_config.isra.0
                0x000000000010ffa0       0x5c drivers/built-in.o
 .text.composite_disconnect
                0x000000000010fffc       0x4c drivers/built-in.o
 .text.count_ext_compat
                0x0000000000110048       0xb0 drivers/built-in.o
 .text.composite_setup
                0x00000000001100f8      0xf98 drivers/built-in.o
 .text.usb_add_function
                0x0000000000111090       0xd8 drivers/built-in.o
                0x0000000000111090                usb_add_function
 .text.usb_interface_id
                0x0000000000111168       0x30 drivers/built-in.o
                0x0000000000111168                usb_interface_id
 .text.usb_add_config
                0x0000000000111198      0x124 drivers/built-in.o
                0x0000000000111198                usb_add_config
 .text.usb_string_id
                0x00000000001112bc       0x28 drivers/built-in.o
                0x00000000001112bc                usb_string_id
 .text.usb_composite_register
                0x00000000001112e4       0x74 drivers/built-in.o
                0x00000000001112e4                usb_composite_register
 .text.g_dnl_bind
                0x0000000000111358      0x198 drivers/built-in.o
 .text.g_dnl_clear_detach
                0x00000000001114f0        0xc drivers/built-in.o
                0x00000000001114f0                g_dnl_clear_detach
 .text.g_dnl_register
                0x00000000001114fc       0x4c drivers/built-in.o
                0x00000000001114fc                g_dnl_register
 .text.sdp_get_alt
                0x0000000000111548        0x8 drivers/built-in.o
 .text.sdp_tx_complete
                0x0000000000111550       0x98 drivers/built-in.o
 .text.sdp_rx_data_complete
                0x00000000001115e8       0xe4 drivers/built-in.o
 .text.sdp_setup
                0x00000000001116cc      0x134 drivers/built-in.o
 .text.sdp_rx_command_complete
                0x0000000000111800      0x234 drivers/built-in.o
 .text.alloc_ep_req
                0x0000000000111a34       0x74 drivers/built-in.o
 .text.sdp_add  0x0000000000111aa8      0x10c drivers/built-in.o
                0x0000000000111aa8                sdp_add
 .text.sdp_disable
                0x0000000000111bb4       0x8c drivers/built-in.o
 .text.sdp_unbind
                0x0000000000111c40       0x28 drivers/built-in.o
 .text.sdp_bind
                0x0000000000111c68       0xac drivers/built-in.o
 .text.sdp_set_alt
                0x0000000000111d14      0x140 drivers/built-in.o
 .text.sdp_init
                0x0000000000111e54       0x64 drivers/built-in.o
                0x0000000000111e54                sdp_init
 .text.sdp_handle
                0x0000000000111eb8      0x348 drivers/built-in.o
                0x0000000000111eb8                sdp_handle
 .text.ci_ep_disable
                0x0000000000112200       0x10 drivers/built-in.o
 .text.ci_ep_dequeue
                0x0000000000112210       0x8c drivers/built-in.o
 .text.ci_udc_gadget_start
                0x000000000011229c       0x34 drivers/built-in.o
 .text.ci_ep_free_request
                0x00000000001122d0       0x58 drivers/built-in.o
 .text.ci_udc_gadget_stop
                0x0000000000112328       0x44 drivers/built-in.o
 .text.ci_udc_otg_ofdata_to_platdata
                0x000000000011236c       0x7c drivers/built-in.o
 .text.ci_udc_otg_remove
                0x00000000001123e8       0xc4 drivers/built-in.o
 .text.ci_ep_alloc_request
                0x00000000001124ac       0x70 drivers/built-in.o
 .text.ci_flush_qtd
                0x000000000011251c       0x1c drivers/built-in.o
 .text.ci_flush_qh
                0x0000000000112538       0x1c drivers/built-in.o
 .text.stop_activity
                0x0000000000112554       0xc0 drivers/built-in.o
 .text.ci_udc_otg_probe
                0x0000000000112614      0x554 drivers/built-in.o
 .text.ep_enable
                0x0000000000112b68       0x74 drivers/built-in.o
 .text.ci_ep_enable
                0x0000000000112bdc       0x74 drivers/built-in.o
 .text.ci_ep_submit_next_request
                0x0000000000112c50      0x1d0 drivers/built-in.o
 .text.ci_ep_queue
                0x0000000000112e20      0x128 drivers/built-in.o
 .text.ci_init_after_reset
                0x0000000000112f48        0x4 drivers/built-in.o
                0x0000000000112f48                ci_init_after_reset
 .text.udc_irq  0x0000000000112f4c      0x4cc drivers/built-in.o
                0x0000000000112f4c                udc_irq
 .text.ci_udc_handle_interrupts
                0x0000000000113418       0x38 drivers/built-in.o
                0x0000000000113418                ci_udc_handle_interrupts
 .text.ci_udc_gadget_handle_interrupts
                0x0000000000113450        0x4 drivers/built-in.o
 .text.udc_disconnect
                0x0000000000113454       0x5c drivers/built-in.o
                0x0000000000113454                udc_disconnect
 .text.ci_pullup
                0x00000000001134b0       0x90 drivers/built-in.o
 .text.usb_get_dr_mode
                0x0000000000113540       0x8c drivers/built-in.o
                0x0000000000113540                usb_get_dr_mode
 .text.usb_gadget_remove_driver
                0x00000000001135cc       0x68 drivers/built-in.o
 .text.usb_udc_release
                0x0000000000113634        0x8 drivers/built-in.o
 .text.usb_gadget_map_request
                0x000000000011363c       0x18 drivers/built-in.o
                0x000000000011363c                usb_gadget_map_request
 .text.usb_gadget_unmap_request
                0x0000000000113654        0x4 drivers/built-in.o
                0x0000000000113654                usb_gadget_unmap_request
 .text.usb_gadget_giveback_request
                0x0000000000113658        0x8 drivers/built-in.o
                0x0000000000113658                usb_gadget_giveback_request
 .text.usb_gadget_set_state
                0x0000000000113660        0x8 drivers/built-in.o
                0x0000000000113660                usb_gadget_set_state
 .text.usb_add_gadget_udc_release
                0x0000000000113668       0x74 drivers/built-in.o
                0x0000000000113668                usb_add_gadget_udc_release
 .text.usb_add_gadget_udc
                0x00000000001136dc        0x8 drivers/built-in.o
                0x00000000001136dc                usb_add_gadget_udc
 .text.usb_del_gadget_udc
                0x00000000001136e4       0x64 drivers/built-in.o
                0x00000000001136e4                usb_del_gadget_udc
 .text.usb_gadget_probe_driver
                0x0000000000113748      0x108 drivers/built-in.o
                0x0000000000113748                usb_gadget_probe_driver
 .text.usb_gadget_register_driver
                0x0000000000113850        0x4 drivers/built-in.o
                0x0000000000113850                usb_gadget_register_driver
 .text.usb_gadget_initialize
                0x0000000000113854       0xa4 drivers/built-in.o
                0x0000000000113854                usb_gadget_initialize
 .text.usb_gadget_release
                0x00000000001138f8        0x8 drivers/built-in.o
                0x00000000001138f8                usb_gadget_release
 .text.usb_gadget_handle_interrupts
                0x0000000000113900       0x4c drivers/built-in.o
                0x0000000000113900                usb_gadget_handle_interrupts
 .text.usb_match_device
                0x000000000011394c       0xc4 drivers/built-in.o
 .text.usb_child_post_bind
                0x0000000000113a10       0x88 drivers/built-in.o
 .text.usb_match_one_id_intf.isra.1
                0x0000000000113a98       0x80 drivers/built-in.o
 .text.submit_control_msg
                0x0000000000113b18       0x9c drivers/built-in.o
                0x0000000000113b18                submit_control_msg
 .text.usb_alloc_device
                0x0000000000113bb4       0x24 drivers/built-in.o
                0x0000000000113bb4                usb_alloc_device
 .text.usb_reset_root_port
                0x0000000000113bd8       0x24 drivers/built-in.o
                0x0000000000113bd8                usb_reset_root_port
 .text.usb_update_hub_device
                0x0000000000113bfc       0x24 drivers/built-in.o
                0x0000000000113bfc                usb_update_hub_device
 .text.usb_get_bus
                0x0000000000113c20       0x3c drivers/built-in.o
                0x0000000000113c20                usb_get_bus
 .text.usb_scan_device
                0x0000000000113c5c      0x27c drivers/built-in.o
                0x0000000000113c5c                usb_scan_device
 .text.usb_child_pre_probe
                0x0000000000113ed8       0x84 drivers/built-in.o
                0x0000000000113ed8                usb_child_pre_probe
 .text.ehci_get_port_speed
                0x0000000000113f5c        0x8 drivers/built-in.o
 .text.ehci_set_usbmode
                0x0000000000113f64       0x20 drivers/built-in.o
 .text.ehci_get_portsc_register
                0x0000000000113f84       0x34 drivers/built-in.o
 .text.ehci_get_max_xfer_size
                0x0000000000113fb8       0x10 drivers/built-in.o
 .text.ehci_powerup_fixup
                0x0000000000113fc8        0x8 drivers/built-in.o
 .text.handshake
                0x0000000000113fd0       0xe0 drivers/built-in.o
 .text.ehci_td_buffer
                0x00000000001140b0       0x94 drivers/built-in.o
 .text.ehci_shutdown
                0x0000000000114144      0x104 drivers/built-in.o
 .text._ehci_poll_int_queue
                0x0000000000114248       0xe0 drivers/built-in.o
 .text.ehci_poll_int_queue
                0x0000000000114328        0xc drivers/built-in.o
 .text.disable_periodic.isra.1
                0x0000000000114334       0x54 drivers/built-in.o
 .text.enable_periodic.isra.2
                0x0000000000114388       0x5c drivers/built-in.o
 .text.ehci_get_ctrl.isra.3
                0x00000000001143e4       0x14 drivers/built-in.o
 .text._ehci_destroy_int_queue
                0x00000000001143f8       0xf8 drivers/built-in.o
 .text.ehci_destroy_int_queue
                0x00000000001144f0        0xc drivers/built-in.o
 .text.ehci_update_endpt2_dev_n_port.isra.4
                0x00000000001144fc       0x60 drivers/built-in.o
 .text.ehci_submit_async
                0x000000000011455c      0x5e8 drivers/built-in.o
 .text.ehci_submit_bulk_msg
                0x0000000000114b44       0x2c drivers/built-in.o
 .text._ehci_create_int_queue.isra.5
                0x0000000000114b70      0x3ac drivers/built-in.o
 .text.ehci_create_int_queue
                0x0000000000114f1c       0x18 drivers/built-in.o
 .text.ehci_submit_int_msg
                0x0000000000114f34       0xdc drivers/built-in.o
 .text.ehci_submit_control_msg
                0x0000000000115010      0x58c drivers/built-in.o
 .text.ehci_register
                0x000000000011559c      0x37c drivers/built-in.o
                0x000000000011559c                ehci_register
 .text.ehci_deregister
                0x0000000000115918       0x28 drivers/built-in.o
                0x0000000000115918                ehci_deregister
 .text.ehci_mx6_powerup_fixup
                0x0000000000115940       0x5c drivers/built-in.o
 .text.ehci_usb_remove
                0x000000000011599c       0x4c drivers/built-in.o
                0x000000000011599c                ehci_usb_remove
 .text.board_ehci_hcd_init
                0x00000000001159e8        0x8 drivers/built-in.o
                0x00000000001159e8                board_ehci_hcd_init
 .text.ehci_mx6_common_init
                0x00000000001159f0      0x234 drivers/built-in.o
                0x00000000001159f0                ehci_mx6_common_init
 .text.ehci_usb_probe
                0x0000000000115c24      0x44c drivers/built-in.o
 .text.mx6_init_after_reset
                0x0000000000116070       0xcc drivers/built-in.o
 .text.board_ehci_usb_phy_mode
                0x000000000011613c        0x8 drivers/built-in.o
                0x000000000011613c                board_ehci_usb_phy_mode
 .text.ehci_usb_ofdata_to_platdata
                0x0000000000116144       0xfc drivers/built-in.o
 .text.xhci_microframes_to_exponent
                0x0000000000116240       0x78 drivers/built-in.o
 .text.xhci_get_max_xfer_size
                0x00000000001162b8       0x10 drivers/built-in.o
 .text.xhci_reset
                0x00000000001162c8       0xbc drivers/built-in.o
 .text.xhci_submit_bulk_msg
                0x0000000000116384       0x40 drivers/built-in.o
 .text.xhci_get_ep_index
                0x00000000001163c4       0x24 drivers/built-in.o
 .text.xhci_submit_int_msg
                0x00000000001163e8       0x40 drivers/built-in.o
 .text.xhci_get_ctrl
                0x0000000000116428       0x38 drivers/built-in.o
                0x0000000000116428                xhci_get_ctrl
 .text.xhci_configure_endpoints
                0x0000000000116460      0x104 drivers/built-in.o
 .text.xhci_update_hub_device
                0x0000000000116564      0x164 drivers/built-in.o
 .text.xhci_alloc_device
                0x00000000001166c8       0xe0 drivers/built-in.o
 .text.xhci_submit_control_msg
                0x00000000001167a8      0xa9c drivers/built-in.o
 .text.xhci_check_maxpacket
                0x0000000000117244       0xc8 drivers/built-in.o
                0x0000000000117244                xhci_check_maxpacket
 .text.xhci_register
                0x000000000011730c      0x198 drivers/built-in.o
                0x000000000011730c                xhci_register
 .text.xhci_deregister
                0x00000000001174a4       0x6c drivers/built-in.o
                0x00000000001174a4                xhci_deregister
 .text.xhci_ring_free
                0x0000000000117510       0x98 drivers/built-in.o
 .text.xhci_flush_cache
                0x00000000001175a8       0x54 drivers/built-in.o
                0x00000000001175a8                xhci_flush_cache
 .text.xhci_malloc
                0x00000000001175fc       0x7c drivers/built-in.o
 .text.xhci_segment_alloc
                0x0000000000117678       0x64 drivers/built-in.o
 .text.xhci_alloc_container_ctx.isra.5
                0x00000000001176dc       0xc8 drivers/built-in.o
 .text.xhci_inval_cache
                0x00000000001177a4       0x54 drivers/built-in.o
                0x00000000001177a4                xhci_inval_cache
 .text.xhci_cleanup
                0x00000000001177f8      0x110 drivers/built-in.o
                0x00000000001177f8                xhci_cleanup
 .text.xhci_ring_alloc
                0x0000000000117908      0x140 drivers/built-in.o
                0x0000000000117908                xhci_ring_alloc
 .text.xhci_alloc_virt_device
                0x0000000000117a48      0x100 drivers/built-in.o
                0x0000000000117a48                xhci_alloc_virt_device
 .text.xhci_mem_init
                0x0000000000117b48      0x2c8 drivers/built-in.o
                0x0000000000117b48                xhci_mem_init
 .text.xhci_get_input_control_ctx
                0x0000000000117e10       0x48 drivers/built-in.o
                0x0000000000117e10                xhci_get_input_control_ctx
 .text.xhci_get_slot_ctx
                0x0000000000117e58       0x38 drivers/built-in.o
                0x0000000000117e58                xhci_get_slot_ctx
 .text.xhci_get_ep_ctx
                0x0000000000117e90       0x3c drivers/built-in.o
                0x0000000000117e90                xhci_get_ep_ctx
 .text.xhci_endpoint_copy
                0x0000000000117ecc       0x5c drivers/built-in.o
                0x0000000000117ecc                xhci_endpoint_copy
 .text.xhci_slot_copy
                0x0000000000117f28       0x4c drivers/built-in.o
                0x0000000000117f28                xhci_slot_copy
 .text.xhci_setup_addressable_virt_dev
                0x0000000000117f74      0x2a0 drivers/built-in.o
                0x0000000000117f74                xhci_setup_addressable_virt_dev
 .text.giveback_first_trb
                0x0000000000118214       0x84 drivers/built-in.o
 .text.record_transfer_result
                0x0000000000118298       0xa4 drivers/built-in.o
 .text.queue_trb
                0x000000000011833c      0x168 drivers/built-in.o
 .text.prepare_ring
                0x00000000001184a4      0x150 drivers/built-in.o
 .text.xhci_queue_command
                0x00000000001185f4       0xc8 drivers/built-in.o
                0x00000000001185f4                xhci_queue_command
 .text.xhci_acknowledge_event
                0x00000000001186bc       0xc0 drivers/built-in.o
                0x00000000001186bc                xhci_acknowledge_event
 .text.xhci_wait_for_event
                0x000000000011877c      0x12c drivers/built-in.o
                0x000000000011877c                xhci_wait_for_event
 .text.abort_td
                0x00000000001188a8      0x16c drivers/built-in.o
 .text.xhci_bulk_tx
                0x0000000000118a14      0x338 drivers/built-in.o
                0x0000000000118a14                xhci_bulk_tx
 .text.xhci_ctrl_tx
                0x0000000000118d4c      0x344 drivers/built-in.o
                0x0000000000118d4c                xhci_ctrl_tx
 .text.imx8_xhci_init
                0x0000000000119090      0x534 drivers/built-in.o
                0x0000000000119090                imx8_xhci_init
 .text.xhci_imx8_probe
                0x00000000001195c4      0x124 drivers/built-in.o
 .text.imx8_xhci_reset
                0x00000000001196e8       0x14 drivers/built-in.o
                0x00000000001196e8                imx8_xhci_reset
 .text.xhci_imx8_remove
                0x00000000001196fc       0x3c drivers/built-in.o
 .text.blk_post_probe
                0x0000000000119738       0x1c drivers/built-in.o
 .text.blk_select_hwpart
                0x0000000000119754       0x28 drivers/built-in.o
                0x0000000000119754                blk_select_hwpart
 .text.blk_dselect_hwpart
                0x000000000011977c        0x8 drivers/built-in.o
                0x000000000011977c                blk_dselect_hwpart
 .text.blk_find_device
                0x0000000000119784       0xa0 drivers/built-in.o
                0x0000000000119784                blk_find_device
 .text.blk_dread
                0x0000000000119824       0x20 drivers/built-in.o
                0x0000000000119824                blk_dread
 .text.blk_find_max_devnum
                0x0000000000119844       0x90 drivers/built-in.o
                0x0000000000119844                blk_find_max_devnum
 .text.blk_next_free_devnum
                0x00000000001198d4       0x2c drivers/built-in.o
                0x00000000001198d4                blk_next_free_devnum
 .text.blk_create_device
                0x0000000000119900      0x158 drivers/built-in.o
                0x0000000000119900                blk_create_device
 .text.blk_create_devicef
                0x0000000000119a58       0xc4 drivers/built-in.o
                0x0000000000119a58                blk_create_devicef
 .text.cdns3_usb_phy_init
                0x0000000000119b1c      0x304 drivers/usb/cdns3/built-in.o
 .text.cdns3_init
                0x0000000000119e20      0x388 drivers/usb/cdns3/built-in.o
                0x0000000000119e20                cdns3_init
 .text.cdns3_exit
                0x000000000011a1a8       0x68 drivers/usb/cdns3/built-in.o
                0x000000000011a1a8                cdns3_exit
 .text.cdns_ep_stall_flush
                0x000000000011a210       0x30 drivers/usb/cdns3/built-in.o
 .text.cdns_get_setup_ret
                0x000000000011a240       0x38 drivers/usb/cdns3/built-in.o
 .text.usb_ss_gadget_ep0_enable
                0x000000000011a278        0x8 drivers/usb/cdns3/built-in.o
 .text.usb_ss_gadget_ep0_disable
                0x000000000011a280        0x8 drivers/usb/cdns3/built-in.o
 .text.usb_ss_gadget_ep0_set_halt
                0x000000000011a288        0x8 drivers/usb/cdns3/built-in.o
 .text.usb_ss_gadget_get_frame
                0x000000000011a290       0x10 drivers/usb/cdns3/built-in.o
 .text.usb_ss_gadget_wakeup
                0x000000000011a2a0        0x8 drivers/usb/cdns3/built-in.o
 .text.usb_ss_gadget_ep_free_request
                0x000000000011a2a8        0x8 drivers/usb/cdns3/built-in.o
 .text.select_ep
                0x000000000011a2b0       0x24 drivers/usb/cdns3/built-in.o
 .text.cdns_ep_config
                0x000000000011a2d4      0x12c drivers/usb/cdns3/built-in.o
 .text.usb_ss_gadget_ep_set_halt
                0x000000000011a400       0xa8 drivers/usb/cdns3/built-in.o
 .text.usb_ss_gadget_ep_set_wedge
                0x000000000011a4a8       0x30 drivers/usb/cdns3/built-in.o
 .text.cdns_ep0_run_transfer
                0x000000000011a4d8       0xbc drivers/usb/cdns3/built-in.o
 .text.cdns_prepare_setup_packet
                0x000000000011a594       0x14 drivers/usb/cdns3/built-in.o
 .text.cdns_ep0_config
                0x000000000011a5a8       0xfc drivers/usb/cdns3/built-in.o
 .text.__cdns3_gadget_start
                0x000000000011a6a4       0x9c drivers/usb/cdns3/built-in.o
 .text.cdns3_gadget_start
                0x000000000011a740       0x44 drivers/usb/cdns3/built-in.o
 .text.usb_ss_gadget_ep_dequeue
                0x000000000011a784       0xb0 drivers/usb/cdns3/built-in.o
 .text.usb_ss_gadget_ep_alloc_request
                0x000000000011a834        0xc drivers/usb/cdns3/built-in.o
 .text.usb_ss_gadget_match_ep
                0x000000000011a840       0x68 drivers/usb/cdns3/built-in.o
 .text.usb_ss_gadget_ep_enable
                0x000000000011a8a8      0x110 drivers/usb/cdns3/built-in.o
 .text.usb_ss_gadget_pullup
                0x000000000011a9b8       0x30 drivers/usb/cdns3/built-in.o
 .text.cdns3_gadget_stop
                0x000000000011a9e8       0x7c drivers/usb/cdns3/built-in.o
 .text.usb_ss_gadget_udc_stop
                0x000000000011aa64       0xfc drivers/usb/cdns3/built-in.o
 .text.usb_ss_gadget_udc_start
                0x000000000011ab60       0x48 drivers/usb/cdns3/built-in.o
 .text.usb_ss_gadget_set_selfpowered
                0x000000000011aba8        0x8 drivers/usb/cdns3/built-in.o
 .text.usb_ss_gadget_ep_disable
                0x000000000011abb0       0xd4 drivers/usb/cdns3/built-in.o
 .text.cdns_ep_run_transfer
                0x000000000011ac84       0xe4 drivers/usb/cdns3/built-in.o
 .text.cdns_req_ep0_handle_feature
                0x000000000011ad68      0x2c0 drivers/usb/cdns3/built-in.o
 .text.usb_ss_gadget_ep0_queue
                0x000000000011b028      0x148 drivers/usb/cdns3/built-in.o
 .text.usb_ss_gadget_ep_queue
                0x000000000011b170       0x8c drivers/usb/cdns3/built-in.o
 .text.cdns_check_ep0_interrupt_proceed
                0x000000000011b1fc      0x598 drivers/usb/cdns3/built-in.o
 .text.cdns_irq_handler_thread
                0x000000000011b794      0x3d0 drivers/usb/cdns3/built-in.o
 .text.cdns3_gadget_remove
                0x000000000011bb64       0x48 drivers/usb/cdns3/built-in.o
                0x000000000011bb64                cdns3_gadget_remove
 .text.cdns3_gadget_init
                0x000000000011bbac      0x358 drivers/usb/cdns3/built-in.o
                0x000000000011bbac                cdns3_gadget_init
 .text.cdns3_generic_handle_interrupts
                0x000000000011bf04       0x34 drivers/usb/cdns3/built-in.o
 .text.cdns3_generic_peripheral_ofdata_to_platdata
                0x000000000011bf38       0x78 drivers/usb/cdns3/built-in.o
 .text.cdns3_generic_peripheral_probe
                0x000000000011bfb0      0x114 drivers/usb/cdns3/built-in.o
 .text.cdns3_generic_peripheral_remove
                0x000000000011c0c4       0xbc drivers/usb/cdns3/built-in.o

.iplt           0x000000000011c180        0x0
 .iplt          0x000000000011c180        0x0 arch/arm/cpu/armv8/start.o

.rodata         0x000000000011c180     0x566b
                0x000000000011c180                . = ALIGN (0x8)
 *(SORT_BY_ALIGNMENT(SORT_BY_NAME(.rodata*)))
 .rodata.CSWTCH.31
                0x000000000011c180       0x18 drivers/built-in.o
 .rodata.CSWTCH.90
                0x000000000011c198       0x18 drivers/built-in.o
 .rodata.cdns3_generic_peripheral_ids
                0x000000000011c1b0       0x20 drivers/usb/cdns3/built-in.o
 .rodata.ci_ep_init
                0x000000000011c1d0      0x140 drivers/built-in.o
 .rodata.ci_udc_otg_ids
                0x000000000011c310       0x20 drivers/built-in.o
 .rodata.clk_fixed_factor_match
                0x000000000011c330       0x20 drivers/built-in.o
 .rodata.clk_fixed_factor_ops
                0x000000000011c350       0x40 drivers/built-in.o
                0x000000000011c350                clk_fixed_factor_ops
 .rodata.clk_fixed_rate_match
                0x000000000011c390       0x20 drivers/built-in.o
 .rodata.clk_fixed_rate_ops
                0x000000000011c3b0       0x40 drivers/built-in.o
                0x000000000011c3b0                clk_fixed_rate_ops
 .rodata.fixed_regulator_ids
                0x000000000011c3f0       0x20 drivers/built-in.o
 .rodata.fixed_regulator_ops
                0x000000000011c410       0x40 drivers/built-in.o
 .rodata.fsl_esdhc_ids
                0x000000000011c450       0xc0 drivers/built-in.o
 .rodata.fsl_esdhc_ops
                0x000000000011c510       0x28 drivers/built-in.o
 .rodata.generic_simple_bus_ids
                0x000000000011c538       0x30 drivers/built-in.o
 .rodata.gpio_mxc_ops
                0x000000000011c568       0x50 drivers/built-in.o
 .rodata.hub_id_table
                0x000000000011c5b8       0x40 common/built-in.o
 .rodata.imx8_clk_ids
                0x000000000011c5f8       0x20 drivers/built-in.o
 .rodata.imx8_pinctrl_match
                0x000000000011c618       0x30 drivers/built-in.o
 .rodata.imx8_power_domain_ids
                0x000000000011c648       0x20 drivers/built-in.o
 .rodata.imx8_scu_ids
                0x000000000011c668       0x30 drivers/built-in.o
 .rodata.imx_pinctrl_ops
                0x000000000011c698       0x90 drivers/built-in.o
                0x000000000011c698                imx_pinctrl_ops
 .rodata.lpuart_serial_ids
                0x000000000011c728       0x50 drivers/built-in.o
 .rodata.lpuart_serial_ops
                0x000000000011c778       0x48 drivers/built-in.o
 .rodata.mmc_blk_ops
                0x000000000011c7c0       0x20 drivers/built-in.o
 .rodata.mx6_ehci_ops
                0x000000000011c7e0       0x28 drivers/built-in.o
 .rodata.mx6_usb_ids
                0x000000000011c808       0x20 drivers/built-in.o
 .rodata.mxc_gpio_ids
                0x000000000011c828       0x20 drivers/built-in.o
 .rodata.root_info
                0x000000000011c848       0x10 drivers/built-in.o
 .rodata.usb_dr_modes
                0x000000000011c858       0x20 drivers/built-in.o
 .rodata.usb_hub_ids
                0x000000000011c878       0x20 common/built-in.o
 .rodata.usb_ss_gadget_ep0_ops
                0x000000000011c898       0x50 drivers/usb/cdns3/built-in.o
 .rodata.usb_ss_gadget_ep_ops
                0x000000000011c8e8       0x50 drivers/usb/cdns3/built-in.o
 .rodata.usb_ss_gadget_ops
                0x000000000011c938       0x58 drivers/usb/cdns3/built-in.o
 .rodata.xhci_usb_ids
                0x000000000011c990       0x20 drivers/built-in.o
 .rodata        0x000000000011c9b0       0x14 common/spl/built-in.o
 .rodata.CSWTCH.29
                0x000000000011c9c4       0x14 drivers/built-in.o
 .rodata.cdns_ep0_config
                0x000000000011c9d8        0x6 drivers/usb/cdns3/built-in.o
 *fill*         0x000000000011c9de        0x2 
 .rodata.cdns_ep_config
                0x000000000011c9e0        0x5 drivers/usb/cdns3/built-in.o
 *fill*         0x000000000011c9e5        0x3 
 .rodata.cdns_irq_handler_thread
                0x000000000011c9e8       0x13 drivers/usb/cdns3/built-in.o
 *fill*         0x000000000011c9fb        0x1 
 .rodata.composite_setup
                0x000000000011c9fc       0x38 drivers/built-in.o
 .rodata.env_flags_validate
                0x000000000011ca34        0x6 env/built-in.o
 *fill*         0x000000000011ca3a        0x2 
 .rodata.env_flags_varaccess_mask
                0x000000000011ca3c       0x10 env/built-in.o
 .rodata.ext_csd_bus_width
                0x000000000011ca4c       0x3c drivers/built-in.o
 .rodata.fbase  0x000000000011ca88       0x10 drivers/built-in.o
 .rodata.fdt_next_tag
                0x000000000011ca98        0x9 lib/built-in.o
 *fill*         0x000000000011caa1        0x3 
 .rodata.freqs.7422
                0x000000000011caa4       0x38 drivers/built-in.o
 .rodata.match  0x000000000011cadc       0x22 lib/built-in.o
 *fill*         0x000000000011cafe        0x2 
 .rodata.mmc_init
                0x000000000011cb00        0x8 drivers/built-in.o
 .rodata.mmc_modes_by_pref
                0x000000000011cb08       0x20 drivers/built-in.o
 .rodata.mmc_set_capacity
                0x000000000011cb28        0x8 drivers/built-in.o
 .rodata.mmc_set_card_speed.constprop.12
                0x000000000011cb30        0x6 drivers/built-in.o
 *fill*         0x000000000011cb36        0x2 
 .rodata.mmc_versions.7715
                0x000000000011cb38       0x24 drivers/built-in.o
 .rodata.prepare_ring
                0x000000000011cb5c        0x5 drivers/built-in.o
 *fill*         0x000000000011cb61        0x3 
 .rodata.record_transfer_result
                0x000000000011cb64        0xd drivers/built-in.o
 *fill*         0x000000000011cb71        0x3 
 .rodata.sd_modes_by_pref
                0x000000000011cb74       0x10 drivers/built-in.o
 .rodata.sdp_handle
                0x000000000011cb84        0x7 drivers/built-in.o
 *fill*         0x000000000011cb8b        0x1 
 .rodata.spl_boot_mode
                0x000000000011cb8c        0x7 arch/arm/mach-imx/built-in.o
 *fill*         0x000000000011cb93        0x1 
 .rodata.xhci_setup_addressable_virt_dev
                0x000000000011cb94        0xd drivers/built-in.o
 *fill*         0x000000000011cba1        0x3 
 .rodata.xhci_submit_control_msg
                0x000000000011cba4       0x16 drivers/built-in.o
 .rodata        0x000000000011cbba       0x79 drivers/built-in.o
 .rodata.CSWTCH.12
                0x000000000011cc33        0xb drivers/built-in.o
 .rodata.CSWTCH.2
                0x000000000011cc3e        0xd arch/arm/mach-imx/built-in.o
 .rodata.CSWTCH.32
                0x000000000011cc4b        0x3 drivers/built-in.o
 .rodata.CSWTCH.91