fsl_qspi.c:1309:12:fsl_qspi_set_speed	0	static
fsl_qspi.c:1315:12:fsl_qspi_set_mode	0	static
fsl_qspi.c:1067:12:fsl_qspi_child_pre_probe	8	static
fsl_qspi.c:1200:12:fsl_qspi_ofdata_to_platdata	48	static
fsl_qspi.c:150:12:qspi_read32	0	static
fsl_qspi.c:156:13:qspi_write32	0	static
fsl_qspi.c:821:5:qspi_xfer	56	static
fsl_qspi.c:1255:12:fsl_qspi_xfer	24	static
fsl_qspi.c:896:6:qspi_module_disable	16	static
fsl_qspi.c:1296:12:fsl_qspi_release_bus	8	static
fsl_qspi.c:1267:12:fsl_qspi_claim_bus	24	static
fsl_qspi.c:908:6:qspi_cfg_smpr	16	static
fsl_qspi.c:1076:12:fsl_qspi_probe	24	static
