scu_api.c:19:5:sc_pm_set_clock_rate	80	static
scu_api.c:45:5:sc_pm_get_clock_rate	80	static
scu_api.c:73:5:sc_pm_clock_enable	96	static
scu_api.c:98:5:sc_pm_set_clock_parent	80	static
scu_api.c:123:5:sc_pm_set_resource_power_mode	80	static
scu_api.c:149:11:sc_pm_is_partition_started	96	static
scu_api.c:177:5:sc_pad_set	80	static
scu_api.c:203:5:sc_misc_set_control	80	static
scu_api.c:230:5:sc_misc_get_control	80	static
scu_api.c:259:6:sc_misc_get_boot_dev	64	static
scu_api.c:282:6:sc_misc_boot_status	64	static
scu_api.c:304:6:sc_misc_build_info	64	static
scu_api.c:331:5:sc_misc_otp_fuse_read	64	static
scu_api.c:357:5:sc_misc_get_temp	64	static
scu_api.c:389:11:sc_rm_is_memreg_owned	96	static
scu_api.c:419:5:sc_rm_find_memreg	80	static
scu_api.c:451:5:sc_rm_set_memreg_permissions	80	static
scu_api.c:479:5:sc_rm_get_memreg_info	80	static
scu_api.c:511:11:sc_rm_is_resource_owned	80	static
scu_api.c:541:5:sc_rm_set_master_sid	80	static
scu_api.c:564:5:sc_rm_partition_alloc	112	static
scu_api.c:596:5:sc_rm_partition_free	64	static
scu_api.c:617:5:sc_rm_get_partition	64	static
scu_api.c:642:5:sc_rm_set_parent	80	static
scu_api.c:665:5:sc_rm_assign_resource	80	static
scu_api.c:688:5:sc_rm_assign_pad	80	static
scu_api.c:710:11:sc_rm_is_pad_owned	96	static
scu_api.c:738:5:sc_rm_get_resource_owner	64	static
scu_api.c:761:5:sc_pm_cpu_start	80	static
scu_api.c:786:5:sc_pm_get_resource_power_mode	80	static
scu_api.c:813:5:sc_seco_authenticate	64	static
scu_api.c:836:5:sc_seco_forward_lifecycle	64	static
scu_api.c:856:5:sc_seco_chip_info	96	static
scu_api.c:896:6:sc_seco_build_info	64	static
scu_api.c:923:5:sc_seco_get_event	80	static
scu_api.c:949:5:sc_seco_gen_key_blob	80	static
