spi-nor-core.c:153:12:read_sr	32	static
spi-nor-core.c:221:12:write_enable	0	static
spi-nor-core.c:229:12:write_disable	0	static
spi-nor-core.c:616:13:stm_get_locked_range	0	static
spi-nor-core.c:907:12:spi_nor_read	64	static
spi-nor-core.c:111:16:spi_nor_write_data	112	static
spi-nor-core.c:73:16:spi_nor_read_data	112	static
spi-nor-core.c:422:12:spi_nor_wait_till_ready_with_timeout.constprop	64	static
spi-nor-core.c:47:12:spi_nor_read_reg	112	static
spi-nor-core.c:63:12:spi_nor_write_reg	112	static
spi-nor-core.c:549:12:spi_nor_erase	80	static
spi-nor-core.c:1058:12:spi_nor_write	80	static
spi-nor-core.c:870:12:stm_is_locked	64	static
spi-nor-core.c:596:12:write_sr_and_check.constprop	32	static
spi-nor-core.c:661:12:stm_is_locked_sr	32	static
spi-nor-core.c:705:12:stm_lock	48	static
spi-nor-core.c:667:12:stm_is_unlocked_sr	32	static
spi-nor-core.c:785:12:stm_unlock	48	static
spi-nor-core.c:2251:5:spi_nor_scan	464	static
spi-nor-core.c:2406:5:spi_flash_cmd_get_sw_write_prot	16	static
