serial-uclass.c:173:13:_serial_putc	48	static
serial-uclass.c:201:12:__serial_getc	32	static
serial-uclass.c:215:12:__serial_tstc	0	static
serial-uclass.c:351:13:serial_stub_putc	0	static
serial-uclass.c:362:12:serial_stub_getc	0	static
serial-uclass.c:367:12:serial_stub_tstc	0	static
serial-uclass.c:496:12:serial_pre_remove	0	static
serial-uclass.c:435:12:serial_post_probe	160	static
serial-uclass.c:186:13:_serial_puts	48	static
serial-uclass.c:357:13:serial_stub_puts	0	static
serial-uclass.c:157:5:serial_init	64	static
serial-uclass.c:168:6:serial_initialize	0	static
serial-uclass.c:266:6:serial_putc	0	static
serial-uclass.c:272:6:serial_puts	0	static
serial-uclass.c:278:5:serial_getc	0	static
serial-uclass.c:286:5:serial_tstc	0	static
serial-uclass.c:294:6:serial_setbrg	0	static
serial-uclass.c:378:12:on_baudrate	48	static
serial-uclass.c:306:5:serial_getconfig	0	static
serial-uclass.c:317:5:serial_setconfig	0	static
serial-uclass.c:328:5:serial_getinfo	0	static
serial-uclass.c:344:6:serial_stdio_init	0	static
