efi_device_path.c:321:17:dp_size	0	static
efi_device_path.c:59:14:dp_alloc	16	static
efi_device_path.c:522:17:dp_part_size	24	static
efi_device_path.c:557:14:dp_part_node	144	static
efi_device_path.c:378:14:dp_fill	16	static
efi_device_path.c:622:14:dp_part_fill	24	static
efi_device_path.c:76:25:efi_dp_next	0	static
efi_device_path.c:94:5:efi_dp_match	16	static
efi_device_path.c:218:31:efi_dp_last_node	8	static
efi_device_path.c:232:10:efi_dp_size	8	static
efi_device_path.c:147:27:find_obj	40	static
efi_device_path.c:192:20:efi_dp_find_obj	16	static
efi_device_path.c:244:25:efi_dp_dup	16	static
efi_device_path.c:260:25:efi_dp_append	32	static
efi_device_path.c:285:25:efi_dp_append_node	24	static
efi_device_path.c:508:25:efi_dp_from_dev	16	static
efi_device_path.c:662:25:efi_dp_from_part	16	static
efi_device_path.c:684:25:efi_dp_part_node	16	static
efi_device_path.c:716:25:efi_dp_from_file	24	static
efi_device_path.c:750:25:efi_dp_from_eth	16	static
efi_device_path.c:790:25:efi_dp_from_mem	32	static
efi_device_path.c:819:14:efi_dp_split_file_path	24	static
