efi_boottime.c:120:20:indent_string	16	static
efi_boottime.c:69:5:__efi_entry_check	0	static
efi_boottime.c:81:5:__efi_exit_check	0	static
efi_boottime.c:2335:20:efi_set_mem	16	static
efi_boottime.c:2316:20:efi_copy_mem	16	static
efi_boottime.c:2296:28:efi_calculate_crc32	16	static
efi_boottime.c:1825:28:efi_set_watchdog_timer	8	static
efi_boottime.c:1805:28:efi_stall	8	static
efi_boottime.c:1787:28:efi_get_next_monotonic_count	16	static
efi_boottime.c:1570:28:efi_start_image	24	static
efi_boottime.c:1172:28:efi_register_protocol_notify	8	static
efi_boottime.c:990:28:efi_reinstall_protocol_interface	8	static
efi_boottime.c:795:28:efi_close_event	16	static
efi_boottime.c:327:28:efi_free_pool_ext	8	static
efi_boottime.c:306:28:efi_allocate_pool_ext	16	static
efi_boottime.c:278:28:efi_get_memory_map_ext	32	static
efi_boottime.c:253:28:efi_free_pages_ext	16	static
efi_boottime.c:231:28:efi_allocate_pages_ext	24	static
efi_boottime.c:205:20:efi_restore_tpl	8	static
efi_boottime.c:180:29:efi_raise_tpl	16	static
efi_boottime.c:91:6:efi_save_gd	0	static
efi_boottime.c:103:6:efi_restore_gd	0	static
efi_boottime.c:1637:28:efi_exit	16	static
efi_boottime.c:128:13:__efi_nesting	0	static
efi_boottime.c:133:13:__efi_nesting_inc	0	static
efi_boottime.c:138:13:__efi_nesting_dec	0	static
efi_boottime.c:157:6:efi_signal_event	8	static
efi_boottime.c:1724:28:efi_exit_boot_services	24	static
efi_boottime.c:767:28:efi_signal_event_ext	8	static
efi_boottime.c:344:6:efi_add_handle	0	static
efi_boottime.c:359:14:efi_create_handle	24	static
efi_boottime.c:493:14:efi_create_event	24	static
efi_boottime.c:544:21:efi_create_event_ex	32	static
efi_boottime.c:574:28:efi_create_event_ext	32	static
efi_boottime.c:595:6:efi_timer_check	40	static
efi_boottime.c:824:28:efi_check_event	8	static
efi_boottime.c:705:28:efi_wait_for_event	24	static
efi_boottime.c:636:14:efi_set_timer	32	static
efi_boottime.c:685:28:efi_set_timer_ext	24	static
efi_boottime.c:850:20:efi_search_obj	0	static
efi_boottime.c:382:14:efi_search_protocol	24	static
efi_boottime.c:415:14:efi_remove_protocol	16	static
efi_boottime.c:2065:28:efi_locate_protocol	32	static
efi_boottime.c:1192:12:efi_search.isra.8	8	static
efi_boottime.c:1226:21:efi_locate_handle	32	static
efi_boottime.c:2020:28:efi_locate_handle_buffer	48	static
efi_boottime.c:1297:28:efi_locate_handle_ext	32	static
efi_boottime.c:1895:28:efi_open_protocol_information	32	static
efi_boottime.c:1848:28:efi_close_protocol	32	static
efi_boottime.c:2106:28:efi_locate_device_path	64	static
efi_boottime.c:438:14:efi_remove_all_protocols	16	static
efi_boottime.c:463:6:efi_delete_handle	8	static
efi_boottime.c:1957:28:efi_protocols_per_handle	24	static
efi_boottime.c:2452:28:efi_open_protocol	48	static
efi_boottime.c:2758:28:efi_disconnect_controller	56	static
efi_boottime.c:1075:21:efi_disconnect_all_drivers	32	static
efi_boottime.c:2524:21:efi_bind_controller	40	static
efi_boottime.c:2516:28:efi_handle_protocol	16	static
efi_boottime.c:2633:28:efi_connect_controller	56	static
efi_boottime.c:1682:28:efi_unload_image	8	static
efi_boottime.c:1114:28:efi_uninstall_protocol_interface	32	static
efi_boottime.c:904:14:efi_add_protocol	24	static
efi_boottime.c:944:28:efi_install_protocol_interface	24	static
efi_boottime.c:2239:28:efi_uninstall_multiple_protocol_interfaces	32	static
efi_boottime.c:2182:28:efi_install_multiple_protocol_interfaces	32	static
efi_boottime.c:1330:14:efi_install_configuration_table	40	static
efi_boottime.c:1371:28:efi_install_configuration_table_ext	16	static
efi_boottime.c:1389:14:efi_setup_loaded_image	24	static
efi_boottime.c:1447:14:efi_load_image_from_path	32	static
efi_boottime.c:1504:28:efi_load_image	40	static
