net.c:357:13:net_clear_handlers	0	static
net.c:679:13:start_again_timeout_handler	0	static
net.c:743:13:dummy_handler	0	static
net.c:215:12:on_ipaddr	16	static
net.c:227:12:on_gatewayip	16	static
net.c:239:12:on_netmask	16	static
net.c:251:12:on_serverip	16	static
net.c:349:13:net_init_loop.part.0	16	static
net.c:369:6:net_init	32	static
net.c:684:5:net_start_again	32	static
net.c:749:11:net_get_udp_handler	0	static
net.c:754:6:net_set_udp_handler	0	static
net.c:763:11:net_get_arp_handler	0	static
net.c:768:6:net_set_arp_handler	0	static
net.c:784:6:net_set_timeout_handler	32	static
net.c:799:8:net_get_async_tx_pkt_buf	16	static
net.c:1072:6:net_process_received_packet	64	static
net.c:1415:1:net_eth_hdr_size	0	static
net.c:1427:5:net_set_ether	48	static
net.c:1452:5:net_update_ether	32	static
net.c:1475:6:net_set_ip_header	48	static
net.c:1500:6:net_set_udp_header	48	static
net.c:814:5:net_send_ip_packet	96	static
net.c:807:5:net_send_udp_packet	32	static
net.c:1522:6:copy_filename	0	static
net.c:1534:5:is_serverip_in_cmd	16	static
net.c:1327:12:net_check_prereq	16	static
net.c:305:6:net_auto_load	32	static
net.c:400:5:net_loop	112	static
net.c:1539:5:net_parse_bootfile	64	static
net.c:1567:14:random_port	16	static
net.c:1573:6:ip_to_string	0	static
net.c:1584:6:vlan_to_string	0	static
net.c:1597:8:string_to_vlan	16	static
net.c:263:12:on_nvlan	16	static
net.c:275:12:on_vlan	16	static
net.c:1612:8:env_get_vlan	16	static
